Archive member included because of file (symbol)

c:/devkitPro/libogc/lib/wii\libdi.a(di.o)
                              main.o (DI_Init)
c:/devkitPro/libogc/lib/wii\libwiiuse.a(wpad.o)
                              main.o (WPAD_Init)
c:/devkitPro/libogc/lib/wii\libwiiuse.a(motion_plus.o)
                              c:/devkitPro/libogc/lib/wii\libwiiuse.a(wpad.o) (wiiuse_set_motion_plus)
c:/devkitPro/libogc/lib/wii\libwiiuse.a(dynamics.o)
                              c:/devkitPro/libogc/lib/wii\libwiiuse.a(wpad.o) (calculate_gforce)
c:/devkitPro/libogc/lib/wii\libwiiuse.a(io.o)
                              c:/devkitPro/libogc/lib/wii\libwiiuse.a(motion_plus.o) (wiiuse_disable_expansion)
c:/devkitPro/libogc/lib/wii\libwiiuse.a(io_wii.o)
                              c:/devkitPro/libogc/lib/wii\libwiiuse.a(wpad.o) (__wiiuse_sensorbar_enable)
c:/devkitPro/libogc/lib/wii\libwiiuse.a(ir.o)
                              c:/devkitPro/libogc/lib/wii\libwiiuse.a(motion_plus.o) (wiiuse_set_ir_mode)
c:/devkitPro/libogc/lib/wii\libwiiuse.a(nunchuk.o)
                              c:/devkitPro/libogc/lib/wii\libwiiuse.a(io.o) (nunchuk_handshake)
c:/devkitPro/libogc/lib/wii\libwiiuse.a(wiiboard.o)
                              c:/devkitPro/libogc/lib/wii\libwiiuse.a(io.o) (wii_board_handshake)
c:/devkitPro/libogc/lib/wii\libwiiuse.a(wiiuse.o)
                              c:/devkitPro/libogc/lib/wii\libwiiuse.a(wpad.o) (wiiuse_init)
c:/devkitPro/libogc/lib/wii\libwiiuse.a(speaker.o)
                              c:/devkitPro/libogc/lib/wii\libwiiuse.a(wpad.o) (wencdata)
c:/devkitPro/libogc/lib/wii\libwiiuse.a(classic.o)
                              c:/devkitPro/libogc/lib/wii\libwiiuse.a(io.o) (classic_ctrl_handshake)
c:/devkitPro/libogc/lib/wii\libwiiuse.a(events.o)
                              c:/devkitPro/libogc/lib/wii\libwiiuse.a(io_wii.o) (parse_event)
c:/devkitPro/libogc/lib/wii\libwiiuse.a(guitar_hero_3.o)
                              c:/devkitPro/libogc/lib/wii\libwiiuse.a(io.o) (guitar_hero_3_handshake)
c:/devkitPro/libogc/lib/wii\libbte.a(bte.o)
                              c:/devkitPro/libogc/lib/wii\libwiiuse.a(wpad.o) (BTE_Init)
c:/devkitPro/libogc/lib/wii\libbte.a(hci.o)
                              c:/devkitPro/libogc/lib/wii\libbte.a(bte.o) (hci_init)
c:/devkitPro/libogc/lib/wii\libbte.a(l2cap.o)
                              c:/devkitPro/libogc/lib/wii\libbte.a(bte.o) (l2cap_init)
c:/devkitPro/libogc/lib/wii\libbte.a(btmemb.o)
                              c:/devkitPro/libogc/lib/wii\libbte.a(bte.o) (btmemb_init)
c:/devkitPro/libogc/lib/wii\libbte.a(btmemr.o)
                              c:/devkitPro/libogc/lib/wii\libbte.a(hci.o) (btmemr_init)
c:/devkitPro/libogc/lib/wii\libbte.a(btpbuf.o)
                              c:/devkitPro/libogc/lib/wii\libbte.a(hci.o) (btpbuf_init)
c:/devkitPro/libogc/lib/wii\libbte.a(physbusif.o)
                              c:/devkitPro/libogc/lib/wii\libbte.a(bte.o) (physbusif_init)
c:/devkitPro/libogc/lib/wii\libfat.a(libfat.o)
                              main.o (fatMountSimple)
c:/devkitPro/libogc/lib/wii\libfat.a(partition.o)
                              c:/devkitPro/libogc/lib/wii\libfat.a(libfat.o) (_FAT_partition_constructor)
c:/devkitPro/libogc/lib/wii\libfat.a(cache.o)
                              c:/devkitPro/libogc/lib/wii\libfat.a(partition.o) (_FAT_cache_constructor)
c:/devkitPro/libogc/lib/wii\libfat.a(directory.o)
                              c:/devkitPro/libogc/lib/wii\libfat.a(libfat.o) (_FAT_directory_getVolumeLabel)
c:/devkitPro/libogc/lib/wii\libfat.a(disc.o)
                              c:/devkitPro/libogc/lib/wii\libfat.a(libfat.o) (_FAT_disc_interfaces)
c:/devkitPro/libogc/lib/wii\libfat.a(fatdir.o)
                              c:/devkitPro/libogc/lib/wii\libfat.a(libfat.o) (_FAT_stat_r)
c:/devkitPro/libogc/lib/wii\libfat.a(fatfile.o)
                              c:/devkitPro/libogc/lib/wii\libfat.a(libfat.o) (_FAT_open_r)
c:/devkitPro/libogc/lib/wii\libfat.a(file_allocation_table.o)
                              c:/devkitPro/libogc/lib/wii\libfat.a(directory.o) (_FAT_fat_nextCluster)
c:/devkitPro/libogc/lib/wii\libfat.a(filetime.o)
                              c:/devkitPro/libogc/lib/wii\libfat.a(fatdir.o) (_FAT_filetime_getTimeFromRTC)
c:/devkitPro/libogc/lib/wii\libogc.a(console.o)
                              main.o (CON_Init)
c:/devkitPro/libogc/lib/wii\libogc.a(lwp_queue.o)
                              c:/devkitPro/libogc/lib/wii\libwiiuse.a(io_wii.o) (__lwp_queue_initialize)
c:/devkitPro/libogc/lib/wii\libogc.a(lwp_threads.o)
                              c:/devkitPro/libogc/lib/wii\libwiiuse.a(wpad.o) (_thread_dispatch_disable_level)
c:/devkitPro/libogc/lib/wii\libogc.a(lwp.o)
                              c:/devkitPro/libogc/lib/wii\libbte.a(bte.o) (LWP_InitQueue)
c:/devkitPro/libogc/lib/wii\libogc.a(lwp_handler.o)
                              c:/devkitPro/libogc/lib/wii\libogc.a(lwp_threads.o) (_cpu_context_save_fp)
[...]
Memory Configuration

Name             Origin             Length             Attributes
*default*        0x00000000         0xffffffff

Linker script and memory map

                0x00003400                . = 0x3400

.stub
 *(.stub)
                0x80004000                . = 0x80004000

.init           0x80004000      0x194
 *crt0.o(*.init)
 .init          0x80004000      0x170 c:/devkitPro/libogc/lib/wii\libogc.a(ogc_crt0.o)
                0x80004000                _start
                0x80004140                _memset
 *(.init)
 .init          0x80004170        0xc c:/devkitpro/devkitppc/bin/../lib/gcc/powerpc-eabi/4.6.3/ecrti.o
                0x80004170                __init
 .init          0x8000417c        0x4 c:/devkitpro/devkitppc/bin/../lib/gcc/powerpc-eabi/4.6.3/crtbegin.o
 .init          0x80004180        0x4 c:/devkitpro/devkitppc/bin/../lib/gcc/powerpc-eabi/4.6.3/crtend.o
 .init          0x80004184       0x10 c:/devkitpro/devkitppc/bin/../lib/gcc/powerpc-eabi/4.6.3/ecrtn.o

.rela.dyn       0x80004194        0x0
 .rela.iplt     0x00000000        0x0 c:/devkitpro/devkitppc/bin/../lib/gcc/powerpc-eabi/4.6.3/crtbegin.o

.plt
 *(.plt)

.interp
 *(.interp)

.hash
 *(.hash)

.dynsym
 *(.dynsym)

.dynstr
 *(.dynstr)

.gnu.version
 *(.gnu.version)

.gnu.version_d
 *(.gnu.version_d)

.gnu.version_r
 *(.gnu.version_r)

.rel.init
 *(.rel.init)

.rela.init      0x80004194        0x0
 *(.rela.init)
 .rela.init     0x00000000        0x0 c:/devkitpro/devkitppc/bin/../lib/gcc/powerpc-eabi/4.6.3/crtbegin.o

.rel.text
 *(.rel.text .rel.text.* .rel.gnu.linkonce.t.*)

.rela.text      0x80004194        0x0
 *(.rela.text .rela.text.* .rela.gnu.linkonce.t.*)
 .rela.text     0x00000000        0x0 c:/devkitpro/devkitppc/bin/../lib/gcc/powerpc-eabi/4.6.3/crtbegin.o
 .rela.text.initdisc
                0x00000000        0x0 c:/devkitpro/devkitppc/bin/../lib/gcc/powerpc-eabi/4.6.3/crtbegin.o
 .rela.text.wiiuse_handshake_expansion
                0x00000000        0x0 c:/devkitpro/devkitppc/bin/../lib/gcc/powerpc-eabi/4.6.3/crtbegin.o
 .rela.text.wiiuse_handshake
                0x00000000        0x0 c:/devkitpro/devkitppc/bin/../lib/gcc/powerpc-eabi/4.6.3/crtbegin.o
 .rela.text.wiiuse_init_cmd_queue
                0x00000000        0x0 c:/devkitpro/devkitppc/bin/../lib/gcc/powerpc-eabi/4.6.3/crtbegin.o
 .rela.text.wiiuse_init
                0x00000000        0x0 c:/devkitpro/devkitppc/bin/../lib/gcc/powerpc-eabi/4.6.3/crtbegin.o
 .rela.text.bt_alarmhandler
                0x00000000        0x0 c:/devkitpro/devkitppc/bin/../lib/gcc/powerpc-eabi/4.6.3/crtbegin.o
 .rela.text.fatUnmount
                0x00000000        0x0 c:/devkitpro/devkitppc/bin/../lib/gcc/powerpc-eabi/4.6.3/crtbegin.o
 .rela.text.fatInit
                0x00000000        0x0 c:/devkitpro/devkitppc/bin/../lib/gcc/powerpc-eabi/4.6.3/crtbegin.o
 .rela.text.fatGetVolumeLabel
                0x00000000        0x0 c:/devkitpro/devkitppc/bin/../lib/gcc/powerpc-eabi/4.6.3/crtbegin.o
 .rela.text._FAT_directory_entryGetAlias
                0x00000000        0x0 c:/devkitpro/devkitppc/bin/../lib/gcc/powerpc-eabi/4.6.3/crtbegin.o
 .rela.text.get_io_wiisd
                0x00000000        0x0 c:/devkitpro/devkitppc/bin/../lib/gcc/powerpc-eabi/4.6.3/crtbegin.o
 .rela.text.get_io_usbstorage
                0x00000000        0x0 c:/devkitpro/devkitppc/bin/../lib/gcc/powerpc-eabi/4.6.3/crtbegin.o
 .rela.text.get_io_gcsda
                0x00000000        0x0 c:/devkitpro/devkitppc/bin/../lib/gcc/powerpc-eabi/4.6.3/crtbegin.o
 .rela.text.get_io_gcsdb
                0x00000000        0x0 c:/devkitpro/devkitppc/bin/../lib/gcc/powerpc-eabi/4.6.3/crtbegin.o
 .rela.text.__console_init
                0x00000000        0x0 c:/devkitpro/devkitppc/bin/../lib/gcc/powerpc-eabi/4.6.3/crtbegin.o
 .rela.text.__console_init_ex
                0x00000000        0x0 c:/devkitpro/devkitppc/bin/../lib/gcc/powerpc-eabi/4.6.3/crtbegin.o
 .rela.text.CON_EnableGecko
                0x00000000        0x0 c:/devkitpro/devkitppc/bin/../lib/gcc/powerpc-eabi/4.6.3/crtbegin.o
 .rela.text.__lwp_thread_calcheir
                0x00000000        0x0 c:/devkitpro/devkitppc/bin/../lib/gcc/powerpc-eabi/4.6.3/crtbegin.o
 .rela.text.__lwp_wd_insert_ticks.constprop.4
                0x00000000        0x0 c:/devkitpro/devkitppc/bin/../lib/gcc/powerpc-eabi/4.6.3/crtbegin.o
 .rela.text.__lwp_rotate_readyqueue
                0x00000000        0x0 c:/devkitpro/devkitppc/bin/../lib/gcc/powerpc-eabi/4.6.3/crtbegin.o
 .rela.text.__lwp_thread_setpriority
                0x00000000        0x0 c:/devkitpro/devkitppc/bin/../lib/gcc/powerpc-eabi/4.6.3/crtbegin.o
 .rela.text.__lwp_thread_close
                0x00000000        0x0 c:/devkitpro/devkitppc/bin/../lib/gcc/powerpc-eabi/4.6.3/crtbegin.o
 .rela.text.__lwp_thread_closeall
                0x00000000        0x0 c:/devkitpro/devkitppc/bin/../lib/gcc/powerpc-eabi/4.6.3/crtbegin.o
 .rela.text.__lwp_thread_startmultitasking
                0x00000000        0x0 c:/devkitpro/devkitppc/bin/../lib/gcc/powerpc-eabi/4.6.3/crtbegin.o
 .rela.text.__lwp_thread_stopmultitasking
                0x00000000        0x0 c:/devkitpro/devkitppc/bin/../lib/gcc/powerpc-eabi/4.6.3/crtbegin.o
 .rela.text.__lwp_thread_coreinit
                0x00000000        0x0 c:/devkitpro/devkitppc/bin/../lib/gcc/powerpc-eabi/4.6.3/crtbegin.o
 .rela.text.__lwp_cntrl_free
                0x00000000        0x0 c:/devkitpro/devkitppc/bin/../lib/gcc/powerpc-eabi/4.6.3/crtbegin.o
 .rela.text.__lwp_tqueue_open
                0x00000000        0x0 c:/devkitpro/devkitppc/bin/../lib/gcc/powerpc-eabi/4.6.3/crtbegin.o
 .rela.text.__lwp_cntrl_open
                0x00000000        0x0 c:/devkitpro/devkitppc/bin/../lib/gcc/powerpc-eabi/4.6.3/crtbegin.o
 .rela.text.__lwp_sysinit
                0x00000000        0x0 c:/devkitpro/devkitppc/bin/../lib/gcc/powerpc-eabi/4.6.3/crtbegin.o
 .rela.text.__lwp_thread_isalive
                0x00000000        0x0 c:/devkitpro/devkitppc/bin/../lib/gcc/powerpc-eabi/4.6.3/crtbegin.o
 .rela.text.__lwp_thread_exists
                0x00000000        0x0 c:/devkitpro/devkitppc/bin/../lib/gcc/powerpc-eabi/4.6.3/crtbegin.o
 .rela.text.__lwp_thread_context
                0x00000000        0x0 c:/devkitpro/devkitppc/bin/../lib/gcc/powerpc-eabi/4.6.3/crtbegin.o
 .rela.text.LWP_CreateThread
                0x00000000        0x0 c:/devkitpro/devkitppc/bin/../lib/gcc/powerpc-eabi/4.6.3/crtbegin.o
 .rela.text.LWP_InitQueue
                0x00000000        0x0 c:/devkitpro/devkitppc/bin/../lib/gcc/powerpc-eabi/4.6.3/crtbegin.o
 .rela.text.LWP_CloseQueue
                0x00000000        0x0 c:/devkitpro/devkitppc/bin/../lib/gcc/powerpc-eabi/4.6.3/crtbegin.o
 .rela.text.__lwp_stack_allocate
                0x00000000        0x0 c:/devkitpro/devkitppc/bin/../lib/gcc/powerpc-eabi/4.6.3/crtbegin.o
 .rela.text.__lwp_stack_free
                0x00000000        0x0 c:/devkitpro/devkitppc/bin/../lib/gcc/powerpc-eabi/4.6.3/crtbegin.o
 .rela.text.__lwp_watchdog_init
                0x00000000        0x0 c:/devkitpro/devkitppc/bin/../lib/gcc/powerpc-eabi/4.6.3/crtbegin.o
 .rela.text.__lwp_wd_tickle
                0x00000000        0x0 c:/devkitpro/devkitppc/bin/../lib/gcc/powerpc-eabi/4.6.3/crtbegin.o
 .rela.text.__lwp_wkspace_heapfree
                0x00000000        0x0 c:/devkitpro/devkitppc/bin/../lib/gcc/powerpc-eabi/4.6.3/crtbegin.o
 .rela.text.__lwp_wkspace_heapused
                0x00000000        0x0 c:/devkitpro/devkitppc/bin/../lib/gcc/powerpc-eabi/4.6.3/crtbegin.o
 .rela.text.__lwp_wkspace_init
                0x00000000        0x0 c:/devkitpro/devkitppc/bin/../lib/gcc/powerpc-eabi/4.6.3/crtbegin.o
 .rela.text.__lwp_objmgr_initinfo
                0x00000000        0x0 c:/devkitpro/devkitppc/bin/../lib/gcc/powerpc-eabi/4.6.3/crtbegin.o
 .rela.text.__irq_init
                0x00000000        0x0 c:/devkitpro/devkitppc/bin/../lib/gcc/powerpc-eabi/4.6.3/crtbegin.o
 .rela.text.__lwp_mutex_locksupp.constprop.7
                0x00000000        0x0 c:/devkitpro/devkitppc/bin/../lib/gcc/powerpc-eabi/4.6.3/crtbegin.o
 .rela.text.__lwp_mutex_init
                0x00000000        0x0 c:/devkitpro/devkitppc/bin/../lib/gcc/powerpc-eabi/4.6.3/crtbegin.o
 .rela.text.LWP_MutexInit
                0x00000000        0x0 c:/devkitpro/devkitppc/bin/../lib/gcc/powerpc-eabi/4.6.3/crtbegin.o
 .rela.text.LWP_MutexDestroy
                0x00000000        0x0 c:/devkitpro/devkitppc/bin/../lib/gcc/powerpc-eabi/4.6.3/crtbegin.o
 .rela.text.LWP_MutexUnlock
                0x00000000        0x0 c:/devkitpro/devkitppc/bin/../lib/gcc/powerpc-eabi/4.6.3/crtbegin.o
 .rela.text.__call_resetfuncs
                0x00000000        0x0 c:/devkitpro/devkitppc/bin/../lib/gcc/powerpc-eabi/4.6.3/crtbegin.o
 .rela.text.__locksram
                0x00000000        0x0 c:/devkitpro/devkitppc/bin/../lib/gcc/powerpc-eabi/4.6.3/crtbegin.o
 .rela.text.__lwp_wd_insert_ticks
                0x00000000        0x0 c:/devkitpro/devkitppc/bin/../lib/gcc/powerpc-eabi/4.6.3/crtbegin.o
 .rela.text.__unlocksram
                0x00000000        0x0 c:/devkitpro/devkitppc/bin/../lib/gcc/powerpc-eabi/4.6.3/crtbegin.o
 .rela.text.__sram_writecallback
                0x00000000        0x0 c:/devkitpro/devkitppc/bin/../lib/gcc/powerpc-eabi/4.6.3/crtbegin.o
 .rela.text.__sram_init
                0x00000000        0x0 c:/devkitpro/devkitppc/bin/../lib/gcc/powerpc-eabi/4.6.3/crtbegin.o
 .rela.text.__SYS_SyncSram
                0x00000000        0x0 c:/devkitpro/devkitppc/bin/../lib/gcc/powerpc-eabi/4.6.3/crtbegin.o
 .rela.text.SYS_Init
                0x00000000        0x0 c:/devkitpro/devkitppc/bin/../lib/gcc/powerpc-eabi/4.6.3/crtbegin.o
 .rela.text.SYS_RemoveAlarm
                0x00000000        0x0 c:/devkitpro/devkitppc/bin/../lib/gcc/powerpc-eabi/4.6.3/crtbegin.o
 .rela.text.SYS_CancelAlarm
                0x00000000        0x0 c:/devkitpro/devkitppc/bin/../lib/gcc/powerpc-eabi/4.6.3/crtbegin.o
 .rela.text.__lwp_cond_open
                0x00000000        0x0 c:/devkitpro/devkitppc/bin/../lib/gcc/powerpc-eabi/4.6.3/crtbegin.o
 .rela.text.__lwp_cond_init
                0x00000000        0x0 c:/devkitpro/devkitppc/bin/../lib/gcc/powerpc-eabi/4.6.3/crtbegin.o
 .rela.text.LWP_CondInit
                0x00000000        0x0 c:/devkitpro/devkitppc/bin/../lib/gcc/powerpc-eabi/4.6.3/crtbegin.o
 .rela.text.LWP_CondDestroy
                0x00000000        0x0 c:/devkitpro/devkitppc/bin/../lib/gcc/powerpc-eabi/4.6.3/crtbegin.o
 .rela.text.c_decrementer_handler
                0x00000000        0x0 c:/devkitpro/devkitppc/bin/../lib/gcc/powerpc-eabi/4.6.3/crtbegin.o
 .rela.text.__lwp_mqbox_free
                0x00000000        0x0 c:/devkitpro/devkitppc/bin/../lib/gcc/powerpc-eabi/4.6.3/crtbegin.o
 .rela.text.__lwp_mqbox_open
                0x00000000        0x0 c:/devkitpro/devkitppc/bin/../lib/gcc/powerpc-eabi/4.6.3/crtbegin.o
 .rela.text.__lwp_mqbox_init
                0x00000000        0x0 c:/devkitpro/devkitppc/bin/../lib/gcc/powerpc-eabi/4.6.3/crtbegin.o
 .rela.text.MQ_Init
                0x00000000        0x0 c:/devkitpro/devkitppc/bin/../lib/gcc/powerpc-eabi/4.6.3/crtbegin.o
 .rela.text.__ios_ioctlvformat_parse
                0x00000000        0x0 c:/devkitpro/devkitppc/bin/../lib/gcc/powerpc-eabi/4.6.3/crtbegin.o
 .rela.text.__ioctlvfmtCB
                0x00000000        0x0 c:/devkitpro/devkitppc/bin/../lib/gcc/powerpc-eabi/4.6.3/crtbegin.o
 .rela.text.IOS_IoctlvFormat
                0x00000000        0x0 c:/devkitpro/devkitppc/bin/../lib/gcc/powerpc-eabi/4.6.3/crtbegin.o
 .rela.text.IOS_IoctlvFormatAsync
                0x00000000        0x0 c:/devkitpro/devkitppc/bin/../lib/gcc/powerpc-eabi/4.6.3/crtbegin.o
 .rela.text.nanosleep
                0x00000000        0x0 c:/devkitpro/devkitppc/bin/../lib/gcc/powerpc-eabi/4.6.3/crtbegin.o
 .rela.text.__libc_delete_hook
                0x00000000        0x0 c:/devkitpro/devkitppc/bin/../lib/gcc/powerpc-eabi/4.6.3/crtbegin.o
 .rela.text.__libc_init
                0x00000000        0x0 c:/devkitpro/devkitppc/bin/../lib/gcc/powerpc-eabi/4.6.3/crtbegin.o
 .rela.text.__libc_wrapup
                0x00000000        0x0 c:/devkitpro/devkitppc/bin/../lib/gcc/powerpc-eabi/4.6.3/crtbegin.o
 .rela.text.__CheckARGV
                0x00000000        0x0 c:/devkitpro/devkitppc/bin/../lib/gcc/powerpc-eabi/4.6.3/crtbegin.o
 .rela.text.__lwp_priority_init
                0x00000000        0x0 c:/devkitpro/devkitppc/bin/../lib/gcc/powerpc-eabi/4.6.3/crtbegin.o
 .rela.text.__lwp_wd_remove_ticks
                0x00000000        0x0 c:/devkitpro/devkitppc/bin/../lib/gcc/powerpc-eabi/4.6.3/crtbegin.o
 .rela.text.__lwp_threadqueue_enqueue
                0x00000000        0x0 c:/devkitpro/devkitppc/bin/../lib/gcc/powerpc-eabi/4.6.3/crtbegin.o
 .rela.text.__lwpmq_initialize
                0x00000000        0x0 c:/devkitpro/devkitppc/bin/../lib/gcc/powerpc-eabi/4.6.3/crtbegin.o
 .rela.text.__lwpmq_close
                0x00000000        0x0 c:/devkitpro/devkitppc/bin/../lib/gcc/powerpc-eabi/4.6.3/crtbegin.o
 .rela.text.__systemcall_init
                0x00000000        0x0 c:/devkitpro/devkitppc/bin/../lib/gcc/powerpc-eabi/4.6.3/crtbegin.o
 .rela.text.__exception_init
                0x00000000        0x0 c:/devkitpro/devkitppc/bin/../lib/gcc/powerpc-eabi/4.6.3/crtbegin.o
 .rela.text.__exception_close
                0x00000000        0x0 c:/devkitpro/devkitppc/bin/../lib/gcc/powerpc-eabi/4.6.3/crtbegin.o
 .rela.text.__exception_sethandler
                0x00000000        0x0 c:/devkitpro/devkitppc/bin/../lib/gcc/powerpc-eabi/4.6.3/crtbegin.o
 .rela.text.__lwp_sema_open
                0x00000000        0x0 c:/devkitpro/devkitppc/bin/../lib/gcc/powerpc-eabi/4.6.3/crtbegin.o
 .rela.text.__lwp_sema_init
                0x00000000        0x0 c:/devkitpro/devkitppc/bin/../lib/gcc/powerpc-eabi/4.6.3/crtbegin.o
 .rela.text.LWP_SemInit
                0x00000000        0x0 c:/devkitpro/devkitppc/bin/../lib/gcc/powerpc-eabi/4.6.3/crtbegin.o
 .rela.text.LWP_SemDestroy
                0x00000000        0x0 c:/devkitpro/devkitppc/bin/../lib/gcc/powerpc-eabi/4.6.3/crtbegin.o
 .rela.text.__GX_FifoLink
                0x00000000        0x0 c:/devkitpro/devkitppc/bin/../lib/gcc/powerpc-eabi/4.6.3/crtbegin.o
 .rela.text.__GX_WriteFifoIntEnable
                0x00000000        0x0 c:/devkitpro/devkitppc/bin/../lib/gcc/powerpc-eabi/4.6.3/crtbegin.o
 .rela.text.__GX_FifoReadEnable
                0x00000000        0x0 c:/devkitpro/devkitppc/bin/../lib/gcc/powerpc-eabi/4.6.3/crtbegin.o
 .rela.text.__GX_FifoReadDisable
                0x00000000        0x0 c:/devkitpro/devkitppc/bin/../lib/gcc/powerpc-eabi/4.6.3/crtbegin.o
 .rela.text.__GX_InitRevBits
                0x00000000        0x0 c:/devkitpro/devkitppc/bin/../lib/gcc/powerpc-eabi/4.6.3/crtbegin.o
 .rela.text.__GXDefTexRegionCallback
                0x00000000        0x0 c:/devkitpro/devkitppc/bin/../lib/gcc/powerpc-eabi/4.6.3/crtbegin.o
 .rela.text.__GXDefTlutRegionCallback
                0x00000000        0x0 c:/devkitpro/devkitppc/bin/../lib/gcc/powerpc-eabi/4.6.3/crtbegin.o
 .rela.text.__GX_FlushTextureState
                0x00000000        0x0 c:/devkitpro/devkitppc/bin/../lib/gcc/powerpc-eabi/4.6.3/crtbegin.o
 .rela.text.__SetSURegs
                0x00000000        0x0 c:/devkitpro/devkitppc/bin/../lib/gcc/powerpc-eabi/4.6.3/crtbegin.o
 .rela.text.__SETVCDFMT
                0x00000000        0x0 c:/devkitpro/devkitppc/bin/../lib/gcc/powerpc-eabi/4.6.3/crtbegin.o
 .rela.text.__GX_SetMatrixIndex
                0x00000000        0x0 c:/devkitpro/devkitppc/bin/../lib/gcc/powerpc-eabi/4.6.3/crtbegin.o
 .rela.text.__GX_SetDirtyState
                0x00000000        0x0 c:/devkitpro/devkitppc/bin/../lib/gcc/powerpc-eabi/4.6.3/crtbegin.o
 .rela.text.__SETVCDATTR
                0x00000000        0x0 c:/devkitpro/devkitppc/bin/../lib/gcc/powerpc-eabi/4.6.3/crtbegin.o
 .rela.text.__GX_WriteFifoIntReset.constprop.6
                0x00000000        0x0 c:/devkitpro/devkitppc/bin/../lib/gcc/powerpc-eabi/4.6.3/crtbegin.o
 .rela.text.__GXCPInterruptHandler
                0x00000000        0x0 c:/devkitpro/devkitppc/bin/../lib/gcc/powerpc-eabi/4.6.3/crtbegin.o
 .rela.text.GX_Flush
                0x00000000        0x0 c:/devkitpro/devkitppc/bin/../lib/gcc/powerpc-eabi/4.6.3/crtbegin.o
 .rela.text.GX_EnableBreakPt
                0x00000000        0x0 c:/devkitpro/devkitppc/bin/../lib/gcc/powerpc-eabi/4.6.3/crtbegin.o
 .rela.text.GX_DisableBreakPt
                0x00000000        0x0 c:/devkitpro/devkitppc/bin/../lib/gcc/powerpc-eabi/4.6.3/crtbegin.o
 .rela.text.GX_AbortFrame
                0x00000000        0x0 c:/devkitpro/devkitppc/bin/../lib/gcc/powerpc-eabi/4.6.3/crtbegin.o
 .rela.text.GX_PixModeSync
                0x00000000        0x0 c:/devkitpro/devkitppc/bin/../lib/gcc/powerpc-eabi/4.6.3/crtbegin.o
 .rela.text.GX_SetMisc
                0x00000000        0x0 c:/devkitpro/devkitppc/bin/../lib/gcc/powerpc-eabi/4.6.3/crtbegin.o
 .rela.text.GX_SetCopyClamp
                0x00000000        0x0 c:/devkitpro/devkitppc/bin/../lib/gcc/powerpc-eabi/4.6.3/crtbegin.o
 .rela.text.GX_SetDispCopyGamma
                0x00000000        0x0 c:/devkitpro/devkitppc/bin/../lib/gcc/powerpc-eabi/4.6.3/crtbegin.o
 .rela.text.GX_SetDispCopyFrame2Field
                0x00000000        0x0 c:/devkitpro/devkitppc/bin/../lib/gcc/powerpc-eabi/4.6.3/crtbegin.o
 .rela.text.GX_SetDispCopyYScale
                0x00000000        0x0 c:/devkitpro/devkitppc/bin/../lib/gcc/powerpc-eabi/4.6.3/crtbegin.o
 .rela.text.GX_SetDispCopyDst
                0x00000000        0x0 c:/devkitpro/devkitppc/bin/../lib/gcc/powerpc-eabi/4.6.3/crtbegin.o
 .rela.text.GX_SetDispCopySrc
                0x00000000        0x0 c:/devkitpro/devkitppc/bin/../lib/gcc/powerpc-eabi/4.6.3/crtbegin.o
 .rela.text.GX_CopyDisp
                0x00000000        0x0 c:/devkitpro/devkitppc/bin/../lib/gcc/powerpc-eabi/4.6.3/crtbegin.o
 .rela.text.GX_CopyTex
                0x00000000        0x0 c:/devkitpro/devkitppc/bin/../lib/gcc/powerpc-eabi/4.6.3/crtbegin.o
 .rela.text.GX_SetTexCopySrc
                0x00000000        0x0 c:/devkitpro/devkitppc/bin/../lib/gcc/powerpc-eabi/4.6.3/crtbegin.o
 .rela.text.GX_SetTexCopyDst
                0x00000000        0x0 c:/devkitpro/devkitppc/bin/../lib/gcc/powerpc-eabi/4.6.3/crtbegin.o
 .rela.text.GX_BeginDispList
                0x00000000        0x0 c:/devkitpro/devkitppc/bin/../lib/gcc/powerpc-eabi/4.6.3/crtbegin.o
 .rela.text.GX_EndDispList
                0x00000000        0x0 c:/devkitpro/devkitppc/bin/../lib/gcc/powerpc-eabi/4.6.3/crtbegin.o
 .rela.text.GX_CallDispList
                0x00000000        0x0 c:/devkitpro/devkitppc/bin/../lib/gcc/powerpc-eabi/4.6.3/crtbegin.o
 .rela.text.GX_SetChanCtrl
                0x00000000        0x0 c:/devkitpro/devkitppc/bin/../lib/gcc/powerpc-eabi/4.6.3/crtbegin.o
 .rela.text.GX_SetChanAmbColor
                0x00000000        0x0 c:/devkitpro/devkitppc/bin/../lib/gcc/powerpc-eabi/4.6.3/crtbegin.o
 .rela.text.GX_SetChanMatColor
                0x00000000        0x0 c:/devkitpro/devkitppc/bin/../lib/gcc/powerpc-eabi/4.6.3/crtbegin.o
 .rela.text.GX_SetVtxDesc
                0x00000000        0x0 c:/devkitpro/devkitppc/bin/../lib/gcc/powerpc-eabi/4.6.3/crtbegin.o
 .rela.text.GX_SetVtxDescv
                0x00000000        0x0 c:/devkitpro/devkitppc/bin/../lib/gcc/powerpc-eabi/4.6.3/crtbegin.o
 .rela.text.GX_GetVtxDescv
                0x00000000        0x0 c:/devkitpro/devkitppc/bin/../lib/gcc/powerpc-eabi/4.6.3/crtbegin.o
 .rela.text.GX_SetVtxAttrFmt
                0x00000000        0x0 c:/devkitpro/devkitppc/bin/../lib/gcc/powerpc-eabi/4.6.3/crtbegin.o
 .rela.text.GX_SetVtxAttrFmtv
                0x00000000        0x0 c:/devkitpro/devkitppc/bin/../lib/gcc/powerpc-eabi/4.6.3/crtbegin.o
 .rela.text.GX_Begin
                0x00000000        0x0 c:/devkitpro/devkitppc/bin/../lib/gcc/powerpc-eabi/4.6.3/crtbegin.o
 .rela.text.GX_SetTexCoordGen2
                0x00000000        0x0 c:/devkitpro/devkitppc/bin/../lib/gcc/powerpc-eabi/4.6.3/crtbegin.o
 .rela.text.GX_SetCurrentMtx
                0x00000000        0x0 c:/devkitpro/devkitppc/bin/../lib/gcc/powerpc-eabi/4.6.3/crtbegin.o
 .rela.text.GX_SetNumTexGens
                0x00000000        0x0 c:/devkitpro/devkitppc/bin/../lib/gcc/powerpc-eabi/4.6.3/crtbegin.o
 .rela.text.GX_SetZMode
                0x00000000        0x0 c:/devkitpro/devkitppc/bin/../lib/gcc/powerpc-eabi/4.6.3/crtbegin.o
 .rela.text.GX_LoadTexObjPreloaded
                0x00000000        0x0 c:/devkitpro/devkitppc/bin/../lib/gcc/powerpc-eabi/4.6.3/crtbegin.o
 .rela.text.GX_SetTexCoordScaleManually
                0x00000000        0x0 c:/devkitpro/devkitppc/bin/../lib/gcc/powerpc-eabi/4.6.3/crtbegin.o
 .rela.text.GX_SetTexCoordCylWrap
                0x00000000        0x0 c:/devkitpro/devkitppc/bin/../lib/gcc/powerpc-eabi/4.6.3/crtbegin.o
 .rela.text.GX_SetTexCoordBias
                0x00000000        0x0 c:/devkitpro/devkitppc/bin/../lib/gcc/powerpc-eabi/4.6.3/crtbegin.o
 .rela.text.GX_SetBlendMode
                0x00000000        0x0 c:/devkitpro/devkitppc/bin/../lib/gcc/powerpc-eabi/4.6.3/crtbegin.o
 .rela.text.GX_ClearVtxDesc
                0x00000000        0x0 c:/devkitpro/devkitppc/bin/../lib/gcc/powerpc-eabi/4.6.3/crtbegin.o
 .rela.text.GX_SetLineWidth
                0x00000000        0x0 c:/devkitpro/devkitppc/bin/../lib/gcc/powerpc-eabi/4.6.3/crtbegin.o
 .rela.text.GX_SetPointSize
                0x00000000        0x0 c:/devkitpro/devkitppc/bin/../lib/gcc/powerpc-eabi/4.6.3/crtbegin.o
 .rela.text.GX_SetTevColorIn
                0x00000000        0x0 c:/devkitpro/devkitppc/bin/../lib/gcc/powerpc-eabi/4.6.3/crtbegin.o
 .rela.text.GX_SetTevAlphaIn
                0x00000000        0x0 c:/devkitpro/devkitppc/bin/../lib/gcc/powerpc-eabi/4.6.3/crtbegin.o
 .rela.text.GX_SetTevColorOp
                0x00000000        0x0 c:/devkitpro/devkitppc/bin/../lib/gcc/powerpc-eabi/4.6.3/crtbegin.o
 .rela.text.GX_SetTevAlphaOp
                0x00000000        0x0 c:/devkitpro/devkitppc/bin/../lib/gcc/powerpc-eabi/4.6.3/crtbegin.o
 .rela.text.GX_SetCullMode
                0x00000000        0x0 c:/devkitpro/devkitppc/bin/../lib/gcc/powerpc-eabi/4.6.3/crtbegin.o
 .rela.text.GX_SetCoPlanar
                0x00000000        0x0 c:/devkitpro/devkitppc/bin/../lib/gcc/powerpc-eabi/4.6.3/crtbegin.o
 .rela.text.GX_EnableTexOffsets
                0x00000000        0x0 c:/devkitpro/devkitppc/bin/../lib/gcc/powerpc-eabi/4.6.3/crtbegin.o
 .rela.text.GX_SetScissor
                0x00000000        0x0 c:/devkitpro/devkitppc/bin/../lib/gcc/powerpc-eabi/4.6.3/crtbegin.o
 .rela.text.GX_SetNumChans
                0x00000000        0x0 c:/devkitpro/devkitppc/bin/../lib/gcc/powerpc-eabi/4.6.3/crtbegin.o
 .rela.text.GX_SetTevOrder
                0x00000000        0x0 c:/devkitpro/devkitppc/bin/../lib/gcc/powerpc-eabi/4.6.3/crtbegin.o
 .rela.text.GX_SetNumTevStages
                0x00000000        0x0 c:/devkitpro/devkitppc/bin/../lib/gcc/powerpc-eabi/4.6.3/crtbegin.o
 .rela.text.GX_SetTevKColorSel
                0x00000000        0x0 c:/devkitpro/devkitppc/bin/../lib/gcc/powerpc-eabi/4.6.3/crtbegin.o
 .rela.text.GX_SetTevKAlphaSel
                0x00000000        0x0 c:/devkitpro/devkitppc/bin/../lib/gcc/powerpc-eabi/4.6.3/crtbegin.o
 .rela.text.GX_SetTevSwapMode
                0x00000000        0x0 c:/devkitpro/devkitppc/bin/../lib/gcc/powerpc-eabi/4.6.3/crtbegin.o
 .rela.text.GX_SetTevSwapModeTable
                0x00000000        0x0 c:/devkitpro/devkitppc/bin/../lib/gcc/powerpc-eabi/4.6.3/crtbegin.o
 .rela.text.GX_SetNumIndStages
                0x00000000        0x0 c:/devkitpro/devkitppc/bin/../lib/gcc/powerpc-eabi/4.6.3/crtbegin.o
 .rela.text.GX_SetIndTexCoordScale
                0x00000000        0x0 c:/devkitpro/devkitppc/bin/../lib/gcc/powerpc-eabi/4.6.3/crtbegin.o
 .rela.text.GX_SetColorUpdate
                0x00000000        0x0 c:/devkitpro/devkitppc/bin/../lib/gcc/powerpc-eabi/4.6.3/crtbegin.o
 .rela.text.GX_SetAlphaUpdate
                0x00000000        0x0 c:/devkitpro/devkitppc/bin/../lib/gcc/powerpc-eabi/4.6.3/crtbegin.o
 .rela.text.GX_SetZCompLoc
                0x00000000        0x0 c:/devkitpro/devkitppc/bin/../lib/gcc/powerpc-eabi/4.6.3/crtbegin.o
 .rela.text.GX_SetPixelFmt
                0x00000000        0x0 c:/devkitpro/devkitppc/bin/../lib/gcc/powerpc-eabi/4.6.3/crtbegin.o
 .rela.text.GX_SetDither
                0x00000000        0x0 c:/devkitpro/devkitppc/bin/../lib/gcc/powerpc-eabi/4.6.3/crtbegin.o
 .rela.text.GX_SetDstAlpha
                0x00000000        0x0 c:/devkitpro/devkitppc/bin/../lib/gcc/powerpc-eabi/4.6.3/crtbegin.o
 .rela.text.GX_SetFieldMode
                0x00000000        0x0 c:/devkitpro/devkitppc/bin/../lib/gcc/powerpc-eabi/4.6.3/crtbegin.o
 .rela.text.GX_SetIndTexOrder
                0x00000000        0x0 c:/devkitpro/devkitppc/bin/../lib/gcc/powerpc-eabi/4.6.3/crtbegin.o
 .rela.text.GX_SetGPMetric
                0x00000000        0x0 c:/devkitpro/devkitppc/bin/../lib/gcc/powerpc-eabi/4.6.3/crtbegin.o
 .rela.text.GX_Init
                0x00000000        0x0 c:/devkitpro/devkitppc/bin/../lib/gcc/powerpc-eabi/4.6.3/crtbegin.o
 .rela.text.GX_ReadGPMetric
                0x00000000        0x0 c:/devkitpro/devkitppc/bin/../lib/gcc/powerpc-eabi/4.6.3/crtbegin.o
 .rela.text.kprintf
                0x00000000        0x0 c:/devkitpro/devkitppc/bin/../lib/gcc/powerpc-eabi/4.6.3/crtbegin.o
 .rela.text.__card_readcid
                0x00000000        0x0 c:/devkitpro/devkitppc/bin/../lib/gcc/powerpc-eabi/4.6.3/crtbegin.o
 .rela.text.__card_readcsd
                0x00000000        0x0 c:/devkitpro/devkitppc/bin/../lib/gcc/powerpc-eabi/4.6.3/crtbegin.o
 .rela.text.__card_sd_status
                0x00000000        0x0 c:/devkitpro/devkitppc/bin/../lib/gcc/powerpc-eabi/4.6.3/crtbegin.o
 .rela.text.sdgecko_initIO
                0x00000000        0x0 c:/devkitpro/devkitppc/bin/../lib/gcc/powerpc-eabi/4.6.3/crtbegin.o
 .rela.text.atangent
                0x00000000        0x0 c:/devkitpro/devkitppc/bin/../lib/gcc/powerpc-eabi/4.6.3/crtbegin.o
 .rela.text.atangentf
                0x00000000        0x0 c:/devkitpro/devkitppc/bin/../lib/gcc/powerpc-eabi/4.6.3/crtbegin.o
 .rela.text.sinef
                0x00000000        0x0 c:/devkitpro/devkitppc/bin/../lib/gcc/powerpc-eabi/4.6.3/crtbegin.o
 .rela.text.sqrtf
                0x00000000        0x0 c:/devkitpro/devkitppc/bin/../lib/gcc/powerpc-eabi/4.6.3/crtbegin.o
 .rela.text.calloc
                0x00000000        0x0 c:/devkitpro/devkitppc/bin/../lib/gcc/powerpc-eabi/4.6.3/crtbegin.o
 .rela.text.__errno
                0x00000000        0x0 c:/devkitpro/devkitppc/bin/../lib/gcc/powerpc-eabi/4.6.3/crtbegin.o
 .rela.text.exit
                0x00000000        0x0 c:/devkitpro/devkitppc/bin/../lib/gcc/powerpc-eabi/4.6.3/crtbegin.o
 .rela.text.fprintf
                0x00000000        0x0 c:/devkitpro/devkitppc/bin/../lib/gcc/powerpc-eabi/4.6.3/crtbegin.o
 .rela.text.fputs
                0x00000000        0x0 c:/devkitpro/devkitppc/bin/../lib/gcc/powerpc-eabi/4.6.3/crtbegin.o
 .rela.text._malloc_trim_r
                0x00000000        0x0 c:/devkitpro/devkitppc/bin/../lib/gcc/powerpc-eabi/4.6.3/crtbegin.o
 .rela.text._free_r
                0x00000000        0x0 c:/devkitpro/devkitppc/bin/../lib/gcc/powerpc-eabi/4.6.3/crtbegin.o
 .rela.text.loadlocale
                0x00000000        0x0 c:/devkitpro/devkitppc/bin/../lib/gcc/powerpc-eabi/4.6.3/crtbegin.o
 .rela.text._mbrtowc_r
                0x00000000        0x0 c:/devkitpro/devkitppc/bin/../lib/gcc/powerpc-eabi/4.6.3/crtbegin.o
 .rela.text.mbrtowc
                0x00000000        0x0 c:/devkitpro/devkitppc/bin/../lib/gcc/powerpc-eabi/4.6.3/crtbegin.o
 .rela.text.mktime
                0x00000000        0x0 c:/devkitpro/devkitppc/bin/../lib/gcc/powerpc-eabi/4.6.3/crtbegin.o
 .rela.text._mktm_r
                0x00000000        0x0 c:/devkitpro/devkitppc/bin/../lib/gcc/powerpc-eabi/4.6.3/crtbegin.o
 .rela.text.setvbuf
                0x00000000        0x0 c:/devkitpro/devkitppc/bin/../lib/gcc/powerpc-eabi/4.6.3/crtbegin.o
 .rela.text._wcrtomb_r
                0x00000000        0x0 c:/devkitpro/devkitppc/bin/../lib/gcc/powerpc-eabi/4.6.3/crtbegin.o
 .rela.text.wcrtomb
                0x00000000        0x0 c:/devkitpro/devkitppc/bin/../lib/gcc/powerpc-eabi/4.6.3/crtbegin.o
 .rela.text.wctob
                0x00000000        0x0 c:/devkitpro/devkitppc/bin/../lib/gcc/powerpc-eabi/4.6.3/crtbegin.o
 .rela.text.__call_exitprocs
                0x00000000        0x0 c:/devkitpro/devkitppc/bin/../lib/gcc/powerpc-eabi/4.6.3/crtbegin.o
 .rela.text._dtoa_r
                0x00000000        0x0 c:/devkitpro/devkitppc/bin/../lib/gcc/powerpc-eabi/4.6.3/crtbegin.o
 .rela.text._cleanup_r
                0x00000000        0x0 c:/devkitpro/devkitppc/bin/../lib/gcc/powerpc-eabi/4.6.3/crtbegin.o
 .rela.text.std.isra.0
                0x00000000        0x0 c:/devkitpro/devkitppc/bin/../lib/gcc/powerpc-eabi/4.6.3/crtbegin.o
 .rela.text._findenv_r
                0x00000000        0x0 c:/devkitpro/devkitppc/bin/../lib/gcc/powerpc-eabi/4.6.3/crtbegin.o
 .rela.text.__smakebuf_r
                0x00000000        0x0 c:/devkitpro/devkitppc/bin/../lib/gcc/powerpc-eabi/4.6.3/crtbegin.o

.rel.fini
 *(.rel.fini)

.rela.fini
 *(.rela.fini)

.rel.rodata
 *(.rel.rodata .rel.rodata.* .rel.gnu.linkonce.r.*)

.rela.rodata    0x80004194        0x0
 *(.rela.rodata .rela.rodata.* .rela.gnu.linkonce.r.*)
 .rela.rodata.dotab_fat
                0x00000000        0x0 c:/devkitpro/devkitppc/bin/../lib/gcc/powerpc-eabi/4.6.3/crtbegin.o

.rel.data
 *(.rel.data .rel.data.* .rel.gnu.linkonce.d.*)

.rela.data
 *(.rela.data .rela.data.* .rela.gnu.linkonce.d.*)

.rel.tdata
 *(.rel.tdata .rel.tdata.* .rel.gnu.linkonce.td.*)

.rela.tdata
 *(.rela.tdata .rela.tdata.* .rela.gnu.linkonce.td.*)

.rel.tbss
 *(.rel.tbss .rel.tbss.* .rel.gnu.linkonce.tb.*)

.rela.tbss
 *(.rela.tbss .rela.tbss.* .rela.gnu.linkonce.tb.*)

.rel.ctors
 *(.rel.ctors)

.rela.ctors
 *(.rela.ctors)

.rel.dtors
 *(.rel.dtors)

.rela.dtors
 *(.rela.dtors)

.rel.got
 *(.rel.got)

.rela.got
 *(.rela.got)

.rela.got1
 *(.rela.got1)

.rela.got2      0x80004194        0x0
 *(.rela.got2)
 .rela.got2     0x00000000        0x0 c:/devkitpro/devkitppc/bin/../lib/gcc/powerpc-eabi/4.6.3/crtbegin.o

.rel.sdata
 *(.rel.sdata .rel.sdata.* .rel.gnu.linkonce.s.*)

.rela.sdata
 *(.rela.sdata .rela.sdata.* .rela.gnu.linkonce.s.*)

.rel.sbss
 *(.rel.sbss .rel.sbss.* .rel.gnu.linkonce.sb.*)

.rela.sbss
 *(.rela.sbss .rela.sbss.* .rel.gnu.linkonce.sb.*)

.rel.sdata2
 *(.rel.sdata2 .rel.sdata2.* .rel.gnu.linkonce.s2.*)

.rela.sdata2
 *(.rela.sdata2 .rela.sdata2.* .rela.gnu.linkonce.s2.*)

.rel.sbss2
 *(.rel.sbss2 .rel.sbss2.* .rel.gnu.linkonce.sb2.*)

.rela.sbss2
 *(.rela.sbss2 .rela.sbss2.* .rela.gnu.linkonce.sb2.*)

.rel.bss
 *(.rel.bss .rel.bss.* .rel.gnu.linkonce.b.*)

.rela.bss
 *(.rela.bss .rela.bss.* .rela.gnu.linkonce.b.*)

.rel.plt
 *(.rel.plt)

.rela.plt
 *(.rela.plt)

.text           0x800041a0    0x3efa0
 *(.text)
 .text          0x800041a0      0x168 c:/devkitpro/devkitppc/bin/../lib/gcc/powerpc-eabi/4.6.3/crtbegin.o
 .text          0x80004308       0x44 c:/devkitpro/devkitppc/bin/../lib/gcc/powerpc-eabi/4.6.3/../../../../powerpc-eabi/lib/crtmain.o
                0x8000430c                __crtmain
 *fill*         0x8000434c       0x14 00000000
 .text          0x80004360      0x44c c:/devkitPro/libogc/lib/wii\libogc.a(lwp_handler.o)
                0x80004360                _cpu_context_save_fp
                0x800044a0                _cpu_context_restore_fp
                0x800045e0                _cpu_context_switch
                0x800046c0                _cpu_context_save
                0x80004740                _cpu_context_restore
 .text          0x800047ac      0x4f4 c:/devkitPro/libogc/lib/wii\libogc.a(cache_asm.o)
                0x800047ac                DCFlashInvalidate
                0x800047c0                DCEnable
                0x800047d4                DCDisable
                0x800047e8                DCFreeze
                0x800047fc                DCUnfreeze
                0x80004810                DCTouchLoad
                0x80004818                DCBlockZero
                0x80004820                DCBlockStore
                0x80004828                DCBlockFlush
                0x80004830                DCBlockInvalidate
                0x80004838                DCInvalidateRange
                0x80004868                DCFlushRange
                0x8000489c                DCStoreRange
                0x800048d0                DCFlushRangeNoSync
                0x80004900                DCStoreRangeNoSync
                0x80004930                DCZeroRange
                0x80004960                DCTouchRange
                0x80004990                ICInvalidateRange
                0x800049c8                ICFlashInvalidate
                0x800049dc                ICEnable
                0x800049f0                ICDisable
                0x80004a04                ICFreeze
                0x80004a18                ICUnfreeze
                0x80004a2c                ICBlockInvalidate
                0x80004a34                ICSync
                0x80004a3c                L2Init
                0x80004a84                L2Enable
                0x80004aa0                L2Disable
                0x80004ab8                L2GlobalInvalidate
                0x80004b10                __LCEnable
                0x80004bdc                LCDisable
                0x80004c04                LCAllocOneTag
                0x80004c18                LCAllocTags
                0x80004c58                LCLoadBlocks
                0x80004c7c                LCStoreBlocks
 .text          0x80004ca0      0x4a0 c:/devkitPro/libogc/lib/wii\libogc.a(system_asm.o)
                0x80004ca0                __realmode
                0x80004cb8                __configBATS
                0x80004de8                __InitFPRS
                0x80004f14                __InitPS
                0x80004f70                __InitCache
                0x80004fc8                __InitSystem
                0x80005050                __flush_cache
                0x80005084                __reset
                0x800050f4                __InitBATS
                0x80005110                SYS_SwitchFiber
 .text          0x80005140      0x1ac c:/devkitPro/libogc/lib/wii\libogc.a(irq_handler.o)
                0x80005140                irq_exceptionhandler
 .text          0x800052ec      0x1ac c:/devkitPro/libogc/lib/wii\libogc.a(decrementer_handler.o)
                0x800052ec                dec_exceptionhandler
 .text          0x80005498      0x35c c:/devkitPro/libogc/lib/wii\libogc.a(exception_handler.o)
                0x80005498                exceptionhandler_start
                0x80005514                exceptionhandler_patch
                0x80005548                exceptionhandler_end
                0x8000554c                default_exceptionhandler
                0x8000567c                fpu_exceptionhandler
                0x800057c4                systemcallhandler_start
                0x800057f0                systemcallhandler_end
 .text          0x800057f4       0x40 c:/devkitpro/devkitppc/bin/../lib/gcc/powerpc-eabi/4.6.3\libgcc.a(_ashldi3.o)
                0x800057f4                __ashldi3
 .text          0x80005834      0x448 c:/devkitpro/devkitppc/bin/../lib/gcc/powerpc-eabi/4.6.3\libgcc.a(_divdi3.o)
                0x80005834                __divdi3
 .text          0x80005c7c      0x400 c:/devkitpro/devkitppc/bin/../lib/gcc/powerpc-eabi/4.6.3\libgcc.a(_udivdi3.o)
                0x80005c7c                __udivdi3
 .text          0x8000607c      0x3d4 c:/devkitpro/devkitppc/bin/../lib/gcc/powerpc-eabi/4.6.3\libgcc.a(_umoddi3.o)
                0x8000607c                __umoddi3
 .text          0x80006450       0x48 c:/devkitpro/devkitppc/bin/../lib/gcc/powerpc-eabi/4.6.3\libgcc.a(eabi.o)
                0x80006450                __eabi
 .text          0x80006498       0x4c c:/devkitpro/devkitppc/bin/../lib/gcc/powerpc-eabi/4.6.3\libgcc.a(crtsavfpr.o)
                0x80006498                _savefpr_14
                0x8000649c                _savefpr_15
                0x800064a0                _savefpr_16
                0x800064a4                _savefpr_17
                0x800064a8                _savefpr_18
                0x800064ac                _savefpr_19
                0x800064b0                _savefpr_20
                0x800064b4                _savefpr_21
                0x800064b8                _savefpr_22
                0x800064bc                _savefpr_23
                0x800064c0                _savefpr_24
                0x800064c4                _savefpr_25
                0x800064c8                _savefpr_26
                0x800064cc                _savefpr_27
                0x800064d0                _savefpr_28
                0x800064d4                _savefpr_29
                0x800064d8                _savefpr_30
                0x800064dc                _savefpr_31
 .text          0x800064e4       0x4c c:/devkitpro/devkitppc/bin/../lib/gcc/powerpc-eabi/4.6.3\libgcc.a(crtsavgpr.o)
                0x800064e4                _savegpr_14
                0x800064e8                _savegpr_15
                0x800064ec                _savegpr_16
                0x800064f0                _savegpr_17
                0x800064f4                _savegpr_18
                0x800064f8                _savegpr_19
                0x800064fc                _savegpr_20
                0x80006500                _savegpr_21
                0x80006504                _savegpr_22
                0x80006508                _savegpr_23
                0x8000650c                _savegpr_24
                0x80006510                _savegpr_25
                0x80006514                _savegpr_26
                0x80006518                _savegpr_27
                0x8000651c                _savegpr_28
                0x80006520                _savegpr_29
                0x80006524                _savegpr_30
                0x80006528                _savegpr_31
 .text          0x80006530       0x4c c:/devkitpro/devkitppc/bin/../lib/gcc/powerpc-eabi/4.6.3\libgcc.a(crtresgpr.o)
                0x80006530                _restgpr_14
                0x80006534                _restgpr_15
                0x80006538                _restgpr_16
                0x8000653c                _restgpr_17
                0x80006540                _restgpr_18
                0x80006544                _restgpr_19
                0x80006548                _restgpr_20
                0x8000654c                _restgpr_21
                0x80006550                _restgpr_22
                0x80006554                _restgpr_23
                0x80006558                _restgpr_24
                0x8000655c                _restgpr_25
                0x80006560                _restgpr_26
                0x80006564                _restgpr_27
                0x80006568                _restgpr_28
                0x8000656c                _restgpr_29
                0x80006570                _restgpr_30
                0x80006574                _restgpr_31
 .text          0x8000657c       0x58 c:/devkitpro/devkitppc/bin/../lib/gcc/powerpc-eabi/4.6.3\libgcc.a(crtresxfpr.o)
                0x8000657c                _restfpr_14_x
                0x80006580                _restfpr_15_x
                0x80006584                _restfpr_16_x
                0x80006588                _restfpr_17_x
                0x8000658c                _restfpr_18_x
                0x80006590                _restfpr_19_x
                0x80006594                _restfpr_20_x
                0x80006598                _restfpr_21_x
                0x8000659c                _restfpr_22_x
                0x800065a0                _restfpr_23_x
                0x800065a4                _restfpr_24_x
                0x800065a8                _restfpr_25_x
                0x800065ac                _restfpr_26_x
                0x800065b0                _restfpr_27_x
                0x800065b4                _restfpr_28_x
                0x800065b8                _restfpr_29_x
                0x800065bc                _restfpr_30_x
                0x800065c0                _restfpr_31_x
 .text          0x800065d4       0x58 c:/devkitpro/devkitppc/bin/../lib/gcc/powerpc-eabi/4.6.3\libgcc.a(crtresxgpr.o)
                0x800065d4                _restgpr_14_x
                0x800065d8                _restgpr_15_x
                0x800065dc                _restgpr_16_x
                0x800065e0                _restgpr_17_x
                0x800065e4                _restgpr_18_x
                0x800065e8                _restgpr_19_x
                0x800065ec                _restgpr_20_x
                0x800065f0                _restgpr_21_x
                0x800065f4                _restgpr_22_x
                0x800065f8                _restgpr_23_x
                0x800065fc                _restgpr_24_x
                0x80006600                _restgpr_25_x
                0x80006604                _restgpr_26_x
                0x80006608                _restgpr_27_x
                0x8000660c                _restgpr_28_x
                0x80006610                _restgpr_29_x
                0x80006614                _restgpr_30_x
                0x80006618                _restgpr_31_x
 .text          0x8000662c       0x28 c:/devkitpro/devkitppc/bin/../lib/gcc/powerpc-eabi/4.6.3/../../../../powerpc-eabi/lib\libsysbase.a(abort.o)
                0x8000662c                abort
 .text          0x80006654      0x2ec c:/devkitpro/devkitppc/bin/../lib/gcc/powerpc-eabi/4.6.3/../../../../powerpc-eabi/lib\libsysbase.a(iosupport.o)
                0x80006654                setDefaultDevice
                0x8000666c                FindDevice
                0x80006790                RemoveDevice
                0x800067e0                AddDevice
                0x800068fc                GetDeviceOpTab
 .text          0x80006940       0x28 c:/devkitpro/devkitppc/bin/../lib/gcc/powerpc-eabi/4.6.3/../../../../powerpc-eabi/lib\libsysbase.a(_exit.o)
                0x80006940                _exit
 .text          0x80006968      0x4cc c:/devkitpro/devkitppc/bin/../lib/gcc/powerpc-eabi/4.6.3/../../../../powerpc-eabi/lib\libsysbase.a(chdir.o)
                0x80006968                _concatenate_path
                0x80006bb8                chdir
                0x80006d50                getcwd
 .text          0x80006e34       0x90 c:/devkitpro/devkitppc/bin/../lib/gcc/powerpc-eabi/4.6.3/../../../../powerpc-eabi/lib\libsysbase.a(build_argv.o)
                0x80006e34                build_argv
 .text          0x80006ec4      0x168 c:/devkitpro/devkitppc/bin/../lib/gcc/powerpc-eabi/4.6.3/../../../../powerpc-eabi/lib\libsysbase.a(syscall_support.o)
                0x80006ec4                __libc_lock_init
                0x80006f04                __libc_lock_close
                0x80006f44                __libc_lock_release
                0x80006f84                __libc_lock_acquire
                0x80006fc4                __malloc_lock
                0x80006ff8                __malloc_unlock
 .text          0x8000702c      0x518 c:/devkitpro/devkitppc/bin/../lib/gcc/powerpc-eabi/4.6.3/../../../../powerpc-eabi/lib\libsysbase.a(dirent.o)
                0x8000702c                opendir
                0x8000718c                closedir
                0x80007244                readdir
                0x8000737c                rewinddir
                0x800073f8                seekdir
                0x80007530                telldir
 .text          0x80007544       0x98 c:/devkitpro/devkitppc/bin/../lib/gcc/powerpc-eabi/4.6.3/../../../../powerpc-eabi/lib\libsysbase.a(close.o)
                0x80007544                _close_r
 .text          0x800075dc       0xc8 c:/devkitpro/devkitppc/bin/../lib/gcc/powerpc-eabi/4.6.3/../../../../powerpc-eabi/lib\libsysbase.a(fstat.o)
                0x800075dc                _fstat_r
 .text          0x800076a4        0x8 c:/devkitpro/devkitppc/bin/../lib/gcc/powerpc-eabi/4.6.3/../../../../powerpc-eabi/lib\libsysbase.a(isatty.o)
                0x800076a4                _isatty_r
 .text          0x800076ac       0xcc c:/devkitpro/devkitppc/bin/../lib/gcc/powerpc-eabi/4.6.3/../../../../powerpc-eabi/lib\libsysbase.a(lseek.o)
                0x800076ac                _lseek_r
 .text          0x80007778       0xac c:/devkitpro/devkitppc/bin/../lib/gcc/powerpc-eabi/4.6.3/../../../../powerpc-eabi/lib\libsysbase.a(read.o)
                0x80007778                _read_r
 .text          0x80007824       0x50 c:/devkitpro/devkitppc/bin/../lib/gcc/powerpc-eabi/4.6.3/../../../../powerpc-eabi/lib\libsysbase.a(sbrk.o)
                0x80007824                _sbrk_r
 .text          0x80007874       0x90 c:/devkitpro/devkitppc/bin/../lib/gcc/powerpc-eabi/4.6.3/../../../../powerpc-eabi/lib\libsysbase.a(stat.o)
                0x80007874                _stat_r
 .text          0x80007904       0xac c:/devkitpro/devkitppc/bin/../lib/gcc/powerpc-eabi/4.6.3/../../../../powerpc-eabi/lib\libsysbase.a(write.o)
                0x80007904                _write_r
 .text          0x800079b0       0x6c c:/devkitpro/devkitppc/bin/../lib/gcc/powerpc-eabi/4.6.3/../../../../powerpc-eabi/lib\libsysbase.a(flock.o)
                0x800079b0                __flockfile
                0x800079f8                __funlockfile
 .text          0x80007a1c      0x174 c:/devkitpro/devkitppc/bin/../lib/gcc/powerpc-eabi/4.6.3/../../../../powerpc-eabi/lib\libsysbase.a(handle_manager.o)
                0x80007a1c                __release_handle
                0x80007a78                __alloc_handle
                0x80007b6c                __get_handle
 .text          0x80007b90       0x6c c:/devkitpro/devkitppc/bin/../lib/gcc/powerpc-eabi/4.6.3/crtend.o
 *(.text.*)
 .text._FST_close_r
                0x80007bfc       0x2c fst.o
 .text._FST_seek_r
                0x80007c28       0xd8 fst.o
 .text._FST_fstat_r
                0x80007d00       0xac fst.o
 .text._FST_dirreset_r
                0x80007dac       0x30 fst.o
 .text._FST_dirclose_r
                0x80007ddc       0x30 fst.o
 .text.cleanup_recursive
                0x80007e0c       0x8c fst.o
 .text._FST_dirnext_r
                0x80007e98      0x120 fst.o
 .text.entry_from_path
                0x80007fb8      0x28c fst.o
 .text._FST_diropen_r
                0x80008244       0x94 fst.o
 .text._FST_chdir_r
                0x800082d8       0x68 fst.o
 .text._FST_stat_r
                0x80008340       0xdc fst.o
 .text._FST_open_r
                0x8000841c       0x84 fst.o
 .text.add_child_entry
                0x800084a0       0xcc fst.o
 .text.read_fst
                0x8000856c      0x184 fst.o
 .text._read    0x800086f0       0xdc fst.o
 .text.read_disc
                0x800087cc      0x718 fst.o
 .text._FST_read_r
                0x80008ee4      0x454 fst.o
 .text.FST_Unmount
                0x80009338       0xc8 fst.o
                0x80009338                FST_Unmount
 .text.FST_Mount
                0x80009400       0x78 fst.o
                0x80009400                FST_Mount
 .text.printerror
                0x80009478       0x80 main.o
                0x80009478                printerror
 .text.initdisc
                0x800094f8      0x124 main.o
                0x800094f8                initdisc
 .text.deinitdisc
                0x8000961c       0x30 main.o
                0x8000961c                deinitdisc
 .text.startup.main
                0x8000964c      0x32c main.o
                0x8000964c                main
 .text.bmul     0x80009978       0x54 rijndael.o
 .text.product  0x800099cc       0x88 rijndael.o
 .text.aes_set_key
                0x80009a54      0x540 rijndael.o
                0x80009a54                aes_set_key
 .text.aes_decrypt
                0x80009f94      0x404 rijndael.o
                0x80009f94                aes_decrypt
 .text._cover_callback
                0x8000a398      0x1bc c:/devkitPro/libogc/lib/wii\libdi.a(di.o)
 .text._DI_ReadDVD_A8_Async
                0x8000a554       0x94 c:/devkitPro/libogc/lib/wii\libdi.a(di.o)
 .text._DI_ReadDVD_D0_Async
                0x8000a5e8       0x9c c:/devkitPro/libogc/lib/wii\libdi.a(di.o)
 .text._DI_ReadDVD
                0x8000a684       0xe0 c:/devkitPro/libogc/lib/wii\libdi.a(di.o)
 .text._DI_ReadDVD_Check_Async
                0x8000a764       0x98 c:/devkitPro/libogc/lib/wii\libdi.a(di.o)
 .text._DI_ReadDVD_A8
                0x8000a7fc       0xd0 c:/devkitPro/libogc/lib/wii\libdi.a(di.o)
 .text._DI_ReadDVD_D0
                0x8000a8cc       0xd4 c:/devkitPro/libogc/lib/wii\libdi.a(di.o)
 .text._DI_ReadDVD_Check
                0x8000a9a0       0x90 c:/devkitPro/libogc/lib/wii\libdi.a(di.o)
 .text.DI_Init  0x8000aa30      0x10c c:/devkitPro/libogc/lib/wii\libdi.a(di.o)
                0x8000aa30                DI_Init
 .text.DI_LoadDVDX
                0x8000ab3c        0x8 c:/devkitPro/libogc/lib/wii\libdi.a(di.o)
                0x8000ab3c                DI_LoadDVDX
 .text.DI_Close
                0x8000ab44       0x60 c:/devkitPro/libogc/lib/wii\libdi.a(di.o)
                0x8000ab44                DI_Close
 .text.DI_GetStatus
                0x8000aba4        0x8 c:/devkitPro/libogc/lib/wii\libdi.a(di.o)
                0x8000aba4                DI_GetStatus
 .text.DI_GetError
                0x8000abac       0x9c c:/devkitPro/libogc/lib/wii\libdi.a(di.o)
                0x8000abac                DI_GetError
 .text.DI_ReadDVD
                0x8000ac48      0x120 c:/devkitPro/libogc/lib/wii\libdi.a(di.o)
                0x8000ac48                DI_ReadDVD
 .text.DI_GetCoverRegister
                0x8000ad68       0x9c c:/devkitPro/libogc/lib/wii\libdi.a(di.o)
                0x8000ad68                DI_GetCoverRegister
 .text.DI_Mount
                0x8000ae04       0x78 c:/devkitPro/libogc/lib/wii\libdi.a(di.o)
                0x8000ae04                DI_Mount
 .text.DI_ClosePartition
                0x8000ae7c       0x88 c:/devkitPro/libogc/lib/wii\libdi.a(di.o)
                0x8000ae7c                DI_ClosePartition
 .text.DI_OpenPartition
                0x8000af04       0xd8 c:/devkitPro/libogc/lib/wii\libdi.a(di.o)
                0x8000af04                DI_OpenPartition
 .text.DI_Read  0x8000afdc       0xb0 c:/devkitPro/libogc/lib/wii\libdi.a(di.o)
                0x8000afdc                DI_Read
 .text.__wpad_assign_slot
                0x8000b08c      0x220 c:/devkitPro/libogc/lib/wii\libwiiuse.a(wpad.o)
                0x8000b08c                __wpad_assign_slot
 .text.__wpad_def_powcb
                0x8000b2ac       0x20 c:/devkitPro/libogc/lib/wii\libwiiuse.a(wpad.o)
 .text.__wpad_setfmt
                0x8000b2cc       0xf0 c:/devkitPro/libogc/lib/wii\libwiiuse.a(wpad.o)
 .text.__readlinkkey_finished
                0x8000b3bc       0x30 c:/devkitPro/libogc/lib/wii\libwiiuse.a(wpad.o)
 .text.__wpad_patch_finished
                0x8000b3ec       0x2c c:/devkitPro/libogc/lib/wii\libwiiuse.a(wpad.o)
 .text.__wpad_eventCB
                0x8000b418      0x958 c:/devkitPro/libogc/lib/wii\libwiiuse.a(wpad.o)
 .text.__wpad_disconnectCB
                0x8000bd70       0xe8 c:/devkitPro/libogc/lib/wii\libwiiuse.a(wpad.o)
                0x8000bd70                __wpad_disconnectCB
 .text.__wpad_timeouthandler
                0x8000be58       0x98 c:/devkitPro/libogc/lib/wii\libwiiuse.a(wpad.o)
 .text.__initcore_finished
                0x8000bef0       0x40 c:/devkitPro/libogc/lib/wii\libwiiuse.a(wpad.o)
 .text.__wpad_init_finished
                0x8000bf30      0x134 c:/devkitPro/libogc/lib/wii\libwiiuse.a(wpad.o)
 .text.WPAD_ReadEvent
                0x8000c064      0x580 c:/devkitPro/libogc/lib/wii\libwiiuse.a(wpad.o)
                0x8000c064                WPAD_ReadEvent
 .text.WPAD_ReadPending
                0x8000c5e4      0x10c c:/devkitPro/libogc/lib/wii\libwiiuse.a(wpad.o)
                0x8000c5e4                WPAD_ReadPending
 .text.WPAD_Shutdown
                0x8000c6f0       0xdc c:/devkitPro/libogc/lib/wii\libwiiuse.a(wpad.o)
                0x8000c6f0                WPAD_Shutdown
 .text.WPAD_Init
                0x8000c7cc      0x240 c:/devkitPro/libogc/lib/wii\libwiiuse.a(wpad.o)
                0x8000c7cc                WPAD_Init
 .text.__wpad_onreset
                0x8000ca0c       0x2c c:/devkitPro/libogc/lib/wii\libwiiuse.a(wpad.o)
 .text.WPAD_ScanPads
                0x8000ca38        0xc c:/devkitPro/libogc/lib/wii\libwiiuse.a(wpad.o)
                0x8000ca38                WPAD_ScanPads
 .text.WPAD_ButtonsDown
                0x8000ca44       0x28 c:/devkitPro/libogc/lib/wii\libwiiuse.a(wpad.o)
                0x8000ca44                WPAD_ButtonsDown
 .text.motion_plus_disconnected
                0x8000ca6c       0x10 c:/devkitPro/libogc/lib/wii\libwiiuse.a(motion_plus.o)
                0x8000ca6c                motion_plus_disconnected
 .text.motion_plus_event
                0x8000ca7c       0x64 c:/devkitPro/libogc/lib/wii\libwiiuse.a(motion_plus.o)
                0x8000ca7c                motion_plus_event
 .text.calculate_gforce
                0x8000cae0      0x114 c:/devkitPro/libogc/lib/wii\libwiiuse.a(dynamics.o)
                0x8000cae0                calculate_gforce
 .text.calc_joystick_state
                0x8000cbf4      0x21c c:/devkitPro/libogc/lib/wii\libwiiuse.a(dynamics.o)
                0x8000cbf4                calc_joystick_state
 .text.apply_smoothing
                0x8000ce10      0x148 c:/devkitPro/libogc/lib/wii\libwiiuse.a(dynamics.o)
                0x8000ce10                apply_smoothing
 .text.calculate_orientation
                0x8000cf58      0x29c c:/devkitPro/libogc/lib/wii\libwiiuse.a(dynamics.o)
                0x8000cf58                calculate_orientation
 .text.calc_balanceboard_state
                0x8000d1f4      0x36c c:/devkitPro/libogc/lib/wii\libwiiuse.a(dynamics.o)
                0x8000d1f4                calc_balanceboard_state
 .text.wiiuse_handshake_expansion
                0x8000d560      0x1d4 c:/devkitPro/libogc/lib/wii\libwiiuse.a(io.o)
                0x8000d560                wiiuse_handshake_expansion
 .text.wiiuse_handshake
                0x8000d734      0x150 c:/devkitPro/libogc/lib/wii\libwiiuse.a(io.o)
                0x8000d734                wiiuse_handshake
 .text.wiiuse_handshake_expansion_start
                0x8000d884       0x24 c:/devkitPro/libogc/lib/wii\libwiiuse.a(io.o)
                0x8000d884                wiiuse_handshake_expansion_start
 .text.wiiuse_disable_expansion
                0x8000d8a8       0xc0 c:/devkitPro/libogc/lib/wii\libwiiuse.a(io.o)
                0x8000d8a8                wiiuse_disable_expansion
 .text.__wiiuse_disconnected
                0x8000d968       0x90 c:/devkitPro/libogc/lib/wii\libwiiuse.a(io_wii.o)
 .text.__wiiuse_receive
                0x8000d9f8       0x8c c:/devkitPro/libogc/lib/wii\libwiiuse.a(io_wii.o)
 .text.__wiiuse_connected
                0x8000da84       0x7c c:/devkitPro/libogc/lib/wii\libwiiuse.a(io_wii.o)
 .text.__wiiuse_sensorbar_enable
                0x8000db00       0x48 c:/devkitPro/libogc/lib/wii\libwiiuse.a(io_wii.o)
                0x8000db00                __wiiuse_sensorbar_enable
 .text.wiiuse_register
                0x8000db48       0xa4 c:/devkitPro/libogc/lib/wii\libwiiuse.a(io_wii.o)
                0x8000db48                wiiuse_register
 .text.wiiuse_disconnect
                0x8000dbec       0x40 c:/devkitPro/libogc/lib/wii\libwiiuse.a(io_wii.o)
                0x8000dbec                wiiuse_disconnect
 .text.wiiuse_init_cmd_queue
                0x8000dc2c       0x84 c:/devkitPro/libogc/lib/wii\libwiiuse.a(io_wii.o)
                0x8000dc2c                wiiuse_init_cmd_queue
 .text.wiiuse_io_write
                0x8000dcb0       0x38 c:/devkitPro/libogc/lib/wii\libwiiuse.a(io_wii.o)
                0x8000dcb0                wiiuse_io_write
 .text.get_ir_sens.isra.0
                0x8000dce8       0xe8 c:/devkitPro/libogc/lib/wii\libwiiuse.a(ir.o)
 .text.rotate_dots
                0x8000ddd0      0x110 c:/devkitPro/libogc/lib/wii\libwiiuse.a(ir.o)
 .text.wiiuse_set_ir_mode
                0x8000dee0       0x60 c:/devkitPro/libogc/lib/wii\libwiiuse.a(ir.o)
                0x8000dee0                wiiuse_set_ir_mode
 .text.wiiuse_set_ir
                0x8000df40      0x190 c:/devkitPro/libogc/lib/wii\libwiiuse.a(ir.o)
                0x8000df40                wiiuse_set_ir
 .text.wiiuse_set_ir_position
                0x8000e0d0       0x78 c:/devkitPro/libogc/lib/wii\libwiiuse.a(ir.o)
                0x8000e0d0                wiiuse_set_ir_position
 .text.wiiuse_set_aspect_ratio
                0x8000e148       0x3c c:/devkitPro/libogc/lib/wii\libwiiuse.a(ir.o)
                0x8000e148                wiiuse_set_aspect_ratio
 .text.wiiuse_set_ir_sensitivity
                0x8000e184       0xf8 c:/devkitPro/libogc/lib/wii\libwiiuse.a(ir.o)
                0x8000e184                wiiuse_set_ir_sensitivity
 .text.calculate_basic_ir
                0x8000e27c       0xfc c:/devkitPro/libogc/lib/wii\libwiiuse.a(ir.o)
                0x8000e27c                calculate_basic_ir
 .text.calculate_extended_ir
                0x8000e378       0x7c c:/devkitPro/libogc/lib/wii\libwiiuse.a(ir.o)
                0x8000e378                calculate_extended_ir
 .text.find_sensorbar
                0x8000e3f4      0x7fc c:/devkitPro/libogc/lib/wii\libwiiuse.a(ir.o)
                0x8000e3f4                find_sensorbar
 .text.apply_ir_smoothing
                0x8000ebf0       0xd4 c:/devkitPro/libogc/lib/wii\libwiiuse.a(ir.o)
                0x8000ebf0                apply_ir_smoothing
 .text.calc_yaw
                0x8000ecc4       0x54 c:/devkitPro/libogc/lib/wii\libwiiuse.a(ir.o)
                0x8000ecc4                calc_yaw
 .text.interpret_ir_data
                0x8000ed18      0x370 c:/devkitPro/libogc/lib/wii\libwiiuse.a(ir.o)
                0x8000ed18                interpret_ir_data
 .text.nunchuk_handshake
                0x8000f088      0x228 c:/devkitPro/libogc/lib/wii\libwiiuse.a(nunchuk.o)
                0x8000f088                nunchuk_handshake
 .text.nunchuk_disconnected
                0x8000f2b0       0x28 c:/devkitPro/libogc/lib/wii\libwiiuse.a(nunchuk.o)
                0x8000f2b0                nunchuk_disconnected
 .text.nunchuk_event
                0x8000f2d8       0xe4 c:/devkitPro/libogc/lib/wii\libwiiuse.a(nunchuk.o)
                0x8000f2d8                nunchuk_event
 .text.wii_board_handshake
                0x8000f3bc      0x170 c:/devkitPro/libogc/lib/wii\libwiiuse.a(wiiboard.o)
                0x8000f3bc                wii_board_handshake
 .text.wii_board_disconnected
                0x8000f52c       0x28 c:/devkitPro/libogc/lib/wii\libwiiuse.a(wiiboard.o)
                0x8000f52c                wii_board_disconnected
 .text.wii_board_event
                0x8000f554       0x54 c:/devkitPro/libogc/lib/wii\libwiiuse.a(wiiboard.o)
                0x8000f554                wii_board_event
 .text.wiiuse_send_next_command
                0x8000f5a8       0x6c c:/devkitPro/libogc/lib/wii\libwiiuse.a(wiiuse.o)
                0x8000f5a8                wiiuse_send_next_command
 .text.__wiiuse_push_command
                0x8000f614       0x94 c:/devkitPro/libogc/lib/wii\libwiiuse.a(wiiuse.o)
 .text.wiiuse_init
                0x8000f6a8      0x154 c:/devkitPro/libogc/lib/wii\libwiiuse.a(wiiuse.o)
                0x8000f6a8                wiiuse_init
 .text.wiiuse_set_flags
                0x8000f7fc       0x24 c:/devkitPro/libogc/lib/wii\libwiiuse.a(wiiuse.o)
                0x8000f7fc                wiiuse_set_flags
 .text.wiiuse_read_data
                0x8000f820       0x94 c:/devkitPro/libogc/lib/wii\libwiiuse.a(wiiuse.o)
                0x8000f820                wiiuse_read_data
 .text.wiiuse_write_data
                0x8000f8b4       0xc0 c:/devkitPro/libogc/lib/wii\libwiiuse.a(wiiuse.o)
                0x8000f8b4                wiiuse_write_data
 .text.wiiuse_sendcmd
                0x8000f974       0x90 c:/devkitPro/libogc/lib/wii\libwiiuse.a(wiiuse.o)
                0x8000f974                wiiuse_sendcmd
 .text.wiiuse_status
                0x8000fa04       0x4c c:/devkitPro/libogc/lib/wii\libwiiuse.a(wiiuse.o)
                0x8000fa04                wiiuse_status
 .text.wiiuse_motion_sensing
                0x8000fa50       0x3c c:/devkitPro/libogc/lib/wii\libwiiuse.a(wiiuse.o)
                0x8000fa50                wiiuse_motion_sensing
 .text.wiiuse_set_report_type
                0x8000fa8c       0xd0 c:/devkitPro/libogc/lib/wii\libwiiuse.a(wiiuse.o)
                0x8000fa8c                wiiuse_set_report_type
 .text.wiiuse_set_leds
                0x8000fb5c       0x50 c:/devkitPro/libogc/lib/wii\libwiiuse.a(wiiuse.o)
                0x8000fb5c                wiiuse_set_leds
 .text.wiiuse_set_speaker
                0x8000fbac      0x1e4 c:/devkitPro/libogc/lib/wii\libwiiuse.a(speaker.o)
                0x8000fbac                wiiuse_set_speaker
 .text.classic_ctrl_handshake
                0x8000fd90      0x188 c:/devkitPro/libogc/lib/wii\libwiiuse.a(classic.o)
                0x8000fd90                classic_ctrl_handshake
 .text.classic_ctrl_disconnected
                0x8000ff18       0x28 c:/devkitPro/libogc/lib/wii\libwiiuse.a(classic.o)
                0x8000ff18                classic_ctrl_disconnected
 .text.classic_ctrl_event
                0x8000ff40       0xa4 c:/devkitPro/libogc/lib/wii\libwiiuse.a(classic.o)
                0x8000ff40                classic_ctrl_event
 .text.handle_expansion
                0x8000ffe4       0x70 c:/devkitPro/libogc/lib/wii\libwiiuse.a(events.o)
 .text.wiiuse_pressed_buttons
                0x80010054       0x2c c:/devkitPro/libogc/lib/wii\libwiiuse.a(events.o)
                0x80010054                wiiuse_pressed_buttons
 .text.parse_event
                0x80010080      0x540 c:/devkitPro/libogc/lib/wii\libwiiuse.a(events.o)
                0x80010080                parse_event
 .text.guitar_hero_3_handshake
                0x800105c0       0x68 c:/devkitPro/libogc/lib/wii\libwiiuse.a(guitar_hero_3.o)
                0x800105c0                guitar_hero_3_handshake
 .text.guitar_hero_3_disconnected
                0x80010628       0x28 c:/devkitPro/libogc/lib/wii\libwiiuse.a(guitar_hero_3.o)
                0x80010628                guitar_hero_3_disconnected
 .text.guitar_hero_3_event
                0x80010650       0x68 c:/devkitPro/libogc/lib/wii\libwiiuse.a(guitar_hero_3.o)
                0x80010650                guitar_hero_3_event
 .text.acl_wlp_completed
                0x800106b8        0x8 c:/devkitPro/libogc/lib/wii\libbte.a(bte.o)
                0x800106b8                acl_wlp_completed
 .text.__bte_cmdfinish
                0x800106c0       0x9c c:/devkitPro/libogc/lib/wii\libbte.a(bte.o)
 .text.bte_hci_initsub_complete
                0x8001075c      0x12c c:/devkitPro/libogc/lib/wii\libbte.a(bte.o)
                0x8001075c                bte_hci_initsub_complete
 .text.bte_hci_initcore_complete2
                0x80010888       0xf0 c:/devkitPro/libogc/lib/wii\libbte.a(bte.o)
                0x80010888                bte_hci_initcore_complete2
 .text.bte_hci_patch_complete
                0x80010978      0x1b0 c:/devkitPro/libogc/lib/wii\libbte.a(bte.o)
                0x80010978                bte_hci_patch_complete
 .text.bte_hci_apply_patch_complete
                0x80010b28       0xa8 c:/devkitPro/libogc/lib/wii\libbte.a(bte.o)
                0x80010b28                bte_hci_apply_patch_complete
 .text.bte_hci_initcore_complete
                0x80010bd0      0x158 c:/devkitPro/libogc/lib/wii\libbte.a(bte.o)
                0x80010bd0                bte_hci_initcore_complete
 .text.__bte_close_ctrl_queue
                0x80010d28       0x80 c:/devkitPro/libogc/lib/wii\libbte.a(bte.o)
 .text.__bte_send_pending_request
                0x80010da8       0xb8 c:/devkitPro/libogc/lib/wii\libbte.a(bte.o)
 .text.l2cap_disconnect_cfm
                0x80010e60       0xe0 c:/devkitPro/libogc/lib/wii\libbte.a(bte.o)
                0x80010e60                l2cap_disconnect_cfm
 .text.acl_conn_complete
                0x80010f40       0x2c c:/devkitPro/libogc/lib/wii\libbte.a(bte.o)
                0x80010f40                acl_conn_complete
 .text.__bte_shutdown_finished
                0x80010f6c       0x5c c:/devkitPro/libogc/lib/wii\libbte.a(bte.o)
 .text.bt_alarmhandler
                0x80010fc8       0x60 c:/devkitPro/libogc/lib/wii\libbte.a(bte.o)
 .text.bte_read_stored_link_key_complete
                0x80011028      0x108 c:/devkitPro/libogc/lib/wii\libbte.a(bte.o)
                0x80011028                bte_read_stored_link_key_complete
 .text.l2cap_accepted
                0x80011130       0xd8 c:/devkitPro/libogc/lib/wii\libbte.a(bte.o)
                0x80011130                l2cap_accepted
 .text.l2cap_disconnected_ind
                0x80011208       0xb8 c:/devkitPro/libogc/lib/wii\libbte.a(bte.o)
                0x80011208                l2cap_disconnected_ind
 .text.bte_process_input
                0x800112c0       0xf4 c:/devkitPro/libogc/lib/wii\libbte.a(bte.o)
 .text.__bte_waitcmdfinish.constprop.6
                0x800113b4       0x78 c:/devkitPro/libogc/lib/wii\libbte.a(bte.o)
 .text.BTE_Init
                0x8001142c      0x108 c:/devkitPro/libogc/lib/wii\libbte.a(bte.o)
                0x8001142c                BTE_Init
 .text.BTE_Shutdown
                0x80011534       0x94 c:/devkitPro/libogc/lib/wii\libbte.a(bte.o)
                0x80011534                BTE_Shutdown
 .text.BTE_InitCore
                0x800115c8       0x7c c:/devkitPro/libogc/lib/wii\libbte.a(bte.o)
                0x800115c8                BTE_InitCore
 .text.BTE_ApplyPatch
                0x80011644       0x98 c:/devkitPro/libogc/lib/wii\libbte.a(bte.o)
                0x80011644                BTE_ApplyPatch
 .text.BTE_InitSub
                0x800116dc       0x80 c:/devkitPro/libogc/lib/wii\libbte.a(bte.o)
                0x800116dc                BTE_InitSub
 .text.BTE_ReadStoredLinkKey
                0x8001175c       0x80 c:/devkitPro/libogc/lib/wii\libbte.a(bte.o)
                0x8001175c                BTE_ReadStoredLinkKey
 .text.BTE_SetDisconnectCallback
                0x800117dc       0x20 c:/devkitPro/libogc/lib/wii\libbte.a(bte.o)
                0x800117dc                BTE_SetDisconnectCallback
 .text.bte_new  0x800117fc       0x4c c:/devkitPro/libogc/lib/wii\libbte.a(bte.o)
                0x800117fc                bte_new
 .text.bte_registerdeviceasync
                0x80011848      0x124 c:/devkitPro/libogc/lib/wii\libbte.a(bte.o)
                0x80011848                bte_registerdeviceasync
 .text.bte_disconnect
                0x8001196c       0x9c c:/devkitPro/libogc/lib/wii\libbte.a(bte.o)
                0x8001196c                bte_disconnect
 .text.bte_senddata
                0x80011a08       0xb0 c:/devkitPro/libogc/lib/wii\libbte.a(bte.o)
                0x80011a08                bte_senddata
 .text.bte_arg  0x80011ab8       0x3c c:/devkitPro/libogc/lib/wii\libbte.a(bte.o)
                0x80011ab8                bte_arg
 .text.bte_received
                0x80011af4       0x3c c:/devkitPro/libogc/lib/wii\libbte.a(bte.o)
                0x80011af4                bte_received
 .text.bte_disconnected
                0x80011b30       0x3c c:/devkitPro/libogc/lib/wii\libbte.a(bte.o)
                0x80011b30                bte_disconnected
 .text.hci_init
                0x80011b6c       0x78 c:/devkitPro/libogc/lib/wii\libbte.a(hci.o)
                0x80011b6c                hci_init
 .text.hci_new  0x80011be4       0x3c c:/devkitPro/libogc/lib/wii\libbte.a(hci.o)
                0x80011be4                hci_new
 .text.hci_get_link
                0x80011c20       0x7c c:/devkitPro/libogc/lib/wii\libbte.a(hci.o)
                0x80011c20                hci_get_link
 .text.hci_close
                0x80011c9c       0xcc c:/devkitPro/libogc/lib/wii\libbte.a(hci.o)
                0x80011c9c                hci_close
 .text.hci_reset_all
                0x80011d68       0x9c c:/devkitPro/libogc/lib/wii\libbte.a(hci.o)
                0x80011d68                hci_reset_all
 .text.hci_arg  0x80011e04        0xc c:/devkitPro/libogc/lib/wii\libbte.a(hci.o)
                0x80011e04                hci_arg
 .text.hci_cmd_complete
                0x80011e10        0xc c:/devkitPro/libogc/lib/wii\libbte.a(hci.o)
                0x80011e10                hci_cmd_complete
 .text.hci_connection_complete
                0x80011e1c        0xc c:/devkitPro/libogc/lib/wii\libbte.a(hci.o)
                0x80011e1c                hci_connection_complete
 .text.hci_wlp_complete
                0x80011e28        0xc c:/devkitPro/libogc/lib/wii\libbte.a(hci.o)
                0x80011e28                hci_wlp_complete
 .text.hci_cmd_ass
                0x80011e34       0x48 c:/devkitPro/libogc/lib/wii\libbte.a(hci.o)
                0x80011e34                hci_cmd_ass
 .text.hci_reset
                0x80011e7c       0x64 c:/devkitPro/libogc/lib/wii\libbte.a(hci.o)
                0x80011e7c                hci_reset
 .text.hci_read_buffer_size
                0x80011ee0       0x64 c:/devkitPro/libogc/lib/wii\libbte.a(hci.o)
                0x80011ee0                hci_read_buffer_size
 .text.hci_read_bd_addr
                0x80011f44       0x64 c:/devkitPro/libogc/lib/wii\libbte.a(hci.o)
                0x80011f44                hci_read_bd_addr
 .text.hci_read_local_version
                0x80011fa8       0x64 c:/devkitPro/libogc/lib/wii\libbte.a(hci.o)
                0x80011fa8                hci_read_local_version
 .text.hci_read_local_features
                0x8001200c       0x64 c:/devkitPro/libogc/lib/wii\libbte.a(hci.o)
                0x8001200c                hci_read_local_features
 .text.hci_read_stored_link_key
                0x80012070       0xac c:/devkitPro/libogc/lib/wii\libbte.a(hci.o)
                0x80012070                hci_read_stored_link_key
 .text.hci_write_page_timeout
                0x8001211c       0x7c c:/devkitPro/libogc/lib/wii\libbte.a(hci.o)
                0x8001211c                hci_write_page_timeout
 .text.hci_write_scan_enable
                0x80012198       0x6c c:/devkitPro/libogc/lib/wii\libbte.a(hci.o)
                0x80012198                hci_write_scan_enable
 .text.hci_accecpt_conn_request
                0x80012204       0x80 c:/devkitPro/libogc/lib/wii\libbte.a(hci.o)
                0x80012204                hci_accecpt_conn_request
 .text.hci_write_local_name
                0x80012284       0x80 c:/devkitPro/libogc/lib/wii\libbte.a(hci.o)
                0x80012284                hci_write_local_name
 .text.hci_write_pin_type
                0x80012304       0x6c c:/devkitPro/libogc/lib/wii\libbte.a(hci.o)
                0x80012304                hci_write_pin_type
 .text.hci_write_inquiry_mode
                0x80012370       0x6c c:/devkitPro/libogc/lib/wii\libbte.a(hci.o)
                0x80012370                hci_write_inquiry_mode
 .text.hci_write_page_scan_type
                0x800123dc       0x6c c:/devkitPro/libogc/lib/wii\libbte.a(hci.o)
                0x800123dc                hci_write_page_scan_type
 .text.hci_write_inquiry_scan_type
                0x80012448       0x6c c:/devkitPro/libogc/lib/wii\libbte.a(hci.o)
                0x80012448                hci_write_inquiry_scan_type
 .text.hci_vendor_specific_command
                0x800124b4       0x8c c:/devkitPro/libogc/lib/wii\libbte.a(hci.o)
                0x800124b4                hci_vendor_specific_command
 .text.hci_write_link_policy_settings
                0x80012540       0xa0 c:/devkitPro/libogc/lib/wii\libbte.a(hci.o)
                0x80012540                hci_write_link_policy_settings
 .text.hci_pin_code_request_neg_reply
                0x800125e0       0x74 c:/devkitPro/libogc/lib/wii\libbte.a(hci.o)
                0x800125e0                hci_pin_code_request_neg_reply
 .text.hci_disconnect
                0x80012654       0x98 c:/devkitPro/libogc/lib/wii\libbte.a(hci.o)
                0x80012654                hci_disconnect
 .text.hci_write_cod
                0x800126ec       0x78 c:/devkitPro/libogc/lib/wii\libbte.a(hci.o)
                0x800126ec                hci_write_cod
 .text.hci_host_buffer_size
                0x80012764       0xb4 c:/devkitPro/libogc/lib/wii\libbte.a(hci.o)
                0x80012764                hci_host_buffer_size
 .text.hci_host_num_comp_packets
                0x80012818       0xac c:/devkitPro/libogc/lib/wii\libbte.a(hci.o)
                0x80012818                hci_host_num_comp_packets
 .text.lp_pdu_maxsize
                0x800128c4        0xc c:/devkitPro/libogc/lib/wii\libbte.a(hci.o)
                0x800128c4                lp_pdu_maxsize
 .text.lp_acl_write
                0x800128d0      0x114 c:/devkitPro/libogc/lib/wii\libbte.a(hci.o)
                0x800128d0                lp_acl_write
 .text.lp_write_flush_timeout
                0x800129e4       0xa0 c:/devkitPro/libogc/lib/wii\libbte.a(hci.o)
                0x800129e4                lp_write_flush_timeout
 .text.hci_event_handler
                0x80012a84      0xa6c c:/devkitPro/libogc/lib/wii\libbte.a(hci.o)
                0x80012a84                hci_event_handler
 .text.hci_acldata_handler
                0x800134f0       0xdc c:/devkitPro/libogc/lib/wii\libbte.a(hci.o)
                0x800134f0                hci_acldata_handler
 .text.l2cap_cid_alloc
                0x800135cc       0x4c c:/devkitPro/libogc/lib/wii\libbte.a(l2cap.o)
 .text.l2cap_init
                0x80013618       0x60 c:/devkitPro/libogc/lib/wii\libbte.a(l2cap.o)
                0x80013618                l2cap_init
 .text.l2cap_write
                0x80013678       0xe0 c:/devkitPro/libogc/lib/wii\libbte.a(l2cap.o)
                0x80013678                l2cap_write
 .text.l2cap_new
                0x80013758       0x6c c:/devkitPro/libogc/lib/wii\libbte.a(l2cap.o)
                0x80013758                l2cap_new
 .text.l2cap_close
                0x800137c4      0x15c c:/devkitPro/libogc/lib/wii\libbte.a(l2cap.o)
                0x800137c4                l2cap_close
 .text.l2cap_reset_all
                0x80013920      0x104 c:/devkitPro/libogc/lib/wii\libbte.a(l2cap.o)
                0x80013920                l2cap_reset_all
 .text.l2cap_rexmit_signal
                0x80013a24       0x10 c:/devkitPro/libogc/lib/wii\libbte.a(l2cap.o)
                0x80013a24                l2cap_rexmit_signal
 .text.l2ca_datawrite
                0x80013a34       0xe8 c:/devkitPro/libogc/lib/wii\libbte.a(l2cap.o)
                0x80013a34                l2ca_datawrite
 .text.lp_connect_ind
                0x80013b1c        0x4 c:/devkitPro/libogc/lib/wii\libbte.a(l2cap.o)
                0x80013b1c                lp_connect_ind
 .text.lp_disconnect_ind
                0x80013b20       0xe4 c:/devkitPro/libogc/lib/wii\libbte.a(l2cap.o)
                0x80013b20                lp_disconnect_ind
 .text.l2cap_disconnect_bb
                0x80013c04       0x10 c:/devkitPro/libogc/lib/wii\libbte.a(l2cap.o)
                0x80013c04                l2cap_disconnect_bb
 .text.l2cap_next_sigid
                0x80013c14       0x28 c:/devkitPro/libogc/lib/wii\libbte.a(l2cap.o)
                0x80013c14                l2cap_next_sigid
 .text.l2cap_signal
                0x80013c3c      0x184 c:/devkitPro/libogc/lib/wii\libbte.a(l2cap.o)
                0x80013c3c                l2cap_signal
 .text.lp_connect_cfm
                0x80013dc0      0x130 c:/devkitPro/libogc/lib/wii\libbte.a(l2cap.o)
                0x80013dc0                lp_connect_cfm
 .text.l2ca_disconnect_req
                0x80013ef0       0xac c:/devkitPro/libogc/lib/wii\libbte.a(l2cap.o)
                0x80013ef0                l2ca_disconnect_req
 .text.l2cap_tmr
                0x80013f9c      0x1e8 c:/devkitPro/libogc/lib/wii\libbte.a(l2cap.o)
                0x80013f9c                l2cap_tmr
 .text.l2ca_config_req
                0x80014184      0x108 c:/devkitPro/libogc/lib/wii\libbte.a(l2cap.o)
                0x80014184                l2ca_config_req
 .text.l2cap_process_sig
                0x8001428c     0x1078 c:/devkitPro/libogc/lib/wii\libbte.a(l2cap.o)
                0x8001428c                l2cap_process_sig
 .text.l2cap_input
                0x80015304      0x4e8 c:/devkitPro/libogc/lib/wii\libbte.a(l2cap.o)
                0x80015304                l2cap_input
 .text.l2cap_arg
                0x800157ec        0x8 c:/devkitPro/libogc/lib/wii\libbte.a(l2cap.o)
                0x800157ec                l2cap_arg
 .text.l2cap_connect_ind
                0x800157f4       0xd8 c:/devkitPro/libogc/lib/wii\libbte.a(l2cap.o)
                0x800157f4                l2cap_connect_ind
 .text.l2cap_disconnect_ind
                0x800158cc        0x8 c:/devkitPro/libogc/lib/wii\libbte.a(l2cap.o)
                0x800158cc                l2cap_disconnect_ind
 .text.l2cap_recv
                0x800158d4        0x8 c:/devkitPro/libogc/lib/wii\libbte.a(l2cap.o)
                0x800158d4                l2cap_recv
 .text.btmemb_init
                0x800158dc       0x40 c:/devkitPro/libogc/lib/wii\libbte.a(btmemb.o)
                0x800158dc                btmemb_init
 .text.btmemb_alloc
                0x8001591c       0x9c c:/devkitPro/libogc/lib/wii\libbte.a(btmemb.o)
                0x8001591c                btmemb_alloc
 .text.btmemb_free
                0x800159b8       0xa4 c:/devkitPro/libogc/lib/wii\libbte.a(btmemb.o)
                0x800159b8                btmemb_free
 .text.plug_holes
                0x80015a5c       0xb8 c:/devkitPro/libogc/lib/wii\libbte.a(btmemr.o)
 .text.btmemr_init
                0x80015b14       0x8c c:/devkitPro/libogc/lib/wii\libbte.a(btmemr.o)
                0x80015b14                btmemr_init
 .text.btmemr_malloc
                0x80015ba0      0x164 c:/devkitPro/libogc/lib/wii\libbte.a(btmemr.o)
                0x80015ba0                btmemr_malloc
 .text.btmemr_free
                0x80015d04       0x94 c:/devkitPro/libogc/lib/wii\libbte.a(btmemr.o)
                0x80015d04                btmemr_free
 .text.btmemr_realloc
                0x80015d98       0xf0 c:/devkitPro/libogc/lib/wii\libbte.a(btmemr.o)
                0x80015d98                btmemr_realloc
 .text.btpbuf_init
                0x80015e88       0x2c c:/devkitPro/libogc/lib/wii\libbte.a(btpbuf.o)
                0x80015e88                btpbuf_init
 .text.btpbuf_free
                0x80015eb4       0xc4 c:/devkitPro/libogc/lib/wii\libbte.a(btpbuf.o)
                0x80015eb4                btpbuf_free
 .text.btpbuf_alloc
                0x80015f78      0x1d0 c:/devkitPro/libogc/lib/wii\libbte.a(btpbuf.o)
                0x80015f78                btpbuf_alloc
 .text.btpbuf_realloc
                0x80016148       0xa4 c:/devkitPro/libogc/lib/wii\libbte.a(btpbuf.o)
                0x80016148                btpbuf_realloc
 .text.btpbuf_header
                0x800161ec       0x98 c:/devkitPro/libogc/lib/wii\libbte.a(btpbuf.o)
                0x800161ec                btpbuf_header
 .text.btpbuf_ref
                0x80016284       0x4c c:/devkitPro/libogc/lib/wii\libbte.a(btpbuf.o)
                0x80016284                btpbuf_ref
 .text.btpbuf_cat
                0x800162d0       0x48 c:/devkitPro/libogc/lib/wii\libbte.a(btpbuf.o)
                0x800162d0                btpbuf_cat
 .text.btpbuf_chain
                0x80016318       0x34 c:/devkitPro/libogc/lib/wii\libbte.a(btpbuf.o)
                0x80016318                btpbuf_chain
 .text.btpbuf_dechain
                0x8001634c       0x60 c:/devkitPro/libogc/lib/wii\libbte.a(btpbuf.o)
                0x8001634c                btpbuf_dechain
 .text.btpbuf_take
                0x800163ac       0xe8 c:/devkitPro/libogc/lib/wii\libbte.a(btpbuf.o)
                0x800163ac                btpbuf_take
 .text.__usb_closeCB
                0x80016494       0x10 c:/devkitPro/libogc/lib/wii\libbte.a(physbusif.o)
 .text.__writebulkmsgCB
                0x800164a4       0x34 c:/devkitPro/libogc/lib/wii\libbte.a(physbusif.o)
 .text.__writectrlmsgCB
                0x800164d8       0x34 c:/devkitPro/libogc/lib/wii\libbte.a(physbusif.o)
 .text.__initUsbIOBuffer
                0x8001650c       0x78 c:/devkitPro/libogc/lib/wii\libbte.a(physbusif.o)
 .text.__issue_intrread.part.0
                0x80016584       0x7c c:/devkitPro/libogc/lib/wii\libbte.a(physbusif.o)
 .text.__readintrdataCB
                0x80016600       0xf0 c:/devkitPro/libogc/lib/wii\libbte.a(physbusif.o)
 .text.__issue_bulkread.part.2
                0x800166f0       0x7c c:/devkitPro/libogc/lib/wii\libbte.a(physbusif.o)
 .text.__readbulkdataCB
                0x8001676c       0xf0 c:/devkitPro/libogc/lib/wii\libbte.a(physbusif.o)
 .text.physbusif_init
                0x8001685c      0x15c c:/devkitPro/libogc/lib/wii\libbte.a(physbusif.o)
                0x8001685c                physbusif_init
 .text.physbusif_close
                0x800169b8       0x28 c:/devkitPro/libogc/lib/wii\libbte.a(physbusif.o)
                0x800169b8                physbusif_close
 .text.physbusif_shutdown
                0x800169e0       0x40 c:/devkitPro/libogc/lib/wii\libbte.a(physbusif.o)
                0x800169e0                physbusif_shutdown
 .text.physbusif_reset_all
                0x80016a20        0x4 c:/devkitPro/libogc/lib/wii\libbte.a(physbusif.o)
                0x80016a20                physbusif_reset_all
 .text.physbusif_output
                0x80016a24      0x140 c:/devkitPro/libogc/lib/wii\libbte.a(physbusif.o)
                0x80016a24                physbusif_output
 .text.fatMount
                0x80016b64      0x120 c:/devkitPro/libogc/lib/wii\libfat.a(libfat.o)
                0x80016b64                fatMount
 .text.fatMountSimple
                0x80016c84       0x10 c:/devkitPro/libogc/lib/wii\libfat.a(libfat.o)
                0x80016c84                fatMountSimple
 .text.fatUnmount
                0x80016c94       0x60 c:/devkitPro/libogc/lib/wii\libfat.a(libfat.o)
                0x80016c94                fatUnmount
 .text.fatInit  0x80016cf4      0x19c c:/devkitPro/libogc/lib/wii\libfat.a(libfat.o)
                0x80016cf4                fatInit
 .text.fatInitDefault
                0x80016e90        0xc c:/devkitPro/libogc/lib/wii\libfat.a(libfat.o)
                0x80016e90                fatInitDefault
 .text.u8array_to_u16
                0x80016e9c       0x18 c:/devkitPro/libogc/lib/wii\libfat.a(partition.o)
 .text.u8array_to_u32
                0x80016eb4       0x30 c:/devkitPro/libogc/lib/wii\libfat.a(partition.o)
 .text.u32_to_u8array
                0x80016ee4       0x20 c:/devkitPro/libogc/lib/wii\libfat.a(partition.o)
 .text.FindFirstValidPartition_buf
                0x80016f04      0x1ec c:/devkitPro/libogc/lib/wii\libfat.a(partition.o)
                0x80016f04                FindFirstValidPartition_buf
 .text._FAT_partition_getPartitionFromPath
                0x800170f0       0x34 c:/devkitPro/libogc/lib/wii\libfat.a(partition.o)
                0x800170f0                _FAT_partition_getPartitionFromPath
 .text._FAT_partition_createFSinfo
                0x80017124       0xec c:/devkitPro/libogc/lib/wii\libfat.a(partition.o)
                0x80017124                _FAT_partition_createFSinfo
 .text._FAT_partition_readFSinfo
                0x80017210       0xe0 c:/devkitPro/libogc/lib/wii\libfat.a(partition.o)
                0x80017210                _FAT_partition_readFSinfo
 .text._FAT_partition_constructor_buf
                0x800172f0      0x384 c:/devkitPro/libogc/lib/wii\libfat.a(partition.o)
                0x800172f0                _FAT_partition_constructor_buf
 .text._FAT_partition_constructor
                0x80017674       0x68 c:/devkitPro/libogc/lib/wii\libfat.a(partition.o)
                0x80017674                _FAT_partition_constructor
 .text._FAT_partition_writeFSinfo
                0x800176dc       0xe8 c:/devkitPro/libogc/lib/wii\libfat.a(partition.o)
                0x800176dc                _FAT_partition_writeFSinfo
 .text._FAT_partition_destructor
                0x800177c4       0x68 c:/devkitPro/libogc/lib/wii\libfat.a(partition.o)
                0x800177c4                _FAT_partition_destructor
 .text._FAT_cache_getPage
                0x8001782c      0x160 c:/devkitPro/libogc/lib/wii\libfat.a(cache.o)
 .text._FAT_cache_constructor
                0x8001798c       0xd4 c:/devkitPro/libogc/lib/wii\libfat.a(cache.o)
                0x8001798c                _FAT_cache_constructor
 .text._FAT_cache_readSectors
                0x80017a60       0xa0 c:/devkitPro/libogc/lib/wii\libfat.a(cache.o)
                0x80017a60                _FAT_cache_readSectors
 .text._FAT_cache_readPartialSector
                0x80017b00       0x80 c:/devkitPro/libogc/lib/wii\libfat.a(cache.o)
                0x80017b00                _FAT_cache_readPartialSector
 .text._FAT_cache_readLittleEndianValue
                0x80017b80       0x98 c:/devkitPro/libogc/lib/wii\libfat.a(cache.o)
                0x80017b80                _FAT_cache_readLittleEndianValue
 .text._FAT_cache_writePartialSector
                0x80017c18       0x88 c:/devkitPro/libogc/lib/wii\libfat.a(cache.o)
                0x80017c18                _FAT_cache_writePartialSector
 .text._FAT_cache_writeLittleEndianValue
                0x80017ca0       0x84 c:/devkitPro/libogc/lib/wii\libfat.a(cache.o)
                0x80017ca0                _FAT_cache_writeLittleEndianValue
 .text._FAT_cache_eraseWritePartialSector
                0x80017d24       0xa0 c:/devkitPro/libogc/lib/wii\libfat.a(cache.o)
                0x80017d24                _FAT_cache_eraseWritePartialSector
 .text._FAT_cache_writeSectors
                0x80017dc4       0xa8 c:/devkitPro/libogc/lib/wii\libfat.a(cache.o)
                0x80017dc4                _FAT_cache_writeSectors
 .text._FAT_cache_flush
                0x80017e6c       0x8c c:/devkitPro/libogc/lib/wii\libfat.a(cache.o)
                0x80017e6c                _FAT_cache_flush
 .text._FAT_cache_destructor
                0x80017ef8       0x58 c:/devkitPro/libogc/lib/wii\libfat.a(cache.o)
                0x80017ef8                _FAT_cache_destructor
 .text.u8array_to_u16
                0x80017f50       0x18 c:/devkitPro/libogc/lib/wii\libfat.a(directory.o)
 .text.u16_to_u8array
                0x80017f68       0x10 c:/devkitPro/libogc/lib/wii\libfat.a(directory.o)
 .text._FAT_directory_entryGetAlias
                0x80017f78      0x124 c:/devkitPro/libogc/lib/wii\libfat.a(directory.o)
 .text._FAT_directory_mbsncasecmp
                0x8001809c       0xec c:/devkitPro/libogc/lib/wii\libfat.a(directory.o)
 .text._FAT_directory_incrementDirEntryPosition
                0x80018188      0x104 c:/devkitPro/libogc/lib/wii\libfat.a(directory.o)
 .text._FAT_fat_clusterToSector
                0x8001828c       0x28 c:/devkitPro/libogc/lib/wii\libfat.a(directory.o)
 .text._FAT_directory_ucs2tombs.constprop.6
                0x800182b4       0xf8 c:/devkitPro/libogc/lib/wii\libfat.a(directory.o)
 .text._FAT_directory_entryGetCluster
                0x800183ac       0x54 c:/devkitPro/libogc/lib/wii\libfat.a(directory.o)
                0x800183ac                _FAT_directory_entryGetCluster
 .text._FAT_directory_getNextEntry
                0x80018400      0x294 c:/devkitPro/libogc/lib/wii\libfat.a(directory.o)
                0x80018400                _FAT_directory_getNextEntry
 .text._FAT_directory_getFirstEntry
                0x80018694       0x28 c:/devkitPro/libogc/lib/wii\libfat.a(directory.o)
                0x80018694                _FAT_directory_getFirstEntry
 .text._FAT_directory_entryExists
                0x800186bc       0xc4 c:/devkitPro/libogc/lib/wii\libfat.a(directory.o)
 .text._FAT_directory_getRootEntry
                0x80018780       0xa8 c:/devkitPro/libogc/lib/wii\libfat.a(directory.o)
                0x80018780                _FAT_directory_getRootEntry
 .text._FAT_directory_entryFromPosition
                0x80018828      0x19c c:/devkitPro/libogc/lib/wii\libfat.a(directory.o)
                0x80018828                _FAT_directory_entryFromPosition
 .text._FAT_directory_entryFromPath
                0x800189c4      0x29c c:/devkitPro/libogc/lib/wii\libfat.a(directory.o)
                0x800189c4                _FAT_directory_entryFromPath
 .text._FAT_directory_removeEntry
                0x80018c60       0xf0 c:/devkitPro/libogc/lib/wii\libfat.a(directory.o)
                0x80018c60                _FAT_directory_removeEntry
 .text._FAT_directory_addEntry
                0x80018d50      0xa00 c:/devkitPro/libogc/lib/wii\libfat.a(directory.o)
                0x80018d50                _FAT_directory_addEntry
 .text._FAT_directory_chdir
                0x80019750       0x60 c:/devkitPro/libogc/lib/wii\libfat.a(directory.o)
                0x80019750                _FAT_directory_chdir
 .text._FAT_directory_entryStat
                0x800197b0      0x174 c:/devkitPro/libogc/lib/wii\libfat.a(directory.o)
                0x800197b0                _FAT_directory_entryStat
 .text.get_io_wiisd
                0x80019924        0xc c:/devkitPro/libogc/lib/wii\libfat.a(disc.o)
 .text.get_io_usbstorage
                0x80019930        0xc c:/devkitPro/libogc/lib/wii\libfat.a(disc.o)
 .text.get_io_gcsda
                0x8001993c        0xc c:/devkitPro/libogc/lib/wii\libfat.a(disc.o)
 .text.get_io_gcsdb
                0x80019948        0xc c:/devkitPro/libogc/lib/wii\libfat.a(disc.o)
 .text.u16_to_u8array
                0x80019954       0x10 c:/devkitPro/libogc/lib/wii\libfat.a(fatdir.o)
 .text._FAT_lock.isra.4
                0x80019964       0x20 c:/devkitPro/libogc/lib/wii\libfat.a(fatdir.o)
 .text._FAT_unlock.isra.5
                0x80019984       0x20 c:/devkitPro/libogc/lib/wii\libfat.a(fatdir.o)
 .text._FAT_stat_r
                0x800199a4       0xc4 c:/devkitPro/libogc/lib/wii\libfat.a(fatdir.o)
                0x800199a4                _FAT_stat_r
 .text._FAT_link_r
                0x80019a68       0x10 c:/devkitPro/libogc/lib/wii\libfat.a(fatdir.o)
                0x80019a68                _FAT_link_r
 .text._FAT_unlink_r
                0x80019a78      0x1cc c:/devkitPro/libogc/lib/wii\libfat.a(fatdir.o)
                0x80019a78                _FAT_unlink_r
 .text._FAT_chdir_r
                0x80019c44       0xa0 c:/devkitPro/libogc/lib/wii\libfat.a(fatdir.o)
                0x80019c44                _FAT_chdir_r
 .text._FAT_rename_r
                0x80019ce4      0x238 c:/devkitPro/libogc/lib/wii\libfat.a(fatdir.o)
                0x80019ce4                _FAT_rename_r
 .text._FAT_mkdir_r
                0x80019f1c      0x358 c:/devkitPro/libogc/lib/wii\libfat.a(fatdir.o)
                0x80019f1c                _FAT_mkdir_r
 .text._FAT_statvfs_r
                0x8001a274       0xe0 c:/devkitPro/libogc/lib/wii\libfat.a(fatdir.o)
                0x8001a274                _FAT_statvfs_r
 .text._FAT_diropen_r
                0x8001a354      0x10c c:/devkitPro/libogc/lib/wii\libfat.a(fatdir.o)
                0x8001a354                _FAT_diropen_r
 .text._FAT_dirreset_r
                0x8001a460       0x74 c:/devkitPro/libogc/lib/wii\libfat.a(fatdir.o)
                0x8001a460                _FAT_dirreset_r
 .text._FAT_dirnext_r
                0x8001a4d4       0xc4 c:/devkitPro/libogc/lib/wii\libfat.a(fatdir.o)
                0x8001a4d4                _FAT_dirnext_r
 .text._FAT_dirclose_r
                0x8001a598       0x44 c:/devkitPro/libogc/lib/wii\libfat.a(fatdir.o)
                0x8001a598                _FAT_dirclose_r
 .text.u16_to_u8array
                0x8001a5dc       0x10 c:/devkitPro/libogc/lib/wii\libfat.a(fatfile.o)
 .text._FAT_fat_clusterToSector
                0x8001a5ec       0x28 c:/devkitPro/libogc/lib/wii\libfat.a(fatfile.o)
 .text._FAT_lock.isra.4
                0x8001a614       0x20 c:/devkitPro/libogc/lib/wii\libfat.a(fatfile.o)
 .text._FAT_unlock.isra.5
                0x8001a634       0x20 c:/devkitPro/libogc/lib/wii\libfat.a(fatfile.o)
 .text._FAT_check_position_for_next_cluster.isra.6
                0x8001a654       0xf0 c:/devkitPro/libogc/lib/wii\libfat.a(fatfile.o)
 .text._FAT_file_extend_r
                0x8001a744      0x2c0 c:/devkitPro/libogc/lib/wii\libfat.a(fatfile.o)
 .text._FAT_open_r
                0x8001aa04      0x3f4 c:/devkitPro/libogc/lib/wii\libfat.a(fatfile.o)
                0x8001aa04                _FAT_open_r
 .text._FAT_syncToDisc
                0x8001adf8      0x158 c:/devkitPro/libogc/lib/wii\libfat.a(fatfile.o)
                0x8001adf8                _FAT_syncToDisc
 .text._FAT_close_r
                0x8001af50       0xc0 c:/devkitPro/libogc/lib/wii\libfat.a(fatfile.o)
                0x8001af50                _FAT_close_r
 .text._FAT_read_r
                0x8001b010      0x3e4 c:/devkitPro/libogc/lib/wii\libfat.a(fatfile.o)
                0x8001b010                _FAT_read_r
 .text._FAT_write_r
                0x8001b3f4      0x564 c:/devkitPro/libogc/lib/wii\libfat.a(fatfile.o)
                0x8001b3f4                _FAT_write_r
 .text._FAT_seek_r
                0x8001b958      0x1f8 c:/devkitPro/libogc/lib/wii\libfat.a(fatfile.o)
                0x8001b958                _FAT_seek_r
 .text._FAT_fstat_r
                0x8001bb50       0xc8 c:/devkitPro/libogc/lib/wii\libfat.a(fatfile.o)
                0x8001bb50                _FAT_fstat_r
 .text._FAT_ftruncate_r
                0x8001bc18      0x1f0 c:/devkitPro/libogc/lib/wii\libfat.a(fatfile.o)
                0x8001bc18                _FAT_ftruncate_r
 .text._FAT_fsync_r
                0x8001be08       0x70 c:/devkitPro/libogc/lib/wii\libfat.a(fatfile.o)
                0x8001be08                _FAT_fsync_r
 .text._FAT_fat_writeFatEntry
                0x8001be78      0x1c0 c:/devkitPro/libogc/lib/wii\libfat.a(file_allocation_table.o)
 .text._FAT_fat_nextCluster
                0x8001c038      0x190 c:/devkitPro/libogc/lib/wii\libfat.a(file_allocation_table.o)