Archive member included because of file (symbol)

c:/devkitPro/libogc/lib/wii\libdi.a(di.o)
                              main.o (DI_Init)
c:/devkitPro/libogc/lib/wii\libwiiuse.a(wpad.o)
                              main.o (WPAD_Init)
c:/devkitPro/libogc/lib/wii\libwiiuse.a(motion_plus.o)
                              c:/devkitPro/libogc/lib/wii\libwiiuse.a(wpad.o) (wiiuse_set_motion_plus)
c:/devkitPro/libogc/lib/wii\libwiiuse.a(dynamics.o)
                              c:/devkitPro/libogc/lib/wii\libwiiuse.a(wpad.o) (calculate_gforce)
c:/devkitPro/libogc/lib/wii\libwiiuse.a(io.o)
                              c:/devkitPro/libogc/lib/wii\libwiiuse.a(motion_plus.o) (wiiuse_disable_expansion)
c:/devkitPro/libogc/lib/wii\libwiiuse.a(io_wii.o)
                              c:/devkitPro/libogc/lib/wii\libwiiuse.a(wpad.o) (__wiiuse_sensorbar_enable)
c:/devkitPro/libogc/lib/wii\libwiiuse.a(ir.o)
                              c:/devkitPro/libogc/lib/wii\libwiiuse.a(motion_plus.o) (wiiuse_set_ir_mode)
c:/devkitPro/libogc/lib/wii\libwiiuse.a(nunchuk.o)
                              c:/devkitPro/libogc/lib/wii\libwiiuse.a(io.o) (nunchuk_handshake)
c:/devkitPro/libogc/lib/wii\libwiiuse.a(wiiboard.o)
                              c:/devkitPro/libogc/lib/wii\libwiiuse.a(io.o) (wii_board_handshake)
c:/devkitPro/libogc/lib/wii\libwiiuse.a(wiiuse.o)
                              c:/devkitPro/libogc/lib/wii\libwiiuse.a(wpad.o) (wiiuse_init)
c:/devkitPro/libogc/lib/wii\libwiiuse.a(speaker.o)
                              c:/devkitPro/libogc/lib/wii\libwiiuse.a(wpad.o) (wencdata)
c:/devkitPro/libogc/lib/wii\libwiiuse.a(classic.o)
                              c:/devkitPro/libogc/lib/wii\libwiiuse.a(io.o) (classic_ctrl_handshake)
c:/devkitPro/libogc/lib/wii\libwiiuse.a(events.o)
                              c:/devkitPro/libogc/lib/wii\libwiiuse.a(io_wii.o) (parse_event)
c:/devkitPro/libogc/lib/wii\libwiiuse.a(guitar_hero_3.o)
                              c:/devkitPro/libogc/lib/wii\libwiiuse.a(io.o) (guitar_hero_3_handshake)
c:/devkitPro/libogc/lib/wii\libbte.a(bte.o)
                              c:/devkitPro/libogc/lib/wii\libwiiuse.a(wpad.o) (BTE_Init)
c:/devkitPro/libogc/lib/wii\libbte.a(hci.o)
                              c:/devkitPro/libogc/lib/wii\libbte.a(bte.o) (hci_init)
c:/devkitPro/libogc/lib/wii\libbte.a(l2cap.o)
                              c:/devkitPro/libogc/lib/wii\libbte.a(bte.o) (l2cap_init)
c:/devkitPro/libogc/lib/wii\libbte.a(btmemb.o)
                              c:/devkitPro/libogc/lib/wii\libbte.a(bte.o) (btmemb_init)
c:/devkitPro/libogc/lib/wii\libbte.a(btmemr.o)
                              c:/devkitPro/libogc/lib/wii\libbte.a(hci.o) (btmemr_init)
c:/devkitPro/libogc/lib/wii\libbte.a(btpbuf.o)
                              c:/devkitPro/libogc/lib/wii\libbte.a(hci.o) (btpbuf_init)
c:/devkitPro/libogc/lib/wii\libbte.a(physbusif.o)
                              c:/devkitPro/libogc/lib/wii\libbte.a(bte.o) (physbusif_init)
c:/devkitPro/libogc/lib/wii\libfat.a(libfat.o)
                              main.o (fatMountSimple)
c:/devkitPro/libogc/lib/wii\libfat.a(partition.o)
                              c:/devkitPro/libogc/lib/wii\libfat.a(libfat.o) (_FAT_partition_constructor)
c:/devkitPro/libogc/lib/wii\libfat.a(cache.o)
                              c:/devkitPro/libogc/lib/wii\libfat.a(partition.o) (_FAT_cache_constructor)
c:/devkitPro/libogc/lib/wii\libfat.a(directory.o)
                              c:/devkitPro/libogc/lib/wii\libfat.a(libfat.o) (_FAT_directory_getVolumeLabel)
c:/devkitPro/libogc/lib/wii\libfat.a(disc.o)
                              c:/devkitPro/libogc/lib/wii\libfat.a(libfat.o) (_FAT_disc_interfaces)
c:/devkitPro/libogc/lib/wii\libfat.a(fatdir.o)
                              c:/devkitPro/libogc/lib/wii\libfat.a(libfat.o) (_FAT_stat_r)
c:/devkitPro/libogc/lib/wii\libfat.a(fatfile.o)
                              c:/devkitPro/libogc/lib/wii\libfat.a(libfat.o) (_FAT_open_r)
c:/devkitPro/libogc/lib/wii\libfat.a(file_allocation_table.o)
                              c:/devkitPro/libogc/lib/wii\libfat.a(directory.o) (_FAT_fat_nextCluster)
c:/devkitPro/libogc/lib/wii\libfat.a(filetime.o)
                              c:/devkitPro/libogc/lib/wii\libfat.a(fatdir.o) (_FAT_filetime_getTimeFromRTC)
c:/devkitPro/libogc/lib/wii\libogc.a(console.o)
                              main.o (CON_Init)
c:/devkitPro/libogc/lib/wii\libogc.a(lwp_queue.o)
                              c:/devkitPro/libogc/lib/wii\libwiiuse.a(io_wii.o) (__lwp_queue_initialize)
c:/devkitPro/libogc/lib/wii\libogc.a(lwp_threads.o)
                              c:/devkitPro/libogc/lib/wii\libwiiuse.a(wpad.o) (_thread_dispatch_disable_level)
c:/devkitPro/libogc/lib/wii\libogc.a(lwp.o)
                              c:/devkitPro/libogc/lib/wii\libbte.a(bte.o) (LWP_InitQueue)
c:/devkitPro/libogc/lib/wii\libogc.a(lwp_handler.o)
                              c:/devkitPro/libogc/lib/wii\libogc.a(lwp_threads.o) (_cpu_context_save_fp)
[...]
Memory Configuration

Name             Origin             Length             Attributes
*default*        0x00000000         0xffffffff

Linker script and memory map

                0x00003400                . = 0x3400

.stub
 *(.stub)
                0x80004000                . = 0x80004000

.init           0x80004000      0x194
 *crt0.o(*.init)
 .init          0x80004000      0x170 c:/devkitPro/libogc/lib/wii\libogc.a(ogc_crt0.o)
                0x80004000                _start
                0x80004140                _memset
 *(.init)
 .init          0x80004170        0xc c:/devkitpro/devkitppc/bin/../lib/gcc/powerpc-eabi/4.6.3/ecrti.o
                0x80004170                __init
 .init          0x8000417c        0x4 c:/devkitpro/devkitppc/bin/../lib/gcc/powerpc-eabi/4.6.3/crtbegin.o
 .init          0x80004180        0x4 c:/devkitpro/devkitppc/bin/../lib/gcc/powerpc-eabi/4.6.3/crtend.o
 .init          0x80004184       0x10 c:/devkitpro/devkitppc/bin/../lib/gcc/powerpc-eabi/4.6.3/ecrtn.o

.rela.dyn       0x80004194        0x0
 .rela.iplt     0x00000000        0x0 c:/devkitpro/devkitppc/bin/../lib/gcc/powerpc-eabi/4.6.3/crtbegin.o

.plt
 *(.plt)

.interp
 *(.interp)

.hash
 *(.hash)

.dynsym
 *(.dynsym)

.dynstr
 *(.dynstr)

.gnu.version
 *(.gnu.version)

.gnu.version_d
 *(.gnu.version_d)

.gnu.version_r
 *(.gnu.version_r)

.rel.init
 *(.rel.init)

.rela.init      0x80004194        0x0
 *(.rela.init)
 .rela.init     0x00000000        0x0 c:/devkitpro/devkitppc/bin/../lib/gcc/powerpc-eabi/4.6.3/crtbegin.o

.rel.text
 *(.rel.text .rel.text.* .rel.gnu.linkonce.t.*)

.rela.text      0x80004194        0x0
 *(.rela.text .rela.text.* .rela.gnu.linkonce.t.*)
 .rela.text     0x00000000        0x0 c:/devkitpro/devkitppc/bin/../lib/gcc/powerpc-eabi/4.6.3/crtbegin.o
 .rela.text.initdisc
                0x00000000        0x0 c:/devkitpro/devkitppc/bin/../lib/gcc/powerpc-eabi/4.6.3/crtbegin.o
 .rela.text.wiiuse_handshake_expansion
                0x00000000        0x0 c:/devkitpro/devkitppc/bin/../lib/gcc/powerpc-eabi/4.6.3/crtbegin.o
 .rela.text.wiiuse_handshake
                0x00000000        0x0 c:/devkitpro/devkitppc/bin/../lib/gcc/powerpc-eabi/4.6.3/crtbegin.o
 .rela.text.wiiuse_init_cmd_queue
                0x00000000        0x0 c:/devkitpro/devkitppc/bin/../lib/gcc/powerpc-eabi/4.6.3/crtbegin.o
 .rela.text.wiiuse_init
                0x00000000        0x0 c:/devkitpro/devkitppc/bin/../lib/gcc/powerpc-eabi/4.6.3/crtbegin.o
 .rela.text.bt_alarmhandler
                0x00000000        0x0 c:/devkitpro/devkitppc/bin/../lib/gcc/powerpc-eabi/4.6.3/crtbegin.o
 .rela.text.fatUnmount
                0x00000000        0x0 c:/devkitpro/devkitppc/bin/../lib/gcc/powerpc-eabi/4.6.3/crtbegin.o
 .rela.text.fatInit
                0x00000000        0x0 c:/devkitpro/devkitppc/bin/../lib/gcc/powerpc-eabi/4.6.3/crtbegin.o
 .rela.text.fatGetVolumeLabel
                0x00000000        0x0 c:/devkitpro/devkitppc/bin/../lib/gcc/powerpc-eabi/4.6.3/crtbegin.o
 .rela.text._FAT_directory_entryGetAlias
                0x00000000        0x0 c:/devkitpro/devkitppc/bin/../lib/gcc/powerpc-eabi/4.6.3/crtbegin.o
 .rela.text.get_io_wiisd
                0x00000000        0x0 c:/devkitpro/devkitppc/bin/../lib/gcc/powerpc-eabi/4.6.3/crtbegin.o
 .rela.text.get_io_usbstorage
                0x00000000        0x0 c:/devkitpro/devkitppc/bin/../lib/gcc/powerpc-eabi/4.6.3/crtbegin.o
 .rela.text.get_io_gcsda
                0x00000000        0x0 c:/devkitpro/devkitppc/bin/../lib/gcc/powerpc-eabi/4.6.3/crtbegin.o
 .rela.text.get_io_gcsdb
                0x00000000        0x0 c:/devkitpro/devkitppc/bin/../lib/gcc/powerpc-eabi/4.6.3/crtbegin.o
 .rela.text.__console_init
                0x00000000        0x0 c:/devkitpro/devkitppc/bin/../lib/gcc/powerpc-eabi/4.6.3/crtbegin.o
 .rela.text.__console_init_ex
                0x00000000        0x0 c:/devkitpro/devkitppc/bin/../lib/gcc/powerpc-eabi/4.6.3/crtbegin.o
 .rela.text.CON_EnableGecko
                0x00000000        0x0 c:/devkitpro/devkitppc/bin/../lib/gcc/powerpc-eabi/4.6.3/crtbegin.o
 .rela.text.__lwp_thread_calcheir
                0x00000000        0x0 c:/devkitpro/devkitppc/bin/../lib/gcc/powerpc-eabi/4.6.3/crtbegin.o
 .rela.text.__lwp_wd_insert_ticks.constprop.4
                0x00000000        0x0 c:/devkitpro/devkitppc/bin/../lib/gcc/powerpc-eabi/4.6.3/crtbegin.o
 .rela.text.__lwp_rotate_readyqueue
                0x00000000        0x0 c:/devkitpro/devkitppc/bin/../lib/gcc/powerpc-eabi/4.6.3/crtbegin.o
 .rela.text.__lwp_thread_setpriority
                0x00000000        0x0 c:/devkitpro/devkitppc/bin/../lib/gcc/powerpc-eabi/4.6.3/crtbegin.o
 .rela.text.__lwp_thread_close
                0x00000000        0x0 c:/devkitpro/devkitppc/bin/../lib/gcc/powerpc-eabi/4.6.3/crtbegin.o
 .rela.text.__lwp_thread_closeall
                0x00000000        0x0 c:/devkitpro/devkitppc/bin/../lib/gcc/powerpc-eabi/4.6.3/crtbegin.o
 .rela.text.__lwp_thread_startmultitasking
                0x00000000        0x0 c:/devkitpro/devkitppc/bin/../lib/gcc/powerpc-eabi/4.6.3/crtbegin.o
 .rela.text.__lwp_thread_stopmultitasking
                0x00000000        0x0 c:/devkitpro/devkitppc/bin/../lib/gcc/powerpc-eabi/4.6.3/crtbegin.o
 .rela.text.__lwp_thread_coreinit
                0x00000000        0x0 c:/devkitpro/devkitppc/bin/../lib/gcc/powerpc-eabi/4.6.3/crtbegin.o
 .rela.text.__lwp_cntrl_free
                0x00000000        0x0 c:/devkitpro/devkitppc/bin/../lib/gcc/powerpc-eabi/4.6.3/crtbegin.o
 .rela.text.__lwp_tqueue_open
                0x00000000        0x0 c:/devkitpro/devkitppc/bin/../lib/gcc/powerpc-eabi/4.6.3/crtbegin.o
 .rela.text.__lwp_cntrl_open
                0x00000000        0x0 c:/devkitpro/devkitppc/bin/../lib/gcc/powerpc-eabi/4.6.3/crtbegin.o
 .rela.text.__lwp_sysinit
                0x00000000        0x0 c:/devkitpro/devkitppc/bin/../lib/gcc/powerpc-eabi/4.6.3/crtbegin.o
 .rela.text.__lwp_thread_isalive
                0x00000000        0x0 c:/devkitpro/devkitppc/bin/../lib/gcc/powerpc-eabi/4.6.3/crtbegin.o
 .rela.text.__lwp_thread_exists
                0x00000000        0x0 c:/devkitpro/devkitppc/bin/../lib/gcc/powerpc-eabi/4.6.3/crtbegin.o
 .rela.text.__lwp_thread_context
                0x00000000        0x0 c:/devkitpro/devkitppc/bin/../lib/gcc/powerpc-eabi/4.6.3/crtbegin.o
 .rela.text.LWP_CreateThread
                0x00000000        0x0 c:/devkitpro/devkitppc/bin/../lib/gcc/powerpc-eabi/4.6.3/crtbegin.o
 .rela.text.LWP_InitQueue
                0x00000000        0x0 c:/devkitpro/devkitppc/bin/../lib/gcc/powerpc-eabi/4.6.3/crtbegin.o
 .rela.text.LWP_CloseQueue
                0x00000000        0x0 c:/devkitpro/devkitppc/bin/../lib/gcc/powerpc-eabi/4.6.3/crtbegin.o
 .rela.text.__lwp_stack_allocate
                0x00000000        0x0 c:/devkitpro/devkitppc/bin/../lib/gcc/powerpc-eabi/4.6.3/crtbegin.o
 .rela.text.__lwp_stack_free
                0x00000000        0x0 c:/devkitpro/devkitppc/bin/../lib/gcc/powerpc-eabi/4.6.3/crtbegin.o
 .rela.text.__lwp_watchdog_init
                0x00000000        0x0 c:/devkitpro/devkitppc/bin/../lib/gcc/powerpc-eabi/4.6.3/crtbegin.o
 .rela.text.__lwp_wd_tickle
                0x00000000        0x0 c:/devkitpro/devkitppc/bin/../lib/gcc/powerpc-eabi/4.6.3/crtbegin.o
 .rela.text.__lwp_wkspace_heapfree
                0x00000000        0x0 c:/devkitpro/devkitppc/bin/../lib/gcc/powerpc-eabi/4.6.3/crtbegin.o
 .rela.text.__lwp_wkspace_heapused
                0x00000000        0x0 c:/devkitpro/devkitppc/bin/../lib/gcc/powerpc-eabi/4.6.3/crtbegin.o
 .rela.text.__lwp_wkspace_init
                0x00000000        0x0 c:/devkitpro/devkitppc/bin/../lib/gcc/powerpc-eabi/4.6.3/crtbegin.o
 .rela.text.__lwp_objmgr_initinfo
                0x00000000        0x0 c:/devkitpro/devkitppc/bin/../lib/gcc/powerpc-eabi/4.6.3/crtbegin.o
 .rela.text.__irq_init
                0x00000000        0x0 c:/devkitpro/devkitppc/bin/../lib/gcc/powerpc-eabi/4.6.3/crtbegin.o
 .rela.text.__lwp_mutex_locksupp.constprop.7
                0x00000000        0x0 c:/devkitpro/devkitppc/bin/../lib/gcc/powerpc-eabi/4.6.3/crtbegin.o
 .rela.text.__lwp_mutex_init
                0x00000000        0x0 c:/devkitpro/devkitppc/bin/../lib/gcc/powerpc-eabi/4.6.3/crtbegin.o
 .rela.text.LWP_MutexInit
                0x00000000        0x0 c:/devkitpro/devkitppc/bin/../lib/gcc/powerpc-eabi/4.6.3/crtbegin.o
 .rela.text.LWP_MutexDestroy
                0x00000000        0x0 c:/devkitpro/devkitppc/bin/../lib/gcc/powerpc-eabi/4.6.3/crtbegin.o
 .rela.text.LWP_MutexUnlock
                0x00000000        0x0 c:/devkitpro/devkitppc/bin/../lib/gcc/powerpc-eabi/4.6.3/crtbegin.o
 .rela.text.__call_resetfuncs
                0x00000000        0x0 c:/devkitpro/devkitppc/bin/../lib/gcc/powerpc-eabi/4.6.3/crtbegin.o
 .rela.text.__locksram
                0x00000000        0x0 c:/devkitpro/devkitppc/bin/../lib/gcc/powerpc-eabi/4.6.3/crtbegin.o
 .rela.text.__lwp_wd_insert_ticks
                0x00000000        0x0 c:/devkitpro/devkitppc/bin/../lib/gcc/powerpc-eabi/4.6.3/crtbegin.o
 .rela.text.__unlocksram
                0x00000000        0x0 c:/devkitpro/devkitppc/bin/../lib/gcc/powerpc-eabi/4.6.3/crtbegin.o
 .rela.text.__sram_writecallback
                0x00000000        0x0 c:/devkitpro/devkitppc/bin/../lib/gcc/powerpc-eabi/4.6.3/crtbegin.o
 .rela.text.__sram_init
                0x00000000        0x0 c:/devkitpro/devkitppc/bin/../lib/gcc/powerpc-eabi/4.6.3/crtbegin.o
 .rela.text.__SYS_SyncSram
                0x00000000        0x0 c:/devkitpro/devkitppc/bin/../lib/gcc/powerpc-eabi/4.6.3/crtbegin.o
 .rela.text.SYS_Init
                0x00000000        0x0 c:/devkitpro/devkitppc/bin/../lib/gcc/powerpc-eabi/4.6.3/crtbegin.o
 .rela.text.SYS_RemoveAlarm
                0x00000000        0x0 c:/devkitpro/devkitppc/bin/../lib/gcc/powerpc-eabi/4.6.3/crtbegin.o
 .rela.text.SYS_CancelAlarm
                0x00000000        0x0 c:/devkitpro/devkitppc/bin/../lib/gcc/powerpc-eabi/4.6.3/crtbegin.o
 .rela.text.__lwp_cond_open
                0x00000000        0x0 c:/devkitpro/devkitppc/bin/../lib/gcc/powerpc-eabi/4.6.3/crtbegin.o
 .rela.text.__lwp_cond_init
                0x00000000        0x0 c:/devkitpro/devkitppc/bin/../lib/gcc/powerpc-eabi/4.6.3/crtbegin.o
 .rela.text.LWP_CondInit
                0x00000000        0x0 c:/devkitpro/devkitppc/bin/../lib/gcc/powerpc-eabi/4.6.3/crtbegin.o
 .rela.text.LWP_CondDestroy
                0x00000000        0x0 c:/devkitpro/devkitppc/bin/../lib/gcc/powerpc-eabi/4.6.3/crtbegin.o
 .rela.text.c_decrementer_handler
                0x00000000        0x0 c:/devkitpro/devkitppc/bin/../lib/gcc/powerpc-eabi/4.6.3/crtbegin.o
 .rela.text.__lwp_mqbox_free
                0x00000000        0x0 c:/devkitpro/devkitppc/bin/../lib/gcc/powerpc-eabi/4.6.3/crtbegin.o
 .rela.text.__lwp_mqbox_open
                0x00000000        0x0 c:/devkitpro/devkitppc/bin/../lib/gcc/powerpc-eabi/4.6.3/crtbegin.o
 .rela.text.__lwp_mqbox_init
                0x00000000        0x0 c:/devkitpro/devkitppc/bin/../lib/gcc/powerpc-eabi/4.6.3/crtbegin.o
 .rela.text.MQ_Init
                0x00000000        0x0 c:/devkitpro/devkitppc/bin/../lib/gcc/powerpc-eabi/4.6.3/crtbegin.o
 .rela.text.__ios_ioctlvformat_parse
                0x00000000        0x0 c:/devkitpro/devkitppc/bin/../lib/gcc/powerpc-eabi/4.6.3/crtbegin.o
 .rela.text.__ioctlvfmtCB
                0x00000000        0x0 c:/devkitpro/devkitppc/bin/../lib/gcc/powerpc-eabi/4.6.3/crtbegin.o
 .rela.text.IOS_IoctlvFormat
                0x00000000        0x0 c:/devkitpro/devkitppc/bin/../lib/gcc/powerpc-eabi/4.6.3/crtbegin.o
 .rela.text.IOS_IoctlvFormatAsync
                0x00000000        0x0 c:/devkitpro/devkitppc/bin/../lib/gcc/powerpc-eabi/4.6.3/crtbegin.o
 .rela.text.nanosleep
                0x00000000        0x0 c:/devkitpro/devkitppc/bin/../lib/gcc/powerpc-eabi/4.6.3/crtbegin.o
 .rela.text.__libc_delete_hook
                0x00000000        0x0 c:/devkitpro/devkitppc/bin/../lib/gcc/powerpc-eabi/4.6.3/crtbegin.o
 .rela.text.__libc_init
                0x00000000        0x0 c:/devkitpro/devkitppc/bin/../lib/gcc/powerpc-eabi/4.6.3/crtbegin.o
 .rela.text.__libc_wrapup
                0x00000000        0x0 c:/devkitpro/devkitppc/bin/../lib/gcc/powerpc-eabi/4.6.3/crtbegin.o
 .rela.text.__CheckARGV
                0x00000000        0x0 c:/devkitpro/devkitppc/bin/../lib/gcc/powerpc-eabi/4.6.3/crtbegin.o
 .rela.text.__lwp_priority_init
                0x00000000        0x0 c:/devkitpro/devkitppc/bin/../lib/gcc/powerpc-eabi/4.6.3/crtbegin.o
 .rela.text.__lwp_wd_remove_ticks
                0x00000000        0x0 c:/devkitpro/devkitppc/bin/../lib/gcc/powerpc-eabi/4.6.3/crtbegin.o
 .rela.text.__lwp_threadqueue_enqueue
                0x00000000        0x0 c:/devkitpro/devkitppc/bin/../lib/gcc/powerpc-eabi/4.6.3/crtbegin.o
 .rela.text.__lwpmq_initialize
                0x00000000        0x0 c:/devkitpro/devkitppc/bin/../lib/gcc/powerpc-eabi/4.6.3/crtbegin.o
 .rela.text.__lwpmq_close
                0x00000000        0x0 c:/devkitpro/devkitppc/bin/../lib/gcc/powerpc-eabi/4.6.3/crtbegin.o
 .rela.text.__systemcall_init
                0x00000000        0x0 c:/devkitpro/devkitppc/bin/../lib/gcc/powerpc-eabi/4.6.3/crtbegin.o
 .rela.text.__exception_init
                0x00000000        0x0 c:/devkitpro/devkitppc/bin/../lib/gcc/powerpc-eabi/4.6.3/crtbegin.o
 .rela.text.__exception_close
                0x00000000        0x0 c:/devkitpro/devkitppc/bin/../lib/gcc/powerpc-eabi/4.6.3/crtbegin.o
 .rela.text.__exception_sethandler
                0x00000000        0x0 c:/devkitpro/devkitppc/bin/../lib/gcc/powerpc-eabi/4.6.3/crtbegin.o
 .rela.text.__lwp_sema_open
                0x00000000        0x0 c:/devkitpro/devkitppc/bin/../lib/gcc/powerpc-eabi/4.6.3/crtbegin.o
 .rela.text.__lwp_sema_init
                0x00000000        0x0 c:/devkitpro/devkitppc/bin/../lib/gcc/powerpc-eabi/4.6.3/crtbegin.o
 .rela.text.LWP_SemInit
                0x00000000        0x0 c:/devkitpro/devkitppc/bin/../lib/gcc/powerpc-eabi/4.6.3/crtbegin.o
 .rela.text.LWP_SemDestroy
                0x00000000        0x0 c:/devkitpro/devkitppc/bin/../lib/gcc/powerpc-eabi/4.6.3/crtbegin.o
 .rela.text.__GX_FifoLink
                0x00000000        0x0 c:/devkitpro/devkitppc/bin/../lib/gcc/powerpc-eabi/4.6.3/crtbegin.o
 .rela.text.__GX_WriteFifoIntEnable
                0x00000000        0x0 c:/devkitpro/devkitppc/bin/../lib/gcc/powerpc-eabi/4.6.3/crtbegin.o
 .rela.text.__GX_FifoReadEnable
                0x00000000        0x0 c:/devkitpro/devkitppc/bin/../lib/gcc/powerpc-eabi/4.6.3/crtbegin.o
 .rela.text.__GX_FifoReadDisable
                0x00000000        0x0 c:/devkitpro/devkitppc/bin/../lib/gcc/powerpc-eabi/4.6.3/crtbegin.o
 .rela.text.__GX_InitRevBits
                0x00000000        0x0 c:/devkitpro/devkitppc/bin/../lib/gcc/powerpc-eabi/4.6.3/crtbegin.o
 .rela.text.__GXDefTexRegionCallback
                0x00000000        0x0 c:/devkitpro/devkitppc/bin/../lib/gcc/powerpc-eabi/4.6.3/crtbegin.o
 .rela.text.__GXDefTlutRegionCallback
                0x00000000        0x0 c:/devkitpro/devkitppc/bin/../lib/gcc/powerpc-eabi/4.6.3/crtbegin.o
 .rela.text.__GX_FlushTextureState
                0x00000000        0x0 c:/devkitpro/devkitppc/bin/../lib/gcc/powerpc-eabi/4.6.3/crtbegin.o
 .rela.text.__SetSURegs
                0x00000000        0x0 c:/devkitpro/devkitppc/bin/../lib/gcc/powerpc-eabi/4.6.3/crtbegin.o
 .rela.text.__SETVCDFMT
                0x00000000        0x0 c:/devkitpro/devkitppc/bin/../lib/gcc/powerpc-eabi/4.6.3/crtbegin.o
 .rela.text.__GX_SetMatrixIndex
                0x00000000        0x0 c:/devkitpro/devkitppc/bin/../lib/gcc/powerpc-eabi/4.6.3/crtbegin.o
 .rela.text.__GX_SetDirtyState
                0x00000000        0x0 c:/devkitpro/devkitppc/bin/../lib/gcc/powerpc-eabi/4.6.3/crtbegin.o
 .rela.text.__SETVCDATTR
                0x00000000        0x0 c:/devkitpro/devkitppc/bin/../lib/gcc/powerpc-eabi/4.6.3/crtbegin.o
 .rela.text.__GX_WriteFifoIntReset.constprop.6
                0x00000000        0x0 c:/devkitpro/devkitppc/bin/../lib/gcc/powerpc-eabi/4.6.3/crtbegin.o
 .rela.text.__GXCPInterruptHandler
                0x00000000        0x0 c:/devkitpro/devkitppc/bin/../lib/gcc/powerpc-eabi/4.6.3/crtbegin.o
 .rela.text.GX_Flush
                0x00000000        0x0 c:/devkitpro/devkitppc/bin/../lib/gcc/powerpc-eabi/4.6.3/crtbegin.o
 .rela.text.GX_EnableBreakPt
                0x00000000        0x0 c:/devkitpro/devkitppc/bin/../lib/gcc/powerpc-eabi/4.6.3/crtbegin.o
 .rela.text.GX_DisableBreakPt
                0x00000000        0x0 c:/devkitpro/devkitppc/bin/../lib/gcc/powerpc-eabi/4.6.3/crtbegin.o
 .rela.text.GX_AbortFrame
                0x00000000        0x0 c:/devkitpro/devkitppc/bin/../lib/gcc/powerpc-eabi/4.6.3/crtbegin.o
 .rela.text.GX_PixModeSync
                0x00000000        0x0 c:/devkitpro/devkitppc/bin/../lib/gcc/powerpc-eabi/4.6.3/crtbegin.o
 .rela.text.GX_SetMisc
                0x00000000        0x0 c:/devkitpro/devkitppc/bin/../lib/gcc/powerpc-eabi/4.6.3/crtbegin.o
 .rela.text.GX_SetCopyClamp
                0x00000000        0x0 c:/devkitpro/devkitppc/bin/../lib/gcc/powerpc-eabi/4.6.3/crtbegin.o
 .rela.text.GX_SetDispCopyGamma
                0x00000000        0x0 c:/devkitpro/devkitppc/bin/../lib/gcc/powerpc-eabi/4.6.3/crtbegin.o
 .rela.text.GX_SetDispCopyFrame2Field
                0x00000000        0x0 c:/devkitpro/devkitppc/bin/../lib/gcc/powerpc-eabi/4.6.3/crtbegin.o
 .rela.text.GX_SetDispCopyYScale
                0x00000000        0x0 c:/devkitpro/devkitppc/bin/../lib/gcc/powerpc-eabi/4.6.3/crtbegin.o
 .rela.text.GX_SetDispCopyDst
                0x00000000        0x0 c:/devkitpro/devkitppc/bin/../lib/gcc/powerpc-eabi/4.6.3/crtbegin.o
 .rela.text.GX_SetDispCopySrc
                0x00000000        0x0 c:/devkitpro/devkitppc/bin/../lib/gcc/powerpc-eabi/4.6.3/crtbegin.o
 .rela.text.GX_CopyDisp
                0x00000000        0x0 c:/devkitpro/devkitppc/bin/../lib/gcc/powerpc-eabi/4.6.3/crtbegin.o
 .rela.text.GX_CopyTex
                0x00000000        0x0 c:/devkitpro/devkitppc/bin/../lib/gcc/powerpc-eabi/4.6.3/crtbegin.o
 .rela.text.GX_SetTexCopySrc
                0x00000000        0x0 c:/devkitpro/devkitppc/bin/../lib/gcc/powerpc-eabi/4.6.3/crtbegin.o
 .rela.text.GX_SetTexCopyDst
                0x00000000        0x0 c:/devkitpro/devkitppc/bin/../lib/gcc/powerpc-eabi/4.6.3/crtbegin.o
 .rela.text.GX_BeginDispList
                0x00000000        0x0 c:/devkitpro/devkitppc/bin/../lib/gcc/powerpc-eabi/4.6.3/crtbegin.o
 .rela.text.GX_EndDispList
                0x00000000        0x0 c:/devkitpro/devkitppc/bin/../lib/gcc/powerpc-eabi/4.6.3/crtbegin.o
 .rela.text.GX_CallDispList
                0x00000000        0x0 c:/devkitpro/devkitppc/bin/../lib/gcc/powerpc-eabi/4.6.3/crtbegin.o
 .rela.text.GX_SetChanCtrl
                0x00000000        0x0 c:/devkitpro/devkitppc/bin/../lib/gcc/powerpc-eabi/4.6.3/crtbegin.o
 .rela.text.GX_SetChanAmbColor
                0x00000000        0x0 c:/devkitpro/devkitppc/bin/../lib/gcc/powerpc-eabi/4.6.3/crtbegin.o
 .rela.text.GX_SetChanMatColor
                0x00000000        0x0 c:/devkitpro/devkitppc/bin/../lib/gcc/powerpc-eabi/4.6.3/crtbegin.o
 .rela.text.GX_SetVtxDesc
                0x00000000        0x0 c:/devkitpro/devkitppc/bin/../lib/gcc/powerpc-eabi/4.6.3/crtbegin.o
 .rela.text.GX_SetVtxDescv
                0x00000000        0x0 c:/devkitpro/devkitppc/bin/../lib/gcc/powerpc-eabi/4.6.3/crtbegin.o
 .rela.text.GX_GetVtxDescv
                0x00000000        0x0 c:/devkitpro/devkitppc/bin/../lib/gcc/powerpc-eabi/4.6.3/crtbegin.o
 .rela.text.GX_SetVtxAttrFmt
                0x00000000        0x0 c:/devkitpro/devkitppc/bin/../lib/gcc/powerpc-eabi/4.6.3/crtbegin.o
 .rela.text.GX_SetVtxAttrFmtv
                0x00000000        0x0 c:/devkitpro/devkitppc/bin/../lib/gcc/powerpc-eabi/4.6.3/crtbegin.o
 .rela.text.GX_Begin
                0x00000000        0x0 c:/devkitpro/devkitppc/bin/../lib/gcc/powerpc-eabi/4.6.3/crtbegin.o
 .rela.text.GX_SetTexCoordGen2
                0x00000000        0x0 c:/devkitpro/devkitppc/bin/../lib/gcc/powerpc-eabi/4.6.3/crtbegin.o
 .rela.text.GX_SetCurrentMtx
                0x00000000        0x0 c:/devkitpro/devkitppc/bin/../lib/gcc/powerpc-eabi/4.6.3/crtbegin.o
 .rela.text.GX_SetNumTexGens
                0x00000000        0x0 c:/devkitpro/devkitppc/bin/../lib/gcc/powerpc-eabi/4.6.3/crtbegin.o
 .rela.text.GX_SetZMode
                0x00000000        0x0 c:/devkitpro/devkitppc/bin/../lib/gcc/powerpc-eabi/4.6.3/crtbegin.o
 .rela.text.GX_LoadTexObjPreloaded
                0x00000000        0x0 c:/devkitpro/devkitppc/bin/../lib/gcc/powerpc-eabi/4.6.3/crtbegin.o
 .rela.text.GX_SetTexCoordScaleManually
                0x00000000        0x0 c:/devkitpro/devkitppc/bin/../lib/gcc/powerpc-eabi/4.6.3/crtbegin.o
 .rela.text.GX_SetTexCoordCylWrap
                0x00000000        0x0 c:/devkitpro/devkitppc/bin/../lib/gcc/powerpc-eabi/4.6.3/crtbegin.o
 .rela.text.GX_SetTexCoordBias
                0x00000000        0x0 c:/devkitpro/devkitppc/bin/../lib/gcc/powerpc-eabi/4.6.3/crtbegin.o
 .rela.text.GX_SetBlendMode
                0x00000000        0x0 c:/devkitpro/devkitppc/bin/../lib/gcc/powerpc-eabi/4.6.3/crtbegin.o
 .rela.text.GX_ClearVtxDesc
                0x00000000        0x0 c:/devkitpro/devkitppc/bin/../lib/gcc/powerpc-eabi/4.6.3/crtbegin.o
 .rela.text.GX_SetLineWidth
                0x00000000        0x0 c:/devkitpro/devkitppc/bin/../lib/gcc/powerpc-eabi/4.6.3/crtbegin.o
 .rela.text.GX_SetPointSize
                0x00000000        0x0 c:/devkitpro/devkitppc/bin/../lib/gcc/powerpc-eabi/4.6.3/crtbegin.o
 .rela.text.GX_SetTevColorIn
                0x00000000        0x0 c:/devkitpro/devkitppc/bin/../lib/gcc/powerpc-eabi/4.6.3/crtbegin.o
 .rela.text.GX_SetTevAlphaIn
                0x00000000        0x0 c:/devkitpro/devkitppc/bin/../lib/gcc/powerpc-eabi/4.6.3/crtbegin.o
 .rela.text.GX_SetTevColorOp
                0x00000000        0x0 c:/devkitpro/devkitppc/bin/../lib/gcc/powerpc-eabi/4.6.3/crtbegin.o
 .rela.text.GX_SetTevAlphaOp
                0x00000000        0x0 c:/devkitpro/devkitppc/bin/../lib/gcc/powerpc-eabi/4.6.3/crtbegin.o
 .rela.text.GX_SetCullMode
                0x00000000        0x0 c:/devkitpro/devkitppc/bin/../lib/gcc/powerpc-eabi/4.6.3/crtbegin.o
 .rela.text.GX_SetCoPlanar
                0x00000000        0x0 c:/devkitpro/devkitppc/bin/../lib/gcc/powerpc-eabi/4.6.3/crtbegin.o
 .rela.text.GX_EnableTexOffsets
                0x00000000        0x0 c:/devkitpro/devkitppc/bin/../lib/gcc/powerpc-eabi/4.6.3/crtbegin.o
 .rela.text.GX_SetScissor
                0x00000000        0x0 c:/devkitpro/devkitppc/bin/../lib/gcc/powerpc-eabi/4.6.3/crtbegin.o
 .rela.text.GX_SetNumChans
                0x00000000        0x0 c:/devkitpro/devkitppc/bin/../lib/gcc/powerpc-eabi/4.6.3/crtbegin.o
 .rela.text.GX_SetTevOrder
                0x00000000        0x0 c:/devkitpro/devkitppc/bin/../lib/gcc/powerpc-eabi/4.6.3/crtbegin.o
 .rela.text.GX_SetNumTevStages
                0x00000000        0x0 c:/devkitpro/devkitppc/bin/../lib/gcc/powerpc-eabi/4.6.3/crtbegin.o
 .rela.text.GX_SetTevKColorSel
                0x00000000        0x0 c:/devkitpro/devkitppc/bin/../lib/gcc/powerpc-eabi/4.6.3/crtbegin.o
 .rela.text.GX_SetTevKAlphaSel
                0x00000000        0x0 c:/devkitpro/devkitppc/bin/../lib/gcc/powerpc-eabi/4.6.3/crtbegin.o
 .rela.text.GX_SetTevSwapMode
                0x00000000        0x0 c:/devkitpro/devkitppc/bin/../lib/gcc/powerpc-eabi/4.6.3/crtbegin.o
 .rela.text.GX_SetTevSwapModeTable
                0x00000000        0x0 c:/devkitpro/devkitppc/bin/../lib/gcc/powerpc-eabi/4.6.3/crtbegin.o
 .rela.text.GX_SetNumIndStages
                0x00000000        0x0 c:/devkitpro/devkitppc/bin/../lib/gcc/powerpc-eabi/4.6.3/crtbegin.o
 .rela.text.GX_SetIndTexCoordScale
                0x00000000        0x0 c:/devkitpro/devkitppc/bin/../lib/gcc/powerpc-eabi/4.6.3/crtbegin.o
 .rela.text.GX_SetColorUpdate
                0x00000000        0x0 c:/devkitpro/devkitppc/bin/../lib/gcc/powerpc-eabi/4.6.3/crtbegin.o
 .rela.text.GX_SetAlphaUpdate
                0x00000000        0x0 c:/devkitpro/devkitppc/bin/../lib/gcc/powerpc-eabi/4.6.3/crtbegin.o
 .rela.text.GX_SetZCompLoc
                0x00000000        0x0 c:/devkitpro/devkitppc/bin/../lib/gcc/powerpc-eabi/4.6.3/crtbegin.o
 .rela.text.GX_SetPixelFmt
                0x00000000        0x0 c:/devkitpro/devkitppc/bin/../lib/gcc/powerpc-eabi/4.6.3/crtbegin.o
 .rela.text.GX_SetDither
                0x00000000        0x0 c:/devkitpro/devkitppc/bin/../lib/gcc/powerpc-eabi/4.6.3/crtbegin.o
 .rela.text.GX_SetDstAlpha
                0x00000000        0x0 c:/devkitpro/devkitppc/bin/../lib/gcc/powerpc-eabi/4.6.3/crtbegin.o
 .rela.text.GX_SetFieldMode
                0x00000000        0x0 c:/devkitpro/devkitppc/bin/../lib/gcc/powerpc-eabi/4.6.3/crtbegin.o
 .rela.text.GX_SetIndTexOrder
                0x00000000        0x0 c:/devkitpro/devkitppc/bin/../lib/gcc/powerpc-eabi/4.6.3/crtbegin.o
 .rela.text.GX_SetGPMetric
                0x00000000        0x0 c:/devkitpro/devkitppc/bin/../lib/gcc/powerpc-eabi/4.6.3/crtbegin.o
 .rela.text.GX_Init
                0x00000000        0x0 c:/devkitpro/devkitppc/bin/../lib/gcc/powerpc-eabi/4.6.3/crtbegin.o
 .rela.text.GX_ReadGPMetric
                0x00000000        0x0 c:/devkitpro/devkitppc/bin/../lib/gcc/powerpc-eabi/4.6.3/crtbegin.o
 .rela.text.kprintf
                0x00000000        0x0 c:/devkitpro/devkitppc/bin/../lib/gcc/powerpc-eabi/4.6.3/crtbegin.o
 .rela.text.__card_readcid
                0x00000000        0x0 c:/devkitpro/devkitppc/bin/../lib/gcc/powerpc-eabi/4.6.3/crtbegin.o
 .rela.text.__card_readcsd
                0x00000000        0x0 c:/devkitpro/devkitppc/bin/../lib/gcc/powerpc-eabi/4.6.3/crtbegin.o
 .rela.text.__card_sd_status
                0x00000000        0x0 c:/devkitpro/devkitppc/bin/../lib/gcc/powerpc-eabi/4.6.3/crtbegin.o
 .rela.text.sdgecko_initIO
                0x00000000        0x0 c:/devkitpro/devkitppc/bin/../lib/gcc/powerpc-eabi/4.6.3/crtbegin.o
 .rela.text.atangent
                0x00000000        0x0 c:/devkitpro/devkitppc/bin/../lib/gcc/powerpc-eabi/4.6.3/crtbegin.o
 .rela.text.atangentf
                0x00000000        0x0 c:/devkitpro/devkitppc/bin/../lib/gcc/powerpc-eabi/4.6.3/crtbegin.o
 .rela.text.sinef
                0x00000000        0x0 c:/devkitpro/devkitppc/bin/../lib/gcc/powerpc-eabi/4.6.3/crtbegin.o
 .rela.text.sqrtf
                0x00000000        0x0 c:/devkitpro/devkitppc/bin/../lib/gcc/powerpc-eabi/4.6.3/crtbegin.o
 .rela.text.calloc
                0x00000000        0x0 c:/devkitpro/devkitppc/bin/../lib/gcc/powerpc-eabi/4.6.3/crtbegin.o
 .rela.text.__errno
                0x00000000        0x0 c:/devkitpro/devkitppc/bin/../lib/gcc/powerpc-eabi/4.6.3/crtbegin.o
 .rela.text.exit
                0x00000000        0x0 c:/devkitpro/devkitppc/bin/../lib/gcc/powerpc-eabi/4.6.3/crtbegin.o
 .rela.text.fprintf
                0x00000000        0x0 c:/devkitpro/devkitppc/bin/../lib/gcc/powerpc-eabi/4.6.3/crtbegin.o
 .rela.text.fputs
                0x00000000        0x0 c:/devkitpro/devkitppc/bin/../lib/gcc/powerpc-eabi/4.6.3/crtbegin.o
 .rela.text._malloc_trim_r
                0x00000000        0x0 c:/devkitpro/devkitppc/bin/../lib/gcc/powerpc-eabi/4.6.3/crtbegin.o
 .rela.text._free_r
                0x00000000        0x0 c:/devkitpro/devkitppc/bin/../lib/gcc/powerpc-eabi/4.6.3/crtbegin.o
 .rela.text.loadlocale
                0x00000000        0x0 c:/devkitpro/devkitppc/bin/../lib/gcc/powerpc-eabi/4.6.3/crtbegin.o
 .rela.text._mbrtowc_r
                0x00000000        0x0 c:/devkitpro/devkitppc/bin/../lib/gcc/powerpc-eabi/4.6.3/crtbegin.o
 .rela.text.mbrtowc
                0x00000000        0x0 c:/devkitpro/devkitppc/bin/../lib/gcc/powerpc-eabi/4.6.3/crtbegin.o
 .rela.text.mktime
                0x00000000        0x0 c:/devkitpro/devkitppc/bin/../lib/gcc/powerpc-eabi/4.6.3/crtbegin.o
 .rela.text._mktm_r
                0x00000000        0x0 c:/devkitpro/devkitppc/bin/../lib/gcc/powerpc-eabi/4.6.3/crtbegin.o
 .rela.text.setvbuf
                0x00000000        0x0 c:/devkitpro/devkitppc/bin/../lib/gcc/powerpc-eabi/4.6.3/crtbegin.o
 .rela.text._wcrtomb_r
                0x00000000        0x0 c:/devkitpro/devkitppc/bin/../lib/gcc/powerpc-eabi/4.6.3/crtbegin.o
 .rela.text.wcrtomb
                0x00000000        0x0 c:/devkitpro/devkitppc/bin/../lib/gcc/powerpc-eabi/4.6.3/crtbegin.o
 .rela.text.wctob
                0x00000000        0x0 c:/devkitpro/devkitppc/bin/../lib/gcc/powerpc-eabi/4.6.3/crtbegin.o
 .rela.text.__call_exitprocs
                0x00000000        0x0 c:/devkitpro/devkitppc/bin/../lib/gcc/powerpc-eabi/4.6.3/crtbegin.o
 .rela.text._dtoa_r
                0x00000000        0x0 c:/devkitpro/devkitppc/bin/../lib/gcc/powerpc-eabi/4.6.3/crtbegin.o
 .rela.text._cleanup_r
                0x00000000        0x0 c:/devkitpro/devkitppc/bin/../lib/gcc/powerpc-eabi/4.6.3/crtbegin.o
 .rela.text.std.isra.0
                0x00000000        0x0 c:/devkitpro/devkitppc/bin/../lib/gcc/powerpc-eabi/4.6.3/crtbegin.o
 .rela.text._findenv_r
                0x00000000        0x0 c:/devkitpro/devkitppc/bin/../lib/gcc/powerpc-eabi/4.6.3/crtbegin.o
 .rela.text.__smakebuf_r
                0x00000000        0x0 c:/devkitpro/devkitppc/bin/../lib/gcc/powerpc-eabi/4.6.3/crtbegin.o

.rel.fini
 *(.rel.fini)

.rela.fini
 *(.rela.fini)

.rel.rodata
 *(.rel.rodata .rel.rodata.* .rel.gnu.linkonce.r.*)

.rela.rodata    0x80004194        0x0
 *(.rela.rodata .rela.rodata.* .rela.gnu.linkonce.r.*)
 .rela.rodata.dotab_fat
                0x00000000        0x0 c:/devkitpro/devkitppc/bin/../lib/gcc/powerpc-eabi/4.6.3/crtbegin.o

.rel.data
 *(.rel.data .rel.data.* .rel.gnu.linkonce.d.*)

.rela.data
 *(.rela.data .rela.data.* .rela.gnu.linkonce.d.*)

.rel.tdata
 *(.rel.tdata .rel.tdata.* .rel.gnu.linkonce.td.*)

.rela.tdata
 *(.rela.tdata .rela.tdata.* .rela.gnu.linkonce.td.*)

.rel.tbss
 *(.rel.tbss .rel.tbss.* .rel.gnu.linkonce.tb.*)

.rela.tbss
 *(.rela.tbss .rela.tbss.* .rela.gnu.linkonce.tb.*)

.rel.ctors
 *(.rel.ctors)

.rela.ctors
 *(.rela.ctors)

.rel.dtors
 *(.rel.dtors)

.rela.dtors
 *(.rela.dtors)

.rel.got
 *(.rel.got)

.rela.got
 *(.rela.got)

.rela.got1
 *(.rela.got1)

.rela.got2      0x80004194        0x0
 *(.rela.got2)
 .rela.got2     0x00000000        0x0 c:/devkitpro/devkitppc/bin/../lib/gcc/powerpc-eabi/4.6.3/crtbegin.o

.rel.sdata
 *(.rel.sdata .rel.sdata.* .rel.gnu.linkonce.s.*)

.rela.sdata
 *(.rela.sdata .rela.sdata.* .rela.gnu.linkonce.s.*)

.rel.sbss
 *(.rel.sbss .rel.sbss.* .rel.gnu.linkonce.sb.*)

.rela.sbss
 *(.rela.sbss .rela.sbss.* .rel.gnu.linkonce.sb.*)

.rel.sdata2
 *(.rel.sdata2 .rel.sdata2.* .rel.gnu.linkonce.s2.*)

.rela.sdata2
 *(.rela.sdata2 .rela.sdata2.* .rela.gnu.linkonce.s2.*)

.rel.sbss2
 *(.rel.sbss2 .rel.sbss2.* .rel.gnu.linkonce.sb2.*)

.rela.sbss2
 *(.rela.sbss2 .rela.sbss2.* .rela.gnu.linkonce.sb2.*)

.rel.bss
 *(.rel.bss .rel.bss.* .rel.gnu.linkonce.b.*)

.rela.bss
 *(.rela.bss .rela.bss.* .rela.gnu.linkonce.b.*)

.rel.plt
 *(.rel.plt)

.rela.plt
 *(.rela.plt)

.text           0x800041a0    0x3ee00
 *(.text)
 .text          0x800041a0      0x168 c:/devkitpro/devkitppc/bin/../lib/gcc/powerpc-eabi/4.6.3/crtbegin.o
 .text          0x80004308       0x44 c:/devkitpro/devkitppc/bin/../lib/gcc/powerpc-eabi/4.6.3/../../../../powerpc-eabi/lib/crtmain.o
                0x8000430c                __crtmain
 *fill*         0x8000434c       0x14 00000000
 .text          0x80004360      0x44c c:/devkitPro/libogc/lib/wii\libogc.a(lwp_handler.o)
                0x80004360                _cpu_context_save_fp
                0x800044a0                _cpu_context_restore_fp
                0x800045e0                _cpu_context_switch
                0x800046c0                _cpu_context_save
                0x80004740                _cpu_context_restore
 .text          0x800047ac      0x4f4 c:/devkitPro/libogc/lib/wii\libogc.a(cache_asm.o)
                0x800047ac                DCFlashInvalidate
                0x800047c0                DCEnable
                0x800047d4                DCDisable
                0x800047e8                DCFreeze
                0x800047fc                DCUnfreeze
                0x80004810                DCTouchLoad
                0x80004818                DCBlockZero
                0x80004820                DCBlockStore
                0x80004828                DCBlockFlush
                0x80004830                DCBlockInvalidate
                0x80004838                DCInvalidateRange
                0x80004868                DCFlushRange
                0x8000489c                DCStoreRange
                0x800048d0                DCFlushRangeNoSync
                0x80004900                DCStoreRangeNoSync
                0x80004930                DCZeroRange
                0x80004960                DCTouchRange
                0x80004990                ICInvalidateRange
                0x800049c8                ICFlashInvalidate
                0x800049dc                ICEnable
                0x800049f0                ICDisable
                0x80004a04                ICFreeze
                0x80004a18                ICUnfreeze
                0x80004a2c                ICBlockInvalidate
                0x80004a34                ICSync
                0x80004a3c                L2Init
                0x80004a84                L2Enable
                0x80004aa0                L2Disable
                0x80004ab8                L2GlobalInvalidate
                0x80004b10                __LCEnable
                0x80004bdc                LCDisable
                0x80004c04                LCAllocOneTag
                0x80004c18                LCAllocTags
                0x80004c58                LCLoadBlocks
                0x80004c7c                LCStoreBlocks
 .text          0x80004ca0      0x4a0 c:/devkitPro/libogc/lib/wii\libogc.a(system_asm.o)
                0x80004ca0                __realmode
                0x80004cb8                __configBATS
                0x80004de8                __InitFPRS
                0x80004f14                __InitPS
                0x80004f70                __InitCache
                0x80004fc8                __InitSystem
                0x80005050                __flush_cache
                0x80005084                __reset
                0x800050f4                __InitBATS
                0x80005110                SYS_SwitchFiber
 .text          0x80005140      0x1ac c:/devkitPro/libogc/lib/wii\libogc.a(irq_handler.o)
                0x80005140                irq_exceptionhandler
 .text          0x800052ec      0x1ac c:/devkitPro/libogc/lib/wii\libogc.a(decrementer_handler.o)
                0x800052ec                dec_exceptionhandler
 .text          0x80005498      0x35c c:/devkitPro/libogc/lib/wii\libogc.a(exception_handler.o)
                0x80005498                exceptionhandler_start
                0x80005514                exceptionhandler_patch
                0x80005548                exceptionhandler_end
                0x8000554c                default_exceptionhandler
                0x8000567c                fpu_exceptionhandler
                0x800057c4                systemcallhandler_start
                0x800057f0                systemcallhandler_end
 .text          0x800057f4       0x40 c:/devkitpro/devkitppc/bin/../lib/gcc/powerpc-eabi/4.6.3\libgcc.a(_ashldi3.o)
                0x800057f4                __ashldi3
 .text          0x80005834      0x448 c:/devkitpro/devkitppc/bin/../lib/gcc/powerpc-eabi/4.6.3\libgcc.a(_divdi3.o)
                0x80005834                __divdi3
 .text          0x80005c7c      0x400 c:/devkitpro/devkitppc/bin/../lib/gcc/powerpc-eabi/4.6.3\libgcc.a(_udivdi3.o)
                0x80005c7c                __udivdi3
 .text          0x8000607c      0x3d4 c:/devkitpro/devkitppc/bin/../lib/gcc/powerpc-eabi/4.6.3\libgcc.a(_umoddi3.o)
                0x8000607c                __umoddi3
 .text          0x80006450       0x48 c:/devkitpro/devkitppc/bin/../lib/gcc/powerpc-eabi/4.6.3\libgcc.a(eabi.o)
                0x80006450                __eabi
 .text          0x80006498       0x4c c:/devkitpro/devkitppc/bin/../lib/gcc/powerpc-eabi/4.6.3\libgcc.a(crtsavfpr.o)
                0x80006498                _savefpr_14
                0x8000649c                _savefpr_15
                0x800064a0                _savefpr_16
                0x800064a4                _savefpr_17
                0x800064a8                _savefpr_18
                0x800064ac                _savefpr_19
                0x800064b0                _savefpr_20
                0x800064b4                _savefpr_21
                0x800064b8                _savefpr_22
                0x800064bc                _savefpr_23
                0x800064c0                _savefpr_24
                0x800064c4                _savefpr_25
                0x800064c8                _savefpr_26
                0x800064cc                _savefpr_27
                0x800064d0                _savefpr_28
                0x800064d4                _savefpr_29
                0x800064d8                _savefpr_30
                0x800064dc                _savefpr_31
 .text          0x800064e4       0x4c c:/devkitpro/devkitppc/bin/../lib/gcc/powerpc-eabi/4.6.3\libgcc.a(crtsavgpr.o)
                0x800064e4                _savegpr_14
                0x800064e8                _savegpr_15
                0x800064ec                _savegpr_16
                0x800064f0                _savegpr_17
                0x800064f4                _savegpr_18
                0x800064f8                _savegpr_19
                0x800064fc                _savegpr_20
                0x80006500                _savegpr_21
                0x80006504                _savegpr_22
                0x80006508                _savegpr_23
                0x8000650c                _savegpr_24
                0x80006510                _savegpr_25
                0x80006514                _savegpr_26
                0x80006518                _savegpr_27
                0x8000651c                _savegpr_28
                0x80006520                _savegpr_29
                0x80006524                _savegpr_30
                0x80006528                _savegpr_31
 .text          0x80006530       0x4c c:/devkitpro/devkitppc/bin/../lib/gcc/powerpc-eabi/4.6.3\libgcc.a(crtresgpr.o)
                0x80006530                _restgpr_14
                0x80006534                _restgpr_15
                0x80006538                _restgpr_16
                0x8000653c                _restgpr_17
                0x80006540                _restgpr_18
                0x80006544                _restgpr_19
                0x80006548                _restgpr_20
                0x8000654c                _restgpr_21
                0x80006550                _restgpr_22
                0x80006554                _restgpr_23
                0x80006558                _restgpr_24
                0x8000655c                _restgpr_25
                0x80006560                _restgpr_26
                0x80006564                _restgpr_27
                0x80006568                _restgpr_28
                0x8000656c                _restgpr_29
                0x80006570                _restgpr_30
                0x80006574                _restgpr_31
 .text          0x8000657c       0x58 c:/devkitpro/devkitppc/bin/../lib/gcc/powerpc-eabi/4.6.3\libgcc.a(crtresxfpr.o)
                0x8000657c                _restfpr_14_x
                0x80006580                _restfpr_15_x
                0x80006584                _restfpr_16_x
                0x80006588                _restfpr_17_x
                0x8000658c                _restfpr_18_x
                0x80006590                _restfpr_19_x
                0x80006594                _restfpr_20_x
                0x80006598                _restfpr_21_x
                0x8000659c                _restfpr_22_x
                0x800065a0                _restfpr_23_x
                0x800065a4                _restfpr_24_x
                0x800065a8                _restfpr_25_x
                0x800065ac                _restfpr_26_x
                0x800065b0                _restfpr_27_x
                0x800065b4                _restfpr_28_x
                0x800065b8                _restfpr_29_x
                0x800065bc                _restfpr_30_x
                0x800065c0                _restfpr_31_x
 .text          0x800065d4       0x58 c:/devkitpro/devkitppc/bin/../lib/gcc/powerpc-eabi/4.6.3\libgcc.a(crtresxgpr.o)
                0x800065d4                _restgpr_14_x
                0x800065d8                _restgpr_15_x
                0x800065dc                _restgpr_16_x
                0x800065e0                _restgpr_17_x
                0x800065e4                _restgpr_18_x
                0x800065e8                _restgpr_19_x
                0x800065ec                _restgpr_20_x
                0x800065f0                _restgpr_21_x
                0x800065f4                _restgpr_22_x
                0x800065f8                _restgpr_23_x
                0x800065fc                _restgpr_24_x
                0x80006600                _restgpr_25_x
                0x80006604                _restgpr_26_x
                0x80006608                _restgpr_27_x
                0x8000660c                _restgpr_28_x
                0x80006610                _restgpr_29_x
                0x80006614                _restgpr_30_x
                0x80006618                _restgpr_31_x
 .text          0x8000662c       0x28 c:/devkitpro/devkitppc/bin/../lib/gcc/powerpc-eabi/4.6.3/../../../../powerpc-eabi/lib\libsysbase.a(abort.o)
                0x8000662c                abort
 .text          0x80006654      0x2ec c:/devkitpro/devkitppc/bin/../lib/gcc/powerpc-eabi/4.6.3/../../../../powerpc-eabi/lib\libsysbase.a(iosupport.o)
                0x80006654                setDefaultDevice
                0x8000666c                FindDevice
                0x80006790                RemoveDevice
                0x800067e0                AddDevice
                0x800068fc                GetDeviceOpTab
 .text          0x80006940       0x28 c:/devkitpro/devkitppc/bin/../lib/gcc/powerpc-eabi/4.6.3/../../../../powerpc-eabi/lib\libsysbase.a(_exit.o)
                0x80006940                _exit
 .text          0x80006968      0x4cc c:/devkitpro/devkitppc/bin/../lib/gcc/powerpc-eabi/4.6.3/../../../../powerpc-eabi/lib\libsysbase.a(chdir.o)
                0x80006968                _concatenate_path
                0x80006bb8                chdir
                0x80006d50                getcwd
 .text          0x80006e34       0x90 c:/devkitpro/devkitppc/bin/../lib/gcc/powerpc-eabi/4.6.3/../../../../powerpc-eabi/lib\libsysbase.a(build_argv.o)
                0x80006e34                build_argv
 .text          0x80006ec4      0x168 c:/devkitpro/devkitppc/bin/../lib/gcc/powerpc-eabi/4.6.3/../../../../powerpc-eabi/lib\libsysbase.a(syscall_support.o)
                0x80006ec4                __libc_lock_init
                0x80006f04                __libc_lock_close
                0x80006f44                __libc_lock_release
                0x80006f84                __libc_lock_acquire
                0x80006fc4                __malloc_lock
                0x80006ff8                __malloc_unlock
 .text          0x8000702c      0x518 c:/devkitpro/devkitppc/bin/../lib/gcc/powerpc-eabi/4.6.3/../../../../powerpc-eabi/lib\libsysbase.a(dirent.o)
                0x8000702c                opendir
                0x8000718c                closedir
                0x80007244                readdir
                0x8000737c                rewinddir
                0x800073f8                seekdir
                0x80007530                telldir
 .text          0x80007544       0x98 c:/devkitpro/devkitppc/bin/../lib/gcc/powerpc-eabi/4.6.3/../../../../powerpc-eabi/lib\libsysbase.a(close.o)
                0x80007544                _close_r
 .text          0x800075dc       0xc8 c:/devkitpro/devkitppc/bin/../lib/gcc/powerpc-eabi/4.6.3/../../../../powerpc-eabi/lib\libsysbase.a(fstat.o)
                0x800075dc                _fstat_r
 .text          0x800076a4        0x8 c:/devkitpro/devkitppc/bin/../lib/gcc/powerpc-eabi/4.6.3/../../../../powerpc-eabi/lib\libsysbase.a(isatty.o)
                0x800076a4                _isatty_r
 .text          0x800076ac       0xcc c:/devkitpro/devkitppc/bin/../lib/gcc/powerpc-eabi/4.6.3/../../../../powerpc-eabi/lib\libsysbase.a(lseek.o)
                0x800076ac                _lseek_r
 .text          0x80007778       0xac c:/devkitpro/devkitppc/bin/../lib/gcc/powerpc-eabi/4.6.3/../../../../powerpc-eabi/lib\libsysbase.a(read.o)
                0x80007778                _read_r
 .text          0x80007824       0x50 c:/devkitpro/devkitppc/bin/../lib/gcc/powerpc-eabi/4.6.3/../../../../powerpc-eabi/lib\libsysbase.a(sbrk.o)
                0x80007824                _sbrk_r
 .text          0x80007874       0x90 c:/devkitpro/devkitppc/bin/../lib/gcc/powerpc-eabi/4.6.3/../../../../powerpc-eabi/lib\libsysbase.a(stat.o)
                0x80007874                _stat_r
 .text          0x80007904       0xac c:/devkitpro/devkitppc/bin/../lib/gcc/powerpc-eabi/4.6.3/../../../../powerpc-eabi/lib\libsysbase.a(write.o)
                0x80007904                _write_r
 .text          0x800079b0       0x6c c:/devkitpro/devkitppc/bin/../lib/gcc/powerpc-eabi/4.6.3/../../../../powerpc-eabi/lib\libsysbase.a(flock.o)
                0x800079b0                __flockfile
                0x800079f8                __funlockfile
 .text          0x80007a1c      0x174 c:/devkitpro/devkitppc/bin/../lib/gcc/powerpc-eabi/4.6.3/../../../../powerpc-eabi/lib\libsysbase.a(handle_manager.o)
                0x80007a1c                __release_handle
                0x80007a78                __alloc_handle
                0x80007b6c                __get_handle
 .text          0x80007b90       0x6c c:/devkitpro/devkitppc/bin/../lib/gcc/powerpc-eabi/4.6.3/crtend.o
 *(.text.*)
 .text._FST_close_r
                0x80007bfc       0x2c fst.o
 .text._FST_seek_r
                0x80007c28       0xd8 fst.o
 .text._FST_fstat_r
                0x80007d00       0xac fst.o
 .text._FST_dirreset_r
                0x80007dac       0x30 fst.o
 .text._FST_dirclose_r
                0x80007ddc       0x30 fst.o
 .text.cleanup_recursive
                0x80007e0c       0x8c fst.o
 .text._FST_dirnext_r
                0x80007e98      0x120 fst.o
 .text.entry_from_path
                0x80007fb8      0x28c fst.o
 .text._FST_diropen_r
                0x80008244       0x94 fst.o
 .text._FST_chdir_r
                0x800082d8       0x68 fst.o
 .text._FST_stat_r
                0x80008340       0xdc fst.o
 .text._FST_open_r
                0x8000841c       0x84 fst.o
 .text.add_child_entry
                0x800084a0       0xcc fst.o
 .text.read_fst
                0x8000856c      0x184 fst.o
 .text._read    0x800086f0       0xdc fst.o
 .text.read_disc
                0x800087cc      0x718 fst.o
 .text._FST_read_r
                0x80008ee4      0x454 fst.o
 .text.FST_Unmount
                0x80009338       0xc8 fst.o
                0x80009338                FST_Unmount
 .text.FST_Mount
                0x80009400       0x78 fst.o
                0x80009400                FST_Mount
 .text.initdisc
                0x80009478       0xc0 main.o
                0x80009478                initdisc
 .text.deinitdisc
                0x80009538       0x30 main.o
                0x80009538                deinitdisc
 .text.startup.main
                0x80009568      0x314 main.o
                0x80009568                main
 .text.bmul     0x8000987c       0x54 rijndael.o
 .text.product  0x800098d0       0x88 rijndael.o
 .text.aes_set_key
                0x80009958      0x540 rijndael.o
                0x80009958                aes_set_key
 .text.aes_decrypt
                0x80009e98      0x404 rijndael.o
                0x80009e98                aes_decrypt
 .text._cover_callback
                0x8000a29c      0x1bc c:/devkitPro/libogc/lib/wii\libdi.a(di.o)
 .text._DI_ReadDVD_A8_Async
                0x8000a458       0x94 c:/devkitPro/libogc/lib/wii\libdi.a(di.o)
 .text._DI_ReadDVD_D0_Async
                0x8000a4ec       0x9c c:/devkitPro/libogc/lib/wii\libdi.a(di.o)
 .text._DI_ReadDVD
                0x8000a588       0xe0 c:/devkitPro/libogc/lib/wii\libdi.a(di.o)
 .text._DI_ReadDVD_Check_Async
                0x8000a668       0x98 c:/devkitPro/libogc/lib/wii\libdi.a(di.o)
 .text._DI_ReadDVD_A8
                0x8000a700       0xd0 c:/devkitPro/libogc/lib/wii\libdi.a(di.o)
 .text._DI_ReadDVD_D0
                0x8000a7d0       0xd4 c:/devkitPro/libogc/lib/wii\libdi.a(di.o)
 .text._DI_ReadDVD_Check
                0x8000a8a4       0x90 c:/devkitPro/libogc/lib/wii\libdi.a(di.o)
 .text.DI_Init  0x8000a934      0x10c c:/devkitPro/libogc/lib/wii\libdi.a(di.o)
                0x8000a934                DI_Init
 .text.DI_Close
                0x8000aa40       0x60 c:/devkitPro/libogc/lib/wii\libdi.a(di.o)
                0x8000aa40                DI_Close
 .text.DI_GetStatus
                0x8000aaa0        0x8 c:/devkitPro/libogc/lib/wii\libdi.a(di.o)
                0x8000aaa0                DI_GetStatus
 .text.DI_ReadDVD
                0x8000aaa8      0x120 c:/devkitPro/libogc/lib/wii\libdi.a(di.o)
                0x8000aaa8                DI_ReadDVD
 .text.DI_GetCoverRegister
                0x8000abc8       0x9c c:/devkitPro/libogc/lib/wii\libdi.a(di.o)
                0x8000abc8                DI_GetCoverRegister
 .text.DI_Mount
                0x8000ac64       0x78 c:/devkitPro/libogc/lib/wii\libdi.a(di.o)
                0x8000ac64                DI_Mount
 .text.DI_ClosePartition
                0x8000acdc       0x88 c:/devkitPro/libogc/lib/wii\libdi.a(di.o)
                0x8000acdc                DI_ClosePartition
 .text.DI_OpenPartition
                0x8000ad64       0xd8 c:/devkitPro/libogc/lib/wii\libdi.a(di.o)
                0x8000ad64                DI_OpenPartition
 .text.DI_Read  0x8000ae3c       0xb0 c:/devkitPro/libogc/lib/wii\libdi.a(di.o)
                0x8000ae3c                DI_Read
 .text.__wpad_assign_slot
                0x8000aeec      0x220 c:/devkitPro/libogc/lib/wii\libwiiuse.a(wpad.o)
                0x8000aeec                __wpad_assign_slot
 .text.__wpad_def_powcb
                0x8000b10c       0x20 c:/devkitPro/libogc/lib/wii\libwiiuse.a(wpad.o)
 .text.__wpad_setfmt
                0x8000b12c       0xf0 c:/devkitPro/libogc/lib/wii\libwiiuse.a(wpad.o)
 .text.__readlinkkey_finished
                0x8000b21c       0x30 c:/devkitPro/libogc/lib/wii\libwiiuse.a(wpad.o)
 .text.__wpad_patch_finished
                0x8000b24c       0x2c c:/devkitPro/libogc/lib/wii\libwiiuse.a(wpad.o)
 .text.__wpad_eventCB
                0x8000b278      0x958 c:/devkitPro/libogc/lib/wii\libwiiuse.a(wpad.o)
 .text.__wpad_disconnectCB
                0x8000bbd0       0xe8 c:/devkitPro/libogc/lib/wii\libwiiuse.a(wpad.o)
                0x8000bbd0                __wpad_disconnectCB
 .text.__wpad_timeouthandler
                0x8000bcb8       0x98 c:/devkitPro/libogc/lib/wii\libwiiuse.a(wpad.o)
 .text.__initcore_finished
                0x8000bd50       0x40 c:/devkitPro/libogc/lib/wii\libwiiuse.a(wpad.o)
 .text.__wpad_init_finished
                0x8000bd90      0x134 c:/devkitPro/libogc/lib/wii\libwiiuse.a(wpad.o)
 .text.WPAD_ReadEvent
                0x8000bec4      0x580 c:/devkitPro/libogc/lib/wii\libwiiuse.a(wpad.o)
                0x8000bec4                WPAD_ReadEvent
 .text.WPAD_ReadPending
                0x8000c444      0x10c c:/devkitPro/libogc/lib/wii\libwiiuse.a(wpad.o)
                0x8000c444                WPAD_ReadPending
 .text.WPAD_Shutdown
                0x8000c550       0xdc c:/devkitPro/libogc/lib/wii\libwiiuse.a(wpad.o)
                0x8000c550                WPAD_Shutdown
 .text.WPAD_Init
                0x8000c62c      0x240 c:/devkitPro/libogc/lib/wii\libwiiuse.a(wpad.o)
                0x8000c62c                WPAD_Init
 .text.__wpad_onreset
                0x8000c86c       0x2c c:/devkitPro/libogc/lib/wii\libwiiuse.a(wpad.o)
 .text.WPAD_ScanPads
                0x8000c898        0xc c:/devkitPro/libogc/lib/wii\libwiiuse.a(wpad.o)
                0x8000c898                WPAD_ScanPads
 .text.WPAD_ButtonsDown
                0x8000c8a4       0x28 c:/devkitPro/libogc/lib/wii\libwiiuse.a(wpad.o)
                0x8000c8a4                WPAD_ButtonsDown
 .text.motion_plus_disconnected
                0x8000c8cc       0x10 c:/devkitPro/libogc/lib/wii\libwiiuse.a(motion_plus.o)
                0x8000c8cc                motion_plus_disconnected
 .text.motion_plus_event
                0x8000c8dc       0x64 c:/devkitPro/libogc/lib/wii\libwiiuse.a(motion_plus.o)
                0x8000c8dc                motion_plus_event
 .text.calculate_gforce
                0x8000c940      0x114 c:/devkitPro/libogc/lib/wii\libwiiuse.a(dynamics.o)
                0x8000c940                calculate_gforce
 .text.calc_joystick_state
                0x8000ca54      0x21c c:/devkitPro/libogc/lib/wii\libwiiuse.a(dynamics.o)
                0x8000ca54                calc_joystick_state
 .text.apply_smoothing
                0x8000cc70      0x148 c:/devkitPro/libogc/lib/wii\libwiiuse.a(dynamics.o)
                0x8000cc70                apply_smoothing
 .text.calculate_orientation
                0x8000cdb8      0x29c c:/devkitPro/libogc/lib/wii\libwiiuse.a(dynamics.o)
                0x8000cdb8                calculate_orientation
 .text.calc_balanceboard_state
                0x8000d054      0x36c c:/devkitPro/libogc/lib/wii\libwiiuse.a(dynamics.o)
                0x8000d054                calc_balanceboard_state
 .text.wiiuse_handshake_expansion
                0x8000d3c0      0x1d4 c:/devkitPro/libogc/lib/wii\libwiiuse.a(io.o)
                0x8000d3c0                wiiuse_handshake_expansion
 .text.wiiuse_handshake
                0x8000d594      0x150 c:/devkitPro/libogc/lib/wii\libwiiuse.a(io.o)
                0x8000d594                wiiuse_handshake
 .text.wiiuse_handshake_expansion_start
                0x8000d6e4       0x24 c:/devkitPro/libogc/lib/wii\libwiiuse.a(io.o)
                0x8000d6e4                wiiuse_handshake_expansion_start
 .text.wiiuse_disable_expansion
                0x8000d708       0xc0 c:/devkitPro/libogc/lib/wii\libwiiuse.a(io.o)
                0x8000d708                wiiuse_disable_expansion
 .text.__wiiuse_disconnected
                0x8000d7c8       0x90 c:/devkitPro/libogc/lib/wii\libwiiuse.a(io_wii.o)
 .text.__wiiuse_receive
                0x8000d858       0x8c c:/devkitPro/libogc/lib/wii\libwiiuse.a(io_wii.o)
 .text.__wiiuse_connected
                0x8000d8e4       0x7c c:/devkitPro/libogc/lib/wii\libwiiuse.a(io_wii.o)
 .text.__wiiuse_sensorbar_enable
                0x8000d960       0x48 c:/devkitPro/libogc/lib/wii\libwiiuse.a(io_wii.o)
                0x8000d960                __wiiuse_sensorbar_enable
 .text.wiiuse_register
                0x8000d9a8       0xa4 c:/devkitPro/libogc/lib/wii\libwiiuse.a(io_wii.o)
                0x8000d9a8                wiiuse_register
 .text.wiiuse_disconnect
                0x8000da4c       0x40 c:/devkitPro/libogc/lib/wii\libwiiuse.a(io_wii.o)
                0x8000da4c                wiiuse_disconnect
 .text.wiiuse_init_cmd_queue
                0x8000da8c       0x84 c:/devkitPro/libogc/lib/wii\libwiiuse.a(io_wii.o)
                0x8000da8c                wiiuse_init_cmd_queue
 .text.wiiuse_io_write
                0x8000db10       0x38 c:/devkitPro/libogc/lib/wii\libwiiuse.a(io_wii.o)
                0x8000db10                wiiuse_io_write
 .text.get_ir_sens.isra.0
                0x8000db48       0xe8 c:/devkitPro/libogc/lib/wii\libwiiuse.a(ir.o)
 .text.rotate_dots
                0x8000dc30      0x110 c:/devkitPro/libogc/lib/wii\libwiiuse.a(ir.o)
 .text.wiiuse_set_ir_mode
                0x8000dd40       0x60 c:/devkitPro/libogc/lib/wii\libwiiuse.a(ir.o)
                0x8000dd40                wiiuse_set_ir_mode
 .text.wiiuse_set_ir
                0x8000dda0      0x190 c:/devkitPro/libogc/lib/wii\libwiiuse.a(ir.o)
                0x8000dda0                wiiuse_set_ir
 .text.wiiuse_set_ir_position
                0x8000df30       0x78 c:/devkitPro/libogc/lib/wii\libwiiuse.a(ir.o)
                0x8000df30                wiiuse_set_ir_position
 .text.wiiuse_set_aspect_ratio
                0x8000dfa8       0x3c c:/devkitPro/libogc/lib/wii\libwiiuse.a(ir.o)
                0x8000dfa8                wiiuse_set_aspect_ratio
 .text.wiiuse_set_ir_sensitivity
                0x8000dfe4       0xf8 c:/devkitPro/libogc/lib/wii\libwiiuse.a(ir.o)
                0x8000dfe4                wiiuse_set_ir_sensitivity
 .text.calculate_basic_ir
                0x8000e0dc       0xfc c:/devkitPro/libogc/lib/wii\libwiiuse.a(ir.o)
                0x8000e0dc                calculate_basic_ir
 .text.calculate_extended_ir
                0x8000e1d8       0x7c c:/devkitPro/libogc/lib/wii\libwiiuse.a(ir.o)
                0x8000e1d8                calculate_extended_ir
 .text.find_sensorbar
                0x8000e254      0x7fc c:/devkitPro/libogc/lib/wii\libwiiuse.a(ir.o)
                0x8000e254                find_sensorbar
 .text.apply_ir_smoothing
                0x8000ea50       0xd4 c:/devkitPro/libogc/lib/wii\libwiiuse.a(ir.o)
                0x8000ea50                apply_ir_smoothing
 .text.calc_yaw
                0x8000eb24       0x54 c:/devkitPro/libogc/lib/wii\libwiiuse.a(ir.o)
                0x8000eb24                calc_yaw
 .text.interpret_ir_data
                0x8000eb78      0x370 c:/devkitPro/libogc/lib/wii\libwiiuse.a(ir.o)
                0x8000eb78                interpret_ir_data
 .text.nunchuk_handshake
                0x8000eee8      0x228 c:/devkitPro/libogc/lib/wii\libwiiuse.a(nunchuk.o)
                0x8000eee8                nunchuk_handshake
 .text.nunchuk_disconnected
                0x8000f110       0x28 c:/devkitPro/libogc/lib/wii\libwiiuse.a(nunchuk.o)
                0x8000f110                nunchuk_disconnected
 .text.nunchuk_event
                0x8000f138       0xe4 c:/devkitPro/libogc/lib/wii\libwiiuse.a(nunchuk.o)
                0x8000f138                nunchuk_event
 .text.wii_board_handshake
                0x8000f21c      0x170 c:/devkitPro/libogc/lib/wii\libwiiuse.a(wiiboard.o)
                0x8000f21c                wii_board_handshake
 .text.wii_board_disconnected
                0x8000f38c       0x28 c:/devkitPro/libogc/lib/wii\libwiiuse.a(wiiboard.o)
                0x8000f38c                wii_board_disconnected
 .text.wii_board_event
                0x8000f3b4       0x54 c:/devkitPro/libogc/lib/wii\libwiiuse.a(wiiboard.o)
                0x8000f3b4                wii_board_event
 .text.wiiuse_send_next_command
                0x8000f408       0x6c c:/devkitPro/libogc/lib/wii\libwiiuse.a(wiiuse.o)
                0x8000f408                wiiuse_send_next_command
 .text.__wiiuse_push_command
                0x8000f474       0x94 c:/devkitPro/libogc/lib/wii\libwiiuse.a(wiiuse.o)
 .text.wiiuse_init
                0x8000f508      0x154 c:/devkitPro/libogc/lib/wii\libwiiuse.a(wiiuse.o)
                0x8000f508                wiiuse_init
 .text.wiiuse_set_flags
                0x8000f65c       0x24 c:/devkitPro/libogc/lib/wii\libwiiuse.a(wiiuse.o)
                0x8000f65c                wiiuse_set_flags
 .text.wiiuse_read_data
                0x8000f680       0x94 c:/devkitPro/libogc/lib/wii\libwiiuse.a(wiiuse.o)
                0x8000f680                wiiuse_read_data
 .text.wiiuse_write_data
                0x8000f714       0xc0 c:/devkitPro/libogc/lib/wii\libwiiuse.a(wiiuse.o)
                0x8000f714                wiiuse_write_data
 .text.wiiuse_sendcmd
                0x8000f7d4       0x90 c:/devkitPro/libogc/lib/wii\libwiiuse.a(wiiuse.o)
                0x8000f7d4                wiiuse_sendcmd
 .text.wiiuse_status
                0x8000f864       0x4c c:/devkitPro/libogc/lib/wii\libwiiuse.a(wiiuse.o)
                0x8000f864                wiiuse_status
 .text.wiiuse_motion_sensing
                0x8000f8b0       0x3c c:/devkitPro/libogc/lib/wii\libwiiuse.a(wiiuse.o)
                0x8000f8b0                wiiuse_motion_sensing
 .text.wiiuse_set_report_type
                0x8000f8ec       0xd0 c:/devkitPro/libogc/lib/wii\libwiiuse.a(wiiuse.o)
                0x8000f8ec                wiiuse_set_report_type
 .text.wiiuse_set_leds
                0x8000f9bc       0x50 c:/devkitPro/libogc/lib/wii\libwiiuse.a(wiiuse.o)
                0x8000f9bc                wiiuse_set_leds
 .text.wiiuse_set_speaker
                0x8000fa0c      0x1e4 c:/devkitPro/libogc/lib/wii\libwiiuse.a(speaker.o)
                0x8000fa0c                wiiuse_set_speaker
 .text.classic_ctrl_handshake
                0x8000fbf0      0x188 c:/devkitPro/libogc/lib/wii\libwiiuse.a(classic.o)
                0x8000fbf0                classic_ctrl_handshake
 .text.classic_ctrl_disconnected
                0x8000fd78       0x28 c:/devkitPro/libogc/lib/wii\libwiiuse.a(classic.o)
                0x8000fd78                classic_ctrl_disconnected
 .text.classic_ctrl_event
                0x8000fda0       0xa4 c:/devkitPro/libogc/lib/wii\libwiiuse.a(classic.o)
                0x8000fda0                classic_ctrl_event
 .text.handle_expansion
                0x8000fe44       0x70 c:/devkitPro/libogc/lib/wii\libwiiuse.a(events.o)
 .text.wiiuse_pressed_buttons
                0x8000feb4       0x2c c:/devkitPro/libogc/lib/wii\libwiiuse.a(events.o)
                0x8000feb4                wiiuse_pressed_buttons
 .text.parse_event
                0x8000fee0      0x540 c:/devkitPro/libogc/lib/wii\libwiiuse.a(events.o)
                0x8000fee0                parse_event
 .text.guitar_hero_3_handshake
                0x80010420       0x68 c:/devkitPro/libogc/lib/wii\libwiiuse.a(guitar_hero_3.o)
                0x80010420                guitar_hero_3_handshake
 .text.guitar_hero_3_disconnected
                0x80010488       0x28 c:/devkitPro/libogc/lib/wii\libwiiuse.a(guitar_hero_3.o)
                0x80010488                guitar_hero_3_disconnected
 .text.guitar_hero_3_event
                0x800104b0       0x68 c:/devkitPro/libogc/lib/wii\libwiiuse.a(guitar_hero_3.o)
                0x800104b0                guitar_hero_3_event
 .text.acl_wlp_completed
                0x80010518        0x8 c:/devkitPro/libogc/lib/wii\libbte.a(bte.o)
                0x80010518                acl_wlp_completed
 .text.__bte_cmdfinish
                0x80010520       0x9c c:/devkitPro/libogc/lib/wii\libbte.a(bte.o)
 .text.bte_hci_initsub_complete
                0x800105bc      0x12c c:/devkitPro/libogc/lib/wii\libbte.a(bte.o)
                0x800105bc                bte_hci_initsub_complete
 .text.bte_hci_initcore_complete2
                0x800106e8       0xf0 c:/devkitPro/libogc/lib/wii\libbte.a(bte.o)
                0x800106e8                bte_hci_initcore_complete2
 .text.bte_hci_patch_complete
                0x800107d8      0x1b0 c:/devkitPro/libogc/lib/wii\libbte.a(bte.o)
                0x800107d8                bte_hci_patch_complete
 .text.bte_hci_apply_patch_complete
                0x80010988       0xa8 c:/devkitPro/libogc/lib/wii\libbte.a(bte.o)
                0x80010988                bte_hci_apply_patch_complete
 .text.bte_hci_initcore_complete
                0x80010a30      0x158 c:/devkitPro/libogc/lib/wii\libbte.a(bte.o)
                0x80010a30                bte_hci_initcore_complete
 .text.__bte_close_ctrl_queue
                0x80010b88       0x80 c:/devkitPro/libogc/lib/wii\libbte.a(bte.o)
 .text.__bte_send_pending_request
                0x80010c08       0xb8 c:/devkitPro/libogc/lib/wii\libbte.a(bte.o)
 .text.l2cap_disconnect_cfm
                0x80010cc0       0xe0 c:/devkitPro/libogc/lib/wii\libbte.a(bte.o)
                0x80010cc0                l2cap_disconnect_cfm
 .text.acl_conn_complete
                0x80010da0       0x2c c:/devkitPro/libogc/lib/wii\libbte.a(bte.o)
                0x80010da0                acl_conn_complete
 .text.__bte_shutdown_finished
                0x80010dcc       0x5c c:/devkitPro/libogc/lib/wii\libbte.a(bte.o)
 .text.bt_alarmhandler
                0x80010e28       0x60 c:/devkitPro/libogc/lib/wii\libbte.a(bte.o)
 .text.bte_read_stored_link_key_complete
                0x80010e88      0x108 c:/devkitPro/libogc/lib/wii\libbte.a(bte.o)
                0x80010e88                bte_read_stored_link_key_complete
 .text.l2cap_accepted
                0x80010f90       0xd8 c:/devkitPro/libogc/lib/wii\libbte.a(bte.o)
                0x80010f90                l2cap_accepted
 .text.l2cap_disconnected_ind
                0x80011068       0xb8 c:/devkitPro/libogc/lib/wii\libbte.a(bte.o)
                0x80011068                l2cap_disconnected_ind
 .text.bte_process_input
                0x80011120       0xf4 c:/devkitPro/libogc/lib/wii\libbte.a(bte.o)
 .text.__bte_waitcmdfinish.constprop.6
                0x80011214       0x78 c:/devkitPro/libogc/lib/wii\libbte.a(bte.o)
 .text.BTE_Init
                0x8001128c      0x108 c:/devkitPro/libogc/lib/wii\libbte.a(bte.o)
                0x8001128c                BTE_Init
 .text.BTE_Shutdown
                0x80011394       0x94 c:/devkitPro/libogc/lib/wii\libbte.a(bte.o)
                0x80011394                BTE_Shutdown
 .text.BTE_InitCore
                0x80011428       0x7c c:/devkitPro/libogc/lib/wii\libbte.a(bte.o)
                0x80011428                BTE_InitCore
 .text.BTE_ApplyPatch
                0x800114a4       0x98 c:/devkitPro/libogc/lib/wii\libbte.a(bte.o)
                0x800114a4                BTE_ApplyPatch
 .text.BTE_InitSub
                0x8001153c       0x80 c:/devkitPro/libogc/lib/wii\libbte.a(bte.o)
                0x8001153c                BTE_InitSub
 .text.BTE_ReadStoredLinkKey
                0x800115bc       0x80 c:/devkitPro/libogc/lib/wii\libbte.a(bte.o)
                0x800115bc                BTE_ReadStoredLinkKey
 .text.BTE_SetDisconnectCallback
                0x8001163c       0x20 c:/devkitPro/libogc/lib/wii\libbte.a(bte.o)
                0x8001163c                BTE_SetDisconnectCallback
 .text.bte_new  0x8001165c       0x4c c:/devkitPro/libogc/lib/wii\libbte.a(bte.o)
                0x8001165c                bte_new
 .text.bte_registerdeviceasync
                0x800116a8      0x124 c:/devkitPro/libogc/lib/wii\libbte.a(bte.o)
                0x800116a8                bte_registerdeviceasync
 .text.bte_disconnect
                0x800117cc       0x9c c:/devkitPro/libogc/lib/wii\libbte.a(bte.o)
                0x800117cc                bte_disconnect
 .text.bte_senddata
                0x80011868       0xb0 c:/devkitPro/libogc/lib/wii\libbte.a(bte.o)
                0x80011868                bte_senddata
 .text.bte_arg  0x80011918       0x3c c:/devkitPro/libogc/lib/wii\libbte.a(bte.o)
                0x80011918                bte_arg
 .text.bte_received
                0x80011954       0x3c c:/devkitPro/libogc/lib/wii\libbte.a(bte.o)
                0x80011954                bte_received
 .text.bte_disconnected
                0x80011990       0x3c c:/devkitPro/libogc/lib/wii\libbte.a(bte.o)
                0x80011990                bte_disconnected
 .text.hci_init
                0x800119cc       0x78 c:/devkitPro/libogc/lib/wii\libbte.a(hci.o)
                0x800119cc                hci_init
 .text.hci_new  0x80011a44       0x3c c:/devkitPro/libogc/lib/wii\libbte.a(hci.o)
                0x80011a44                hci_new
 .text.hci_get_link
                0x80011a80       0x7c c:/devkitPro/libogc/lib/wii\libbte.a(hci.o)
                0x80011a80                hci_get_link
 .text.hci_close
                0x80011afc       0xcc c:/devkitPro/libogc/lib/wii\libbte.a(hci.o)
                0x80011afc                hci_close
 .text.hci_reset_all
                0x80011bc8       0x9c c:/devkitPro/libogc/lib/wii\libbte.a(hci.o)
                0x80011bc8                hci_reset_all
 .text.hci_arg  0x80011c64        0xc c:/devkitPro/libogc/lib/wii\libbte.a(hci.o)
                0x80011c64                hci_arg
 .text.hci_cmd_complete
                0x80011c70        0xc c:/devkitPro/libogc/lib/wii\libbte.a(hci.o)
                0x80011c70                hci_cmd_complete
 .text.hci_connection_complete
                0x80011c7c        0xc c:/devkitPro/libogc/lib/wii\libbte.a(hci.o)
                0x80011c7c                hci_connection_complete
 .text.hci_wlp_complete
                0x80011c88        0xc c:/devkitPro/libogc/lib/wii\libbte.a(hci.o)
                0x80011c88                hci_wlp_complete
 .text.hci_cmd_ass
                0x80011c94       0x48 c:/devkitPro/libogc/lib/wii\libbte.a(hci.o)
                0x80011c94                hci_cmd_ass
 .text.hci_reset
                0x80011cdc       0x64 c:/devkitPro/libogc/lib/wii\libbte.a(hci.o)
                0x80011cdc                hci_reset
 .text.hci_read_buffer_size
                0x80011d40       0x64 c:/devkitPro/libogc/lib/wii\libbte.a(hci.o)
                0x80011d40                hci_read_buffer_size
 .text.hci_read_bd_addr
                0x80011da4       0x64 c:/devkitPro/libogc/lib/wii\libbte.a(hci.o)
                0x80011da4                hci_read_bd_addr
 .text.hci_read_local_version
                0x80011e08       0x64 c:/devkitPro/libogc/lib/wii\libbte.a(hci.o)
                0x80011e08                hci_read_local_version
 .text.hci_read_local_features
                0x80011e6c       0x64 c:/devkitPro/libogc/lib/wii\libbte.a(hci.o)
                0x80011e6c                hci_read_local_features
 .text.hci_read_stored_link_key
                0x80011ed0       0xac c:/devkitPro/libogc/lib/wii\libbte.a(hci.o)
                0x80011ed0                hci_read_stored_link_key
 .text.hci_write_page_timeout
                0x80011f7c       0x7c c:/devkitPro/libogc/lib/wii\libbte.a(hci.o)
                0x80011f7c                hci_write_page_timeout
 .text.hci_write_scan_enable
                0x80011ff8       0x6c c:/devkitPro/libogc/lib/wii\libbte.a(hci.o)
                0x80011ff8                hci_write_scan_enable
 .text.hci_accecpt_conn_request
                0x80012064       0x80 c:/devkitPro/libogc/lib/wii\libbte.a(hci.o)
                0x80012064                hci_accecpt_conn_request
 .text.hci_write_local_name
                0x800120e4       0x80 c:/devkitPro/libogc/lib/wii\libbte.a(hci.o)
                0x800120e4                hci_write_local_name
 .text.hci_write_pin_type
                0x80012164       0x6c c:/devkitPro/libogc/lib/wii\libbte.a(hci.o)
                0x80012164                hci_write_pin_type
 .text.hci_write_inquiry_mode
                0x800121d0       0x6c c:/devkitPro/libogc/lib/wii\libbte.a(hci.o)
                0x800121d0                hci_write_inquiry_mode
 .text.hci_write_page_scan_type
                0x8001223c       0x6c c:/devkitPro/libogc/lib/wii\libbte.a(hci.o)
                0x8001223c                hci_write_page_scan_type
 .text.hci_write_inquiry_scan_type
                0x800122a8       0x6c c:/devkitPro/libogc/lib/wii\libbte.a(hci.o)
                0x800122a8                hci_write_inquiry_scan_type
 .text.hci_vendor_specific_command
                0x80012314       0x8c c:/devkitPro/libogc/lib/wii\libbte.a(hci.o)
                0x80012314                hci_vendor_specific_command
 .text.hci_write_link_policy_settings
                0x800123a0       0xa0 c:/devkitPro/libogc/lib/wii\libbte.a(hci.o)
                0x800123a0                hci_write_link_policy_settings
 .text.hci_pin_code_request_neg_reply
                0x80012440       0x74 c:/devkitPro/libogc/lib/wii\libbte.a(hci.o)
                0x80012440                hci_pin_code_request_neg_reply
 .text.hci_disconnect
                0x800124b4       0x98 c:/devkitPro/libogc/lib/wii\libbte.a(hci.o)
                0x800124b4                hci_disconnect
 .text.hci_write_cod
                0x8001254c       0x78 c:/devkitPro/libogc/lib/wii\libbte.a(hci.o)
                0x8001254c                hci_write_cod
 .text.hci_host_buffer_size
                0x800125c4       0xb4 c:/devkitPro/libogc/lib/wii\libbte.a(hci.o)
                0x800125c4                hci_host_buffer_size
 .text.hci_host_num_comp_packets
                0x80012678       0xac c:/devkitPro/libogc/lib/wii\libbte.a(hci.o)
                0x80012678                hci_host_num_comp_packets
 .text.lp_pdu_maxsize
                0x80012724        0xc c:/devkitPro/libogc/lib/wii\libbte.a(hci.o)
                0x80012724                lp_pdu_maxsize
 .text.lp_acl_write
                0x80012730      0x114 c:/devkitPro/libogc/lib/wii\libbte.a(hci.o)
                0x80012730                lp_acl_write
 .text.lp_write_flush_timeout
                0x80012844       0xa0 c:/devkitPro/libogc/lib/wii\libbte.a(hci.o)
                0x80012844                lp_write_flush_timeout
 .text.hci_event_handler
                0x800128e4      0xa6c c:/devkitPro/libogc/lib/wii\libbte.a(hci.o)
                0x800128e4                hci_event_handler
 .text.hci_acldata_handler
                0x80013350       0xdc c:/devkitPro/libogc/lib/wii\libbte.a(hci.o)
                0x80013350                hci_acldata_handler
 .text.l2cap_cid_alloc
                0x8001342c       0x4c c:/devkitPro/libogc/lib/wii\libbte.a(l2cap.o)
 .text.l2cap_init
                0x80013478       0x60 c:/devkitPro/libogc/lib/wii\libbte.a(l2cap.o)
                0x80013478                l2cap_init
 .text.l2cap_write
                0x800134d8       0xe0 c:/devkitPro/libogc/lib/wii\libbte.a(l2cap.o)
                0x800134d8                l2cap_write
 .text.l2cap_new
                0x800135b8       0x6c c:/devkitPro/libogc/lib/wii\libbte.a(l2cap.o)
                0x800135b8                l2cap_new
 .text.l2cap_close
                0x80013624      0x15c c:/devkitPro/libogc/lib/wii\libbte.a(l2cap.o)
                0x80013624                l2cap_close
 .text.l2cap_reset_all
                0x80013780      0x104 c:/devkitPro/libogc/lib/wii\libbte.a(l2cap.o)
                0x80013780                l2cap_reset_all
 .text.l2cap_rexmit_signal
                0x80013884       0x10 c:/devkitPro/libogc/lib/wii\libbte.a(l2cap.o)
                0x80013884                l2cap_rexmit_signal
 .text.l2ca_datawrite
                0x80013894       0xe8 c:/devkitPro/libogc/lib/wii\libbte.a(l2cap.o)
                0x80013894                l2ca_datawrite
 .text.lp_connect_ind
                0x8001397c        0x4 c:/devkitPro/libogc/lib/wii\libbte.a(l2cap.o)
                0x8001397c                lp_connect_ind
 .text.lp_disconnect_ind
                0x80013980       0xe4 c:/devkitPro/libogc/lib/wii\libbte.a(l2cap.o)
                0x80013980                lp_disconnect_ind
 .text.l2cap_disconnect_bb
                0x80013a64       0x10 c:/devkitPro/libogc/lib/wii\libbte.a(l2cap.o)
                0x80013a64                l2cap_disconnect_bb
 .text.l2cap_next_sigid
                0x80013a74       0x28 c:/devkitPro/libogc/lib/wii\libbte.a(l2cap.o)
                0x80013a74                l2cap_next_sigid
 .text.l2cap_signal
                0x80013a9c      0x184 c:/devkitPro/libogc/lib/wii\libbte.a(l2cap.o)
                0x80013a9c                l2cap_signal
 .text.lp_connect_cfm
                0x80013c20      0x130 c:/devkitPro/libogc/lib/wii\libbte.a(l2cap.o)
                0x80013c20                lp_connect_cfm
 .text.l2ca_disconnect_req
                0x80013d50       0xac c:/devkitPro/libogc/lib/wii\libbte.a(l2cap.o)
                0x80013d50                l2ca_disconnect_req
 .text.l2cap_tmr
                0x80013dfc      0x1e8 c:/devkitPro/libogc/lib/wii\libbte.a(l2cap.o)
                0x80013dfc                l2cap_tmr
 .text.l2ca_config_req
                0x80013fe4      0x108 c:/devkitPro/libogc/lib/wii\libbte.a(l2cap.o)
                0x80013fe4                l2ca_config_req
 .text.l2cap_process_sig
                0x800140ec     0x1078 c:/devkitPro/libogc/lib/wii\libbte.a(l2cap.o)
                0x800140ec                l2cap_process_sig
 .text.l2cap_input
                0x80015164      0x4e8 c:/devkitPro/libogc/lib/wii\libbte.a(l2cap.o)
                0x80015164                l2cap_input
 .text.l2cap_arg
                0x8001564c        0x8 c:/devkitPro/libogc/lib/wii\libbte.a(l2cap.o)
                0x8001564c                l2cap_arg
 .text.l2cap_connect_ind
                0x80015654       0xd8 c:/devkitPro/libogc/lib/wii\libbte.a(l2cap.o)
                0x80015654                l2cap_connect_ind
 .text.l2cap_disconnect_ind
                0x8001572c        0x8 c:/devkitPro/libogc/lib/wii\libbte.a(l2cap.o)
                0x8001572c                l2cap_disconnect_ind
 .text.l2cap_recv
                0x80015734        0x8 c:/devkitPro/libogc/lib/wii\libbte.a(l2cap.o)
                0x80015734                l2cap_recv
 .text.btmemb_init
                0x8001573c       0x40 c:/devkitPro/libogc/lib/wii\libbte.a(btmemb.o)
                0x8001573c                btmemb_init
 .text.btmemb_alloc
                0x8001577c       0x9c c:/devkitPro/libogc/lib/wii\libbte.a(btmemb.o)
                0x8001577c                btmemb_alloc
 .text.btmemb_free
                0x80015818       0xa4 c:/devkitPro/libogc/lib/wii\libbte.a(btmemb.o)
                0x80015818                btmemb_free
 .text.plug_holes
                0x800158bc       0xb8 c:/devkitPro/libogc/lib/wii\libbte.a(btmemr.o)
 .text.btmemr_init
                0x80015974       0x8c c:/devkitPro/libogc/lib/wii\libbte.a(btmemr.o)
                0x80015974                btmemr_init
 .text.btmemr_malloc
                0x80015a00      0x164 c:/devkitPro/libogc/lib/wii\libbte.a(btmemr.o)
                0x80015a00                btmemr_malloc
 .text.btmemr_free
                0x80015b64       0x94 c:/devkitPro/libogc/lib/wii\libbte.a(btmemr.o)
                0x80015b64                btmemr_free
 .text.btmemr_realloc
                0x80015bf8       0xf0 c:/devkitPro/libogc/lib/wii\libbte.a(btmemr.o)
                0x80015bf8                btmemr_realloc
 .text.btpbuf_init
                0x80015ce8       0x2c c:/devkitPro/libogc/lib/wii\libbte.a(btpbuf.o)
                0x80015ce8                btpbuf_init
 .text.btpbuf_free
                0x80015d14       0xc4 c:/devkitPro/libogc/lib/wii\libbte.a(btpbuf.o)
                0x80015d14                btpbuf_free
 .text.btpbuf_alloc
                0x80015dd8      0x1d0 c:/devkitPro/libogc/lib/wii\libbte.a(btpbuf.o)
                0x80015dd8                btpbuf_alloc
 .text.btpbuf_realloc
                0x80015fa8       0xa4 c:/devkitPro/libogc/lib/wii\libbte.a(btpbuf.o)
                0x80015fa8                btpbuf_realloc
 .text.btpbuf_header
                0x8001604c       0x98 c:/devkitPro/libogc/lib/wii\libbte.a(btpbuf.o)
                0x8001604c                btpbuf_header
 .text.btpbuf_ref
                0x800160e4       0x4c c:/devkitPro/libogc/lib/wii\libbte.a(btpbuf.o)
                0x800160e4                btpbuf_ref
 .text.btpbuf_cat
                0x80016130       0x48 c:/devkitPro/libogc/lib/wii\libbte.a(btpbuf.o)
                0x80016130                btpbuf_cat
 .text.btpbuf_chain
                0x80016178       0x34 c:/devkitPro/libogc/lib/wii\libbte.a(btpbuf.o)
                0x80016178                btpbuf_chain
 .text.btpbuf_dechain
                0x800161ac       0x60 c:/devkitPro/libogc/lib/wii\libbte.a(btpbuf.o)
                0x800161ac                btpbuf_dechain
 .text.btpbuf_take
                0x8001620c       0xe8 c:/devkitPro/libogc/lib/wii\libbte.a(btpbuf.o)
                0x8001620c                btpbuf_take
 .text.__usb_closeCB
                0x800162f4       0x10 c:/devkitPro/libogc/lib/wii\libbte.a(physbusif.o)
 .text.__writebulkmsgCB
                0x80016304       0x34 c:/devkitPro/libogc/lib/wii\libbte.a(physbusif.o)
 .text.__writectrlmsgCB
                0x80016338       0x34 c:/devkitPro/libogc/lib/wii\libbte.a(physbusif.o)
 .text.__initUsbIOBuffer
                0x8001636c       0x78 c:/devkitPro/libogc/lib/wii\libbte.a(physbusif.o)
 .text.__issue_intrread.part.0
                0x800163e4       0x7c c:/devkitPro/libogc/lib/wii\libbte.a(physbusif.o)
 .text.__readintrdataCB
                0x80016460       0xf0 c:/devkitPro/libogc/lib/wii\libbte.a(physbusif.o)
 .text.__issue_bulkread.part.2
                0x80016550       0x7c c:/devkitPro/libogc/lib/wii\libbte.a(physbusif.o)
 .text.__readbulkdataCB
                0x800165cc       0xf0 c:/devkitPro/libogc/lib/wii\libbte.a(physbusif.o)
 .text.physbusif_init
                0x800166bc      0x15c c:/devkitPro/libogc/lib/wii\libbte.a(physbusif.o)
                0x800166bc                physbusif_init
 .text.physbusif_close
                0x80016818       0x28 c:/devkitPro/libogc/lib/wii\libbte.a(physbusif.o)
                0x80016818                physbusif_close
 .text.physbusif_shutdown
                0x80016840       0x40 c:/devkitPro/libogc/lib/wii\libbte.a(physbusif.o)
                0x80016840                physbusif_shutdown
 .text.physbusif_reset_all
                0x80016880        0x4 c:/devkitPro/libogc/lib/wii\libbte.a(physbusif.o)
                0x80016880                physbusif_reset_all
 .text.physbusif_output
                0x80016884      0x140 c:/devkitPro/libogc/lib/wii\libbte.a(physbusif.o)
                0x80016884                physbusif_output
 .text.fatMount
                0x800169c4      0x120 c:/devkitPro/libogc/lib/wii\libfat.a(libfat.o)
                0x800169c4                fatMount
 .text.fatMountSimple
                0x80016ae4       0x10 c:/devkitPro/libogc/lib/wii\libfat.a(libfat.o)
                0x80016ae4                fatMountSimple
 .text.fatUnmount
                0x80016af4       0x60 c:/devkitPro/libogc/lib/wii\libfat.a(libfat.o)
                0x80016af4                fatUnmount
 .text.fatInit  0x80016b54      0x19c c:/devkitPro/libogc/lib/wii\libfat.a(libfat.o)
                0x80016b54                fatInit
 .text.fatInitDefault
                0x80016cf0        0xc c:/devkitPro/libogc/lib/wii\libfat.a(libfat.o)
                0x80016cf0                fatInitDefault
 .text.u8array_to_u16
                0x80016cfc       0x18 c:/devkitPro/libogc/lib/wii\libfat.a(partition.o)
 .text.u8array_to_u32
                0x80016d14       0x30 c:/devkitPro/libogc/lib/wii\libfat.a(partition.o)
 .text.u32_to_u8array
                0x80016d44       0x20 c:/devkitPro/libogc/lib/wii\libfat.a(partition.o)
 .text.FindFirstValidPartition_buf
                0x80016d64      0x1ec c:/devkitPro/libogc/lib/wii\libfat.a(partition.o)
                0x80016d64                FindFirstValidPartition_buf
 .text._FAT_partition_getPartitionFromPath
                0x80016f50       0x34 c:/devkitPro/libogc/lib/wii\libfat.a(partition.o)
                0x80016f50                _FAT_partition_getPartitionFromPath
 .text._FAT_partition_createFSinfo
                0x80016f84       0xec c:/devkitPro/libogc/lib/wii\libfat.a(partition.o)
                0x80016f84                _FAT_partition_createFSinfo
 .text._FAT_partition_readFSinfo
                0x80017070       0xe0 c:/devkitPro/libogc/lib/wii\libfat.a(partition.o)
                0x80017070                _FAT_partition_readFSinfo
 .text._FAT_partition_constructor_buf
                0x80017150      0x384 c:/devkitPro/libogc/lib/wii\libfat.a(partition.o)
                0x80017150                _FAT_partition_constructor_buf
 .text._FAT_partition_constructor
                0x800174d4       0x68 c:/devkitPro/libogc/lib/wii\libfat.a(partition.o)
                0x800174d4                _FAT_partition_constructor
 .text._FAT_partition_writeFSinfo
                0x8001753c       0xe8 c:/devkitPro/libogc/lib/wii\libfat.a(partition.o)
                0x8001753c                _FAT_partition_writeFSinfo
 .text._FAT_partition_destructor
                0x80017624       0x68 c:/devkitPro/libogc/lib/wii\libfat.a(partition.o)
                0x80017624                _FAT_partition_destructor
 .text._FAT_cache_getPage
                0x8001768c      0x160 c:/devkitPro/libogc/lib/wii\libfat.a(cache.o)
 .text._FAT_cache_constructor
                0x800177ec       0xd4 c:/devkitPro/libogc/lib/wii\libfat.a(cache.o)
                0x800177ec                _FAT_cache_constructor
 .text._FAT_cache_readSectors
                0x800178c0       0xa0 c:/devkitPro/libogc/lib/wii\libfat.a(cache.o)
                0x800178c0                _FAT_cache_readSectors
 .text._FAT_cache_readPartialSector
                0x80017960       0x80 c:/devkitPro/libogc/lib/wii\libfat.a(cache.o)
                0x80017960                _FAT_cache_readPartialSector
 .text._FAT_cache_readLittleEndianValue
                0x800179e0       0x98 c:/devkitPro/libogc/lib/wii\libfat.a(cache.o)
                0x800179e0                _FAT_cache_readLittleEndianValue
 .text._FAT_cache_writePartialSector
                0x80017a78       0x88 c:/devkitPro/libogc/lib/wii\libfat.a(cache.o)
                0x80017a78                _FAT_cache_writePartialSector
 .text._FAT_cache_writeLittleEndianValue
                0x80017b00       0x84 c:/devkitPro/libogc/lib/wii\libfat.a(cache.o)
                0x80017b00                _FAT_cache_writeLittleEndianValue
 .text._FAT_cache_eraseWritePartialSector
                0x80017b84       0xa0 c:/devkitPro/libogc/lib/wii\libfat.a(cache.o)
                0x80017b84                _FAT_cache_eraseWritePartialSector
 .text._FAT_cache_writeSectors
                0x80017c24       0xa8 c:/devkitPro/libogc/lib/wii\libfat.a(cache.o)
                0x80017c24                _FAT_cache_writeSectors
 .text._FAT_cache_flush
                0x80017ccc       0x8c c:/devkitPro/libogc/lib/wii\libfat.a(cache.o)
                0x80017ccc                _FAT_cache_flush
 .text._FAT_cache_destructor
                0x80017d58       0x58 c:/devkitPro/libogc/lib/wii\libfat.a(cache.o)
                0x80017d58                _FAT_cache_destructor
 .text.u8array_to_u16
                0x80017db0       0x18 c:/devkitPro/libogc/lib/wii\libfat.a(directory.o)
 .text.u16_to_u8array
                0x80017dc8       0x10 c:/devkitPro/libogc/lib/wii\libfat.a(directory.o)
 .text._FAT_directory_entryGetAlias
                0x80017dd8      0x124 c:/devkitPro/libogc/lib/wii\libfat.a(directory.o)
 .text._FAT_directory_mbsncasecmp
                0x80017efc       0xec c:/devkitPro/libogc/lib/wii\libfat.a(directory.o)
 .text._FAT_directory_incrementDirEntryPosition
                0x80017fe8      0x104 c:/devkitPro/libogc/lib/wii\libfat.a(directory.o)
 .text._FAT_fat_clusterToSector
                0x800180ec       0x28 c:/devkitPro/libogc/lib/wii\libfat.a(directory.o)
 .text._FAT_directory_ucs2tombs.constprop.6
                0x80018114       0xf8 c:/devkitPro/libogc/lib/wii\libfat.a(directory.o)
 .text._FAT_directory_entryGetCluster
                0x8001820c       0x54 c:/devkitPro/libogc/lib/wii\libfat.a(directory.o)
                0x8001820c                _FAT_directory_entryGetCluster
 .text._FAT_directory_getNextEntry
                0x80018260      0x294 c:/devkitPro/libogc/lib/wii\libfat.a(directory.o)
                0x80018260                _FAT_directory_getNextEntry
 .text._FAT_directory_getFirstEntry
                0x800184f4       0x28 c:/devkitPro/libogc/lib/wii\libfat.a(directory.o)
                0x800184f4                _FAT_directory_getFirstEntry
 .text._FAT_directory_entryExists
                0x8001851c       0xc4 c:/devkitPro/libogc/lib/wii\libfat.a(directory.o)
 .text._FAT_directory_getRootEntry
                0x800185e0       0xa8 c:/devkitPro/libogc/lib/wii\libfat.a(directory.o)
                0x800185e0                _FAT_directory_getRootEntry
 .text._FAT_directory_entryFromPosition
                0x80018688      0x19c c:/devkitPro/libogc/lib/wii\libfat.a(directory.o)
                0x80018688                _FAT_directory_entryFromPosition
 .text._FAT_directory_entryFromPath
                0x80018824      0x29c c:/devkitPro/libogc/lib/wii\libfat.a(directory.o)
                0x80018824                _FAT_directory_entryFromPath
 .text._FAT_directory_removeEntry
                0x80018ac0       0xf0 c:/devkitPro/libogc/lib/wii\libfat.a(directory.o)
                0x80018ac0                _FAT_directory_removeEntry
 .text._FAT_directory_addEntry
                0x80018bb0      0xa00 c:/devkitPro/libogc/lib/wii\libfat.a(directory.o)
                0x80018bb0                _FAT_directory_addEntry
 .text._FAT_directory_chdir
                0x800195b0       0x60 c:/devkitPro/libogc/lib/wii\libfat.a(directory.o)
                0x800195b0                _FAT_directory_chdir
 .text._FAT_directory_entryStat
                0x80019610      0x174 c:/devkitPro/libogc/lib/wii\libfat.a(directory.o)
                0x80019610                _FAT_directory_entryStat
 .text.get_io_wiisd
                0x80019784        0xc c:/devkitPro/libogc/lib/wii\libfat.a(disc.o)
 .text.get_io_usbstorage
                0x80019790        0xc c:/devkitPro/libogc/lib/wii\libfat.a(disc.o)
 .text.get_io_gcsda
                0x8001979c        0xc c:/devkitPro/libogc/lib/wii\libfat.a(disc.o)
 .text.get_io_gcsdb
                0x800197a8        0xc c:/devkitPro/libogc/lib/wii\libfat.a(disc.o)
 .text.u16_to_u8array
                0x800197b4       0x10 c:/devkitPro/libogc/lib/wii\libfat.a(fatdir.o)
 .text._FAT_lock.isra.4
                0x800197c4       0x20 c:/devkitPro/libogc/lib/wii\libfat.a(fatdir.o)
 .text._FAT_unlock.isra.5
                0x800197e4       0x20 c:/devkitPro/libogc/lib/wii\libfat.a(fatdir.o)
 .text._FAT_stat_r
                0x80019804       0xc4 c:/devkitPro/libogc/lib/wii\libfat.a(fatdir.o)
                0x80019804                _FAT_stat_r
 .text._FAT_link_r
                0x800198c8       0x10 c:/devkitPro/libogc/lib/wii\libfat.a(fatdir.o)
                0x800198c8                _FAT_link_r
 .text._FAT_unlink_r
                0x800198d8      0x1cc c:/devkitPro/libogc/lib/wii\libfat.a(fatdir.o)
                0x800198d8                _FAT_unlink_r
 .text._FAT_chdir_r
                0x80019aa4       0xa0 c:/devkitPro/libogc/lib/wii\libfat.a(fatdir.o)
                0x80019aa4                _FAT_chdir_r
 .text._FAT_rename_r
                0x80019b44      0x238 c:/devkitPro/libogc/lib/wii\libfat.a(fatdir.o)
                0x80019b44                _FAT_rename_r
 .text._FAT_mkdir_r
                0x80019d7c      0x358 c:/devkitPro/libogc/lib/wii\libfat.a(fatdir.o)
                0x80019d7c                _FAT_mkdir_r
 .text._FAT_statvfs_r
                0x8001a0d4       0xe0 c:/devkitPro/libogc/lib/wii\libfat.a(fatdir.o)
                0x8001a0d4                _FAT_statvfs_r
 .text._FAT_diropen_r
                0x8001a1b4      0x10c c:/devkitPro/libogc/lib/wii\libfat.a(fatdir.o)
                0x8001a1b4                _FAT_diropen_r
 .text._FAT_dirreset_r
                0x8001a2c0       0x74 c:/devkitPro/libogc/lib/wii\libfat.a(fatdir.o)
                0x8001a2c0                _FAT_dirreset_r
 .text._FAT_dirnext_r
                0x8001a334       0xc4 c:/devkitPro/libogc/lib/wii\libfat.a(fatdir.o)
                0x8001a334                _FAT_dirnext_r
 .text._FAT_dirclose_r
                0x8001a3f8       0x44 c:/devkitPro/libogc/lib/wii\libfat.a(fatdir.o)
                0x8001a3f8                _FAT_dirclose_r
 .text.u16_to_u8array
                0x8001a43c       0x10 c:/devkitPro/libogc/lib/wii\libfat.a(fatfile.o)
 .text._FAT_fat_clusterToSector
                0x8001a44c       0x28 c:/devkitPro/libogc/lib/wii\libfat.a(fatfile.o)
 .text._FAT_lock.isra.4
                0x8001a474       0x20 c:/devkitPro/libogc/lib/wii\libfat.a(fatfile.o)
 .text._FAT_unlock.isra.5
                0x8001a494       0x20 c:/devkitPro/libogc/lib/wii\libfat.a(fatfile.o)
 .text._FAT_check_position_for_next_cluster.isra.6
                0x8001a4b4       0xf0 c:/devkitPro/libogc/lib/wii\libfat.a(fatfile.o)
 .text._FAT_file_extend_r
                0x8001a5a4      0x2c0 c:/devkitPro/libogc/lib/wii\libfat.a(fatfile.o)
 .text._FAT_open_r
                0x8001a864      0x3f4 c:/devkitPro/libogc/lib/wii\libfat.a(fatfile.o)
                0x8001a864                _FAT_open_r
 .text._FAT_syncToDisc
                0x8001ac58      0x158 c:/devkitPro/libogc/lib/wii\libfat.a(fatfile.o)
                0x8001ac58                _FAT_syncToDisc
 .text._FAT_close_r
                0x8001adb0       0xc0 c:/devkitPro/libogc/lib/wii\libfat.a(fatfile.o)
                0x8001adb0                _FAT_close_r
 .text._FAT_read_r
                0x8001ae70      0x3e4 c:/devkitPro/libogc/lib/wii\libfat.a(fatfile.o)
                0x8001ae70                _FAT_read_r
 .text._FAT_write_r
                0x8001b254      0x564 c:/devkitPro/libogc/lib/wii\libfat.a(fatfile.o)
                0x8001b254                _FAT_write_r
 .text._FAT_seek_r
                0x8001b7b8      0x1f8 c:/devkitPro/libogc/lib/wii\libfat.a(fatfile.o)
                0x8001b7b8                _FAT_seek_r
 .text._FAT_fstat_r
                0x8001b9b0       0xc8 c:/devkitPro/libogc/lib/wii\libfat.a(fatfile.o)
                0x8001b9b0                _FAT_fstat_r
 .text._FAT_ftruncate_r
                0x8001ba78      0x1f0 c:/devkitPro/libogc/lib/wii\libfat.a(fatfile.o)
                0x8001ba78                _FAT_ftruncate_r
 .text._FAT_fsync_r
                0x8001bc68       0x70 c:/devkitPro/libogc/lib/wii\libfat.a(fatfile.o)
                0x8001bc68                _FAT_fsync_r
 .text._FAT_fat_writeFatEntry
                0x8001bcd8      0x1c0 c:/devkitPro/libogc/lib/wii\libfat.a(file_allocation_table.o)
 .text._FAT_fat_nextCluster
                0x8001be98      0x190 c:/devkitPro/libogc/lib/wii\libfat.a(file_allocation_table.o)
                0x8001be98                _FAT_fat_nextCluster
 .text._FAT_fat_linkFreeCluster
                0x8001c028       0xe8 c:/devkitPro/libogc/lib/wii\libfat.a(file_allocation_table.o)
                0x8001c028                _FAT_fat_linkFreeCluster
 .text._FAT_fat_linkFreeClusterCleared
                0x8001c110       0xc0 c:/devkitPro/libogc/lib/wii\libfat.a(file_allocation_table.o)